###############################################################################
#
# IAR ELF Linker V7.40.7.9843/W32 for ARM                 27/Jul/2016  14:17:26
# Copyright 2007-2015 IAR Systems AB.
#
#    Output file  =  
#        Z:\home\cynako\Workspaces\IAR\BluTechDevice_stm32f103_IARexample\EWARM\BluTechDevice_stm32f103_example\Exe\BluTechDevice_stm32f103_example.out
#    Map file     =  
#        Z:\home\cynako\Workspaces\IAR\BluTechDevice_stm32f103_IARexample\EWARM\BluTechDevice_stm32f103_example\List\BluTechDevice_stm32f103_example.map
#    Command line =  
#        Z:\home\cynako\Workspaces\IAR\BluTechDevice_stm32f103_IARexample\EWARM\BluTechDevice_stm32f103_example\Obj\main.o
#        Z:\home\cynako\Workspaces\IAR\BluTechDevice_stm32f103_IARexample\EWARM\BluTechDevice_stm32f103_example\Obj\startup_stm32f103xe.o
#        Z:\home\cynako\Workspaces\IAR\BluTechDevice_stm32f103_IARexample\EWARM\BluTechDevice_stm32f103_example\Obj\stm32f1xx_hal.o
#        Z:\home\cynako\Workspaces\IAR\BluTechDevice_stm32f103_IARexample\EWARM\BluTechDevice_stm32f103_example\Obj\stm32f1xx_hal_adc.o
#        Z:\home\cynako\Workspaces\IAR\BluTechDevice_stm32f103_IARexample\EWARM\BluTechDevice_stm32f103_example\Obj\stm32f1xx_hal_adc_ex.o
#        Z:\home\cynako\Workspaces\IAR\BluTechDevice_stm32f103_IARexample\EWARM\BluTechDevice_stm32f103_example\Obj\stm32f1xx_hal_cortex.o
#        Z:\home\cynako\Workspaces\IAR\BluTechDevice_stm32f103_IARexample\EWARM\BluTechDevice_stm32f103_example\Obj\stm32f1xx_hal_dma.o
#        Z:\home\cynako\Workspaces\IAR\BluTechDevice_stm32f103_IARexample\EWARM\BluTechDevice_stm32f103_example\Obj\stm32f1xx_hal_flash.o
#        Z:\home\cynako\Workspaces\IAR\BluTechDevice_stm32f103_IARexample\EWARM\BluTechDevice_stm32f103_example\Obj\stm32f1xx_hal_flash_ex.o
#        Z:\home\cynako\Workspaces\IAR\BluTechDevice_stm32f103_IARexample\EWARM\BluTechDevice_stm32f103_example\Obj\stm32f1xx_hal_gpio.o
#        Z:\home\cynako\Workspaces\IAR\BluTechDevice_stm32f103_IARexample\EWARM\BluTechDevice_stm32f103_example\Obj\stm32f1xx_hal_gpio_ex.o
#        Z:\home\cynako\Workspaces\IAR\BluTechDevice_stm32f103_IARexample\EWARM\BluTechDevice_stm32f103_example\Obj\stm32f1xx_hal_msp.o
#        Z:\home\cynako\Workspaces\IAR\BluTechDevice_stm32f103_IARexample\EWARM\BluTechDevice_stm32f103_example\Obj\stm32f1xx_hal_pwr.o
#        Z:\home\cynako\Workspaces\IAR\BluTechDevice_stm32f103_IARexample\EWARM\BluTechDevice_stm32f103_example\Obj\stm32f1xx_hal_rcc.o
#        Z:\home\cynako\Workspaces\IAR\BluTechDevice_stm32f103_IARexample\EWARM\BluTechDevice_stm32f103_example\Obj\stm32f1xx_hal_rcc_ex.o
#        Z:\home\cynako\Workspaces\IAR\BluTechDevice_stm32f103_IARexample\EWARM\BluTechDevice_stm32f103_example\Obj\stm32f1xx_hal_tim.o
#        Z:\home\cynako\Workspaces\IAR\BluTechDevice_stm32f103_IARexample\EWARM\BluTechDevice_stm32f103_example\Obj\stm32f1xx_hal_tim_ex.o
#        Z:\home\cynako\Workspaces\IAR\BluTechDevice_stm32f103_IARexample\EWARM\BluTechDevice_stm32f103_example\Obj\stm32f1xx_hal_uart.o
#        Z:\home\cynako\Workspaces\IAR\BluTechDevice_stm32f103_IARexample\EWARM\BluTechDevice_stm32f103_example\Obj\stm32f1xx_it.o
#        Z:\home\cynako\Workspaces\IAR\BluTechDevice_stm32f103_IARexample\EWARM\BluTechDevice_stm32f103_example\Obj\stm32fxxx_hal_BTDevice.o
#        Z:\home\cynako\Workspaces\IAR\BluTechDevice_stm32f103_IARexample\EWARM\BluTechDevice_stm32f103_example\Obj\system_stm32f1xx.o
#        --redirect _Printf=_PrintfFull --redirect _Scanf=_ScanfFull -o
#        Z:\home\cynako\Workspaces\IAR\BluTechDevice_stm32f103_IARexample\EWARM\BluTechDevice_stm32f103_example\Exe\BluTechDevice_stm32f103_example.out
#        --map
#        Z:\home\cynako\Workspaces\IAR\BluTechDevice_stm32f103_IARexample\EWARM\BluTechDevice_stm32f103_example\List\BluTechDevice_stm32f103_example.map
#        --config
#        Z:\home\cynako\Workspaces\IAR\BluTechDevice_stm32f103_IARexample\EWARM/stm32f103xe_flash.icf
#        --semihosting --entry __iar_program_start --vfe
#
###############################################################################

*******************************************************************************
*** RUNTIME MODEL ATTRIBUTES
***

CppFlavor                     = *
__Heap_Handler                = DLMalloc
__SystemLibrary               = DLib
__dlib_dynamic_initialization = normal


*******************************************************************************
*** PLACEMENT SUMMARY
***

"A1":  place at 0x08000000 { ro section .intvec };
"P1":  place in [from 0x08000000 to 0x0807ffff] { ro };
"P2":  place in [from 0x20000000 to 0x2000ffff] { rw, block CSTACK, block HEAP };

  Section             Kind        Address    Size  Object
  -------             ----        -------    ----  ------
"A1":                                       0x130
  .intvec             ro code  0x08000000   0x130  startup_stm32f103xe.o [1]
                             - 0x08000130   0x130

"P1":                                      0x802e
  .text               ro code  0x08000130  0x14f0  dlmalloc.o [3]
  .text               ro code  0x08001620     0x6  abort.o [3]
  .text               ro code  0x08001626    0x1e  xsscin.o [3]
  .text               ro code  0x08001644    0x2c  xgetmemchunk.o [3]
  .text               ro code  0x08001670    0x14  exit.o [6]
  .text               ro code  0x08001684  0x1152  xprintffull.o [3]
  .text               ro code  0x080027d6    0x20  xmbtowc.o [3]
  .text               ro code  0x080027f6     0xa  xsprout.o [3]
  .text               ro code  0x08002800    0x16  strchr.o [5]
  .text               ro code  0x08002818    0x36  strlen.o [5]
  .text               ro code  0x08002850    0x58  memchr.o [5]
  .text               ro code  0x080028a8     0xa  xmbcurmax.o [3]
  .text               ro code  0x080028b2    0x1a  xwctomb.o [3]
  .text               ro code  0x080028cc    0x76  ABImemcpy_unaligned.o [5]
  .text               ro code  0x08002944    0xee  I64DivMod.o [5]
  .text               ro code  0x08002a32    0x42  xdnorm.o [4]
  .text               ro code  0x08002a74    0x2e  DblCmpLe.o [4]
  .text               ro code  0x08002aa4    0x2e  DblCmpGe.o [4]
  .text               ro code  0x08002ad4   0x10c  xdscale.o [4]
  .text               ro code  0x08002be0    0x58  DblToI32.o [4]
  .text               ro code  0x08002c38    0x30  I32ToDbl.o [4]
  .text               ro code  0x08002c68   0x180  DblSub.o [4]
  .text               ro code  0x08002de8   0x1a2  DblMul.o [4]
  .text               ro code  0x08002f8c   0x256  DblDiv.o [4]
  .text               ro code  0x080031e4    0x6c  localeconv.o [3]
  .text               ro code  0x08003250     0xe  div.o [3]
  .text               ro code  0x08003260    0x24  setlocale.o [3]
  .text               ro code  0x08003284    0x60  xencoding_sb.o [3]
  .text               ro code  0x080032e4     0x2  I64DivZer.o [5]
  .text               ro code  0x080032e8    0xe8  DblAdd.o [4]
  .text               ro code  0x080033d0     0x2  xtls.o [3]
  .text               ro code  0x080033d4   0xcc8  xscanffull.o [3]
  .text               ro code  0x0800409c    0x40  xwctob.o [3]
  .text               ro code  0x080040dc    0x28  isxxx.o [3]
  .text               ro code  0x08004104    0xa4  xstoll.o [3]
  .text               ro code  0x080041a8   0x1b0  xstoull.o [3]
  .text               ro code  0x08004358   0x14c  xstold.o [4]
  .text               ro code  0x080044a4    0x90  DblToFlt.o [4]
  .text               ro code  0x08004534    0x16  xlocale_c.o [3]
  .text               ro code  0x0800454a    0x14  xlocale_c.o [3]
  .text               ro code  0x08004560     0xc  errno.o [3]
  .text               ro code  0x0800456c    0x14  tolower.o [3]
  .text               ro code  0x08004580   0x124  xstopfx.o [3]
  .text               ro code  0x080046a4   0x1b8  xstoflt.o [3]
  .text               ro code  0x0800485c    0x5c  system_stm32f1xx.o [1]
  .text               ro code  0x080048b8   0x200  xdtento.o [4]
  .text               ro code  0x08004ab8   0x218  xstoxflt.o [3]
  .text               ro code  0x08004cd0     0xc  xlocale_c.o [3]
  .text               ro code  0x08004cdc    0x20  DblCmpEq.o [4]
  .text               ro code  0x08004cfc    0x52  xdunscal.o [4]
  .text               ro code  0x08004d50   0xac8  stm32fxxx_hal_BTDevice.o [1]
  .text               ro code  0x08005818   0x4c0  stm32f1xx_hal_uart.o [1]
  .text               ro code  0x08005cd8     0x6  ABImemclr4.o [5]
  .text               ro code  0x08005ce0    0x24  sscanf.o [3]
  .text               ro code  0x08005d04    0x42  strcmp_unaligned.o [5]
  .text               ro code  0x08005d46    0x16  vla_alloc.o [3]
  .text               ro code  0x08005d5c     0x6  ABImemclr.o [5]
  .text               ro code  0x08005d64    0x34  sprintf.o [3]
  .text               ro code  0x08005d98    0x1c  strcat.o [3]
  .text               ro code  0x08005db4    0x18  strdup.o [3]
  .text               ro code  0x08005dcc   0x1d8  stm32f1xx_hal_msp.o [1]
  .text               ro code  0x08005fa4    0x74  stm32f1xx_hal.o [1]
  .text               ro code  0x08006018   0x360  main.o [1]
  .text               ro code  0x08006378   0x4a2  stm32f1xx_hal_rcc.o [1]
  .text               ro code  0x0800681c    0x32  ABImemset48.o [5]
  .text               ro code  0x08006850    0x5e  ABImemset.o [5]
  .text               ro code  0x080068b0    0x44  strcpy_unaligned.o [5]
  .text               ro code  0x080068f4    0xe2  stm32f1xx_hal_cortex.o [1]
  .text               ro code  0x080069d8   0x1c4  stm32f1xx_hal_gpio.o [1]
  .text               ro code  0x08006b9c   0x556  stm32f1xx_hal_adc.o [1]
  .text               ro code  0x080070f4   0x36a  stm32f1xx_hal_tim.o [1]
  .text               ro code  0x08007460    0x50  stm32f1xx_hal_tim_ex.o [1]
  .text               ro code  0x080074b0    0x24  FltToU32.o [4]
  .text               ro code  0x080074d4    0x1e  I32ToFlt.o [4]
  .text               ro code  0x080074f4    0xd8  FltMul.o [4]
  .text               ro code  0x080075cc    0xfc  FltDiv.o [4]
  .text               ro code  0x080076c8    0x84  FltAdd.o [4]
  .text               ro code  0x0800774c   0x1ae  stm32f1xx_hal_rcc_ex.o [1]
  .text               ro code  0x080078fc    0xd6  FltSub.o [4]
  .rodata             const    0x080079d4   0x3c4  stm32fxxx_hal_BTDevice.o [1]
  .text               ro code  0x08007d98    0xd0  packbits_init.o [5]
  .text               ro code  0x08007e68    0x48  stm32f1xx_it.o [1]
  .text               ro code  0x08007eb0    0x40  zero_init3.o [5]
  .text               ro code  0x08007ef0    0x28  data_init.o [5]
  .iar.init_table     const    0x08007f18    0x2c  - Linker created -
  .text               ro code  0x08007f44    0x1a  cmain.o [5]
  .text               ro code  0x08007f5e     0x4  low_level_init.o [3]
  .text               ro code  0x08007f62     0x4  exit.o [3]
  .text               ro code  0x08007f68     0xa  cexit.o [5]
  .text               ro code  0x08007f74    0x10  startup_stm32f103xe.o [1]
  .text               ro code  0x08007f84     0xc  cstartup_M.o [5]
  .rodata             const    0x08007f90     0x8  system_stm32f1xx.o [1]
  .text               ro code  0x08007f98     0x4  startup_stm32f103xe.o [1]
  .text               ro code  0x08007f9c     0x4  startup_stm32f103xe.o [1]
  .text               ro code  0x08007fa0     0x4  startup_stm32f103xe.o [1]
  .text               ro code  0x08007fa4     0x4  startup_stm32f103xe.o [1]
  .text               ro code  0x08007fa8     0x4  startup_stm32f103xe.o [1]
  .text               ro code  0x08007fac     0x4  startup_stm32f103xe.o [1]
  .text               ro code  0x08007fb0     0x4  startup_stm32f103xe.o [1]
  .text               ro code  0x08007fb4     0x4  startup_stm32f103xe.o [1]
  .text               ro code  0x08007fb8     0x4  startup_stm32f103xe.o [1]
  .text               ro code  0x08007fbc     0x4  startup_stm32f103xe.o [1]
  .text               ro code  0x08007fc0     0x4  startup_stm32f103xe.o [1]
  .text               ro code  0x08007fc4     0x4  startup_stm32f103xe.o [1]
  .text               ro code  0x08007fc8     0x4  startup_stm32f103xe.o [1]
  .text               ro code  0x08007fcc     0x4  startup_stm32f103xe.o [1]
  .text               ro code  0x08007fd0     0x4  startup_stm32f103xe.o [1]
  .text               ro code  0x08007fd4     0x4  startup_stm32f103xe.o [1]
  .text               ro code  0x08007fd8     0x4  startup_stm32f103xe.o [1]
  .text               ro code  0x08007fdc     0x4  startup_stm32f103xe.o [1]
  .text               ro code  0x08007fe0     0x4  startup_stm32f103xe.o [1]
  .text               ro code  0x08007fe4     0x4  startup_stm32f103xe.o [1]
  .text               ro code  0x08007fe8     0x4  startup_stm32f103xe.o [1]
  .text               ro code  0x08007fec     0x4  startup_stm32f103xe.o [1]
  .text               ro code  0x08007ff0     0x4  startup_stm32f103xe.o [1]
  .text               ro code  0x08007ff4     0x4  startup_stm32f103xe.o [1]
  .text               ro code  0x08007ff8     0x4  startup_stm32f103xe.o [1]
  .text               ro code  0x08007ffc     0x4  startup_stm32f103xe.o [1]
  .text               ro code  0x08008000     0x4  startup_stm32f103xe.o [1]
  .text               ro code  0x08008004     0x4  startup_stm32f103xe.o [1]
  .text               ro code  0x08008008     0x4  startup_stm32f103xe.o [1]
  .text               ro code  0x0800800c     0x4  startup_stm32f103xe.o [1]
  .text               ro code  0x08008010     0x4  startup_stm32f103xe.o [1]
  .text               ro code  0x08008014     0x4  startup_stm32f103xe.o [1]
  .text               ro code  0x08008018     0x4  startup_stm32f103xe.o [1]
  .text               ro code  0x0800801c     0x4  startup_stm32f103xe.o [1]
  .text               ro code  0x08008020     0x4  startup_stm32f103xe.o [1]
  .text               ro code  0x08008024     0x4  startup_stm32f103xe.o [1]
  .text               ro code  0x08008028     0x4  startup_stm32f103xe.o [1]
  .text               ro code  0x0800802c     0x4  startup_stm32f103xe.o [1]
  .text               ro code  0x08008030     0x4  startup_stm32f103xe.o [1]
  .text               ro code  0x08008034     0x4  startup_stm32f103xe.o [1]
  .text               ro code  0x08008038     0x4  startup_stm32f103xe.o [1]
  .text               ro code  0x0800803c     0x4  startup_stm32f103xe.o [1]
  .text               ro code  0x08008040     0x4  startup_stm32f103xe.o [1]
  .text               ro code  0x08008044     0x4  startup_stm32f103xe.o [1]
  .text               ro code  0x08008048     0x4  startup_stm32f103xe.o [1]
  .text               ro code  0x0800804c     0x4  startup_stm32f103xe.o [1]
  .text               ro code  0x08008050     0x4  startup_stm32f103xe.o [1]
  .text               ro code  0x08008054     0x4  startup_stm32f103xe.o [1]
  .text               ro code  0x08008058     0x4  startup_stm32f103xe.o [1]
  .text               ro code  0x0800805c     0x4  startup_stm32f103xe.o [1]
  .text               ro code  0x08008060     0x4  startup_stm32f103xe.o [1]
  .text               ro code  0x08008064     0x4  startup_stm32f103xe.o [1]
  .text               ro code  0x08008068     0x4  startup_stm32f103xe.o [1]
  .text               ro code  0x0800806c     0x4  startup_stm32f103xe.o [1]
  .text               ro code  0x08008070     0x4  startup_stm32f103xe.o [1]
  .text               ro code  0x08008074     0x4  startup_stm32f103xe.o [1]
  .rodata             const    0x08008078     0x0  zero_init3.o [5]
  .rodata             const    0x08008078     0x0  packbits_init.o [5]
  Initializer bytes   const    0x08008078    0xe6  <for P2 s0>
                             - 0x0800815e  0x802e

"P2":                                       0xdb8
  P2 s0                        0x20000000   0x28c  <Init block>
    .data             inited   0x20000000   0x188  stm32fxxx_hal_BTDevice.o [1]
    __DLIB_PERTHREAD  inited   0x20000188    0x88  localeconv.o [3]
    __DLIB_PERTHREAD  inited   0x20000210    0x74  setlocale.o [3]
    .data             inited   0x20000284     0x4  system_stm32f1xx.o [1]
    __DLIB_PERTHREAD  inited   0x20000288     0x4  errno.o [3]
  .bss                zero     0x2000028c   0x1d8  dlmalloc.o [3]
  .bss                zero     0x20000464   0x104  stm32fxxx_hal_BTDevice.o [1]
  .bss                zero     0x20000568   0x100  main.o [1]
  .bss                zero     0x20000668    0xb8  main.o [1]
  .bss                zero     0x20000720    0x75  main.o [1]
  .bss                zero     0x20000798    0x18  dlmalloc.o [3]
  .bss                zero     0x200007b0     0x4  stm32f1xx_hal.o [1]
  .bss                zero     0x200007b4     0x4  xgetmemchunk.o [3]
  CSTACK                       0x200007b8   0x400  <Block>
    CSTACK            uninit   0x200007b8   0x400  <Block tail>
  HEAP                         0x20000bb8   0x200  <Block>
    HEAP              uninit   0x20000bb8   0x200  <Block tail>
                             - 0x20000db8   0xdb8


*******************************************************************************
*** INIT TABLE
***

          Address     Size
          -------     ----
Zero (__iar_zero_init3)
    1 destination range, total size 0x52c:
          0x2000028c  0x52c

Copy/packbits (__iar_packbits_init3)
    1 source range, total size 0xe6 (35% of destination):
          0x08008078   0xe6
    1 destination range, total size 0x28c:
          0x20000000  0x28c



*******************************************************************************
*** MODULE SUMMARY
***

    Module                    ro code  ro data  rw data
    ------                    -------  -------  -------
Z:\home\cynako\Workspaces\IAR\BluTechDevice_stm32f103_IARexample\EWARM\BluTechDevice_stm32f103_example\Obj: [1]
    main.o                        864               557
    startup_stm32f103xe.o         544
    stm32f1xx_hal.o               116                 4
    stm32f1xx_hal_adc.o         1 366
    stm32f1xx_hal_cortex.o        226
    stm32f1xx_hal_gpio.o          452
    stm32f1xx_hal_msp.o           472
    stm32f1xx_hal_rcc.o         1 186
    stm32f1xx_hal_rcc_ex.o        430
    stm32f1xx_hal_tim.o           874
    stm32f1xx_hal_tim_ex.o         80
    stm32f1xx_hal_uart.o        1 216
    stm32f1xx_it.o                 72
    stm32fxxx_hal_BTDevice.o    2 760    1 102      652
    system_stm32f1xx.o             92        9        4
    ---------------------------------------------------
    Total:                     10 750    1 111    1 217

command line: [2]
    ---------------------------------------------------
    Total:

dl7M_tlf.a: [3]
    abort.o                         6
    div.o                          14
    dlmalloc.o                  5 360               496
    errno.o                        12        2        4
    exit.o                          4
    isxxx.o                        40
    localeconv.o                  108       48      136
    low_level_init.o                4
    setlocale.o                    36       41      116
    sprintf.o                      52
    sscanf.o                       36
    strcat.o                       28
    strdup.o                       24
    tolower.o                      20
    vla_alloc.o                    22
    xencoding_sb.o                 96
    xgetmemchunk.o                 44                 4
    xlocale_c.o                    54
    xmbcurmax.o                    10
    xmbtowc.o                      32
    xprintffull.o               4 434
    xscanffull.o                3 272
    xsprout.o                      10
    xsscin.o                       30
    xstoflt.o                     440
    xstoll.o                      164
    xstopfx.o                     292
    xstoull.o                     432
    xstoxflt.o                    536
    xtls.o                          2
    xwctob.o                       64
    xwctomb.o                      26
    ---------------------------------------------------
    Total:                     15 704       91      756

m7M_tl.a: [4]
    DblAdd.o                      232
    DblCmpEq.o                     32
    DblCmpGe.o                     46
    DblCmpLe.o                     46
    DblDiv.o                      598
    DblMul.o                      418
    DblSub.o                      384
    DblToFlt.o                    144
    DblToI32.o                     88
    FltAdd.o                      132
    FltDiv.o                      252
    FltMul.o                      216
    FltSub.o                      214
    FltToU32.o                     36
    I32ToDbl.o                     48
    I32ToFlt.o                     30
    xdnorm.o                       66
    xdscale.o                     268
    xdtento.o                     512
    xdunscal.o                     82
    xstold.o                      332
    ---------------------------------------------------
    Total:                      4 176

rt7M_tl.a: [5]
    ABImemclr.o                     6
    ABImemclr4.o                    6
    ABImemcpy_unaligned.o         118
    ABImemset.o                    94
    ABImemset48.o                  50
    I64DivMod.o                   238
    I64DivZer.o                     2
    cexit.o                        10
    cmain.o                        26
    cstartup_M.o                   12
    data_init.o                    40
    memchr.o                       88
    packbits_init.o               208
    strchr.o                       22
    strcmp_unaligned.o             66
    strcpy_unaligned.o             68
    strlen.o                       54
    zero_init3.o                   64
    ---------------------------------------------------
    Total:                      1 172

shb_l.a: [6]
    exit.o                         20
    ---------------------------------------------------
    Total:                         20

    Gaps                           48        2        3
    Linker created                          44    1 536
-------------------------------------------------------
    Grand Total:               31 870    1 248    3 512


*******************************************************************************
*** ENTRY LIST
***

Entry                      Address   Size  Type      Object
-----                      -------   ----  ----      ------
.iar.init_table$$Base   0x08007f18          --   Gb  - Linker created -
.iar.init_table$$Limit  0x08007f44          --   Gb  - Linker created -
?main                   0x08007f45         Code  Gb  cmain.o [5]
ADC_ConversionStop_Disable
                        0x080070a1   0x44  Code  Gb  stm32f1xx_hal_adc.o [1]
ADC_Enable              0x08006ffd   0x68  Code  Gb  stm32f1xx_hal_adc.o [1]
AHBPrescTable           0x080048a8   0x10  Data  Gb  system_stm32f1xx.o [1]
APBPrescTable           0x08007f90    0x8  Data  Gb  system_stm32f1xx.o [1]
BTDevice_deviceUartCallback
                        0x08005185   0xfe  Code  Gb  stm32fxxx_hal_BTDevice.o [1]
BTDevice_displayMenu    0x08005183    0x2  Code  Gb  stm32fxxx_hal_BTDevice.o [1]
BTDevice_init           0x0800529d   0x14  Code  Gb  stm32fxxx_hal_BTDevice.o [1]
BTDevice_readInputBuffer
                        0x080052b1   0x98  Code  Gb  stm32fxxx_hal_BTDevice.o [1]
BTDevice_sendData       0x08005349   0x34  Code  Gb  stm32fxxx_hal_BTDevice.o [1]
BTDevice_timerCallback  0x0800537d   0x20  Code  Gb  stm32fxxx_hal_BTDevice.o [1]
BusFault_Handler        0x08007e6f    0x2  Code  Gb  stm32f1xx_it.o [1]
CSTACK$$Base            0x200007b8          --   Gb  - Linker created -
CSTACK$$Limit           0x20000bb8          --   Gb  - Linker created -
DebugMon_Handler        0x08007e75    0x2  Code  Gb  stm32f1xx_it.o [1]
HAL_ADC_ConfigChannel   0x08006f03   0xe2  Code  Gb  stm32f1xx_hal_adc.o [1]
HAL_ADC_GetValue        0x08006efd    0x6  Code  Gb  stm32f1xx_hal_adc.o [1]
HAL_ADC_Init            0x08006b9d  0x110  Code  Gb  stm32f1xx_hal_adc.o [1]
HAL_ADC_MspInit         0x08005e4d   0x22  Code  Gb  stm32f1xx_hal_msp.o [1]
HAL_ADC_PollForConversion
                        0x08006d1b  0x13a  Code  Gb  stm32f1xx_hal_adc.o [1]
HAL_ADC_Start           0x08006cad   0x4a  Code  Gb  stm32f1xx_hal_adc.o [1]
HAL_ADC_Stop            0x08006cf7   0x24  Code  Gb  stm32f1xx_hal_adc.o [1]
HAL_Delay               0x08005ff9   0x18  Code  Wk  stm32f1xx_hal.o [1]
HAL_GPIO_Init           0x080069d9  0x188  Code  Gb  stm32f1xx_hal_gpio.o [1]
HAL_GetTick             0x08005ff3    0x6  Code  Wk  stm32f1xx_hal.o [1]
HAL_IncTick             0x08005fe9    0xa  Code  Wk  stm32f1xx_hal.o [1]
HAL_Init                0x08005fa5   0x20  Code  Gb  stm32f1xx_hal.o [1]
HAL_InitTick            0x08005fc5   0x24  Code  Wk  stm32f1xx_hal.o [1]
HAL_MspInit             0x08005dcd   0x80  Code  Gb  stm32f1xx_hal_msp.o [1]
HAL_NVIC_EnableIRQ      0x08006963    0xc  Code  Gb  stm32f1xx_hal_cortex.o [1]
HAL_NVIC_SetPriority    0x08006929   0x3a  Code  Gb  stm32f1xx_hal_cortex.o [1]
HAL_NVIC_SetPriorityGrouping
                        0x0800690f   0x1a  Code  Gb  stm32f1xx_hal_cortex.o [1]
HAL_RCCEx_GetPeriphCLKFreq
                        0x08007809   0xc8  Code  Gb  stm32f1xx_hal_rcc_ex.o [1]
HAL_RCCEx_PeriphCLKConfig
                        0x0800774d   0xbc  Code  Gb  stm32f1xx_hal_rcc_ex.o [1]
HAL_RCC_ClockConfig     0x08006639  0x112  Code  Gb  stm32f1xx_hal_rcc.o [1]
HAL_RCC_GetHCLKFreq     0x080067b1    0x6  Code  Gb  stm32f1xx_hal_rcc.o [1]
HAL_RCC_GetPCLK1Freq    0x080067b7   0x10  Code  Gb  stm32f1xx_hal_rcc.o [1]
HAL_RCC_GetPCLK2Freq    0x080067c7    0xe  Code  Gb  stm32f1xx_hal_rcc.o [1]
HAL_RCC_GetSysClockFreq
                        0x0800675f   0x52  Code  Gb  stm32f1xx_hal_rcc.o [1]
HAL_RCC_OscConfig       0x08006379  0x2ae  Code  Gb  stm32f1xx_hal_rcc.o [1]
HAL_SYSTICK_CLKSourceConfig
                        0x0800699f   0x14  Code  Gb  stm32f1xx_hal_cortex.o [1]
HAL_SYSTICK_Callback    0x080069d5    0x2  Code  Wk  stm32f1xx_hal_cortex.o [1]
HAL_SYSTICK_Config      0x08006977   0x28  Code  Gb  stm32f1xx_hal_cortex.o [1]
HAL_SYSTICK_IRQHandler  0x080069cd    0x8  Code  Gb  stm32f1xx_hal_cortex.o [1]
HAL_TIMEx_BreakCallback
                        0x080074ad    0x2  Code  Wk  stm32f1xx_hal_tim_ex.o [1]
HAL_TIMEx_CommutationCallback
                        0x080074ab    0x2  Code  Wk  stm32f1xx_hal_tim_ex.o [1]
HAL_TIMEx_MasterConfigSynchronization
                        0x08007461   0x4a  Code  Gb  stm32f1xx_hal_tim_ex.o [1]
HAL_TIM_Base_Init       0x080070f5   0x1a  Code  Gb  stm32f1xx_hal_tim.o [1]
HAL_TIM_Base_MspInit    0x08005e6f   0x5a  Code  Gb  stm32f1xx_hal_msp.o [1]
HAL_TIM_Base_Start_IT   0x0800710f   0x16  Code  Gb  stm32f1xx_hal_tim.o [1]
HAL_TIM_ConfigClockSource
                        0x08007295   0xa8  Code  Gb  stm32f1xx_hal_tim.o [1]
HAL_TIM_IC_CaptureCallback
                        0x08007367    0x2  Code  Wk  stm32f1xx_hal_tim.o [1]
HAL_TIM_IRQHandler      0x08007141  0x14a  Code  Gb  stm32f1xx_hal_tim.o [1]
HAL_TIM_OC_DelayElapsedCallback
                        0x08007365    0x2  Code  Wk  stm32f1xx_hal_tim.o [1]
HAL_TIM_PWM_PulseFinishedCallback
                        0x08007369    0x2  Code  Wk  stm32f1xx_hal_tim.o [1]
HAL_TIM_PeriodElapsedCallback
                        0x080061ad   0x42  Code  Gb  main.o [1]
HAL_TIM_TriggerCallback
                        0x0800736b    0x2  Code  Wk  stm32f1xx_hal_tim.o [1]
HAL_UART_ErrorCallback  0x08005ab7    0x2  Code  Wk  stm32f1xx_hal_uart.o [1]
HAL_UART_IRQHandler     0x080059ad  0x108  Code  Gb  stm32f1xx_hal_uart.o [1]
HAL_UART_Init           0x08005819   0x26  Code  Gb  stm32f1xx_hal_uart.o [1]
HAL_UART_MspInit        0x08005ec9   0xaa  Code  Gb  stm32f1xx_hal_msp.o [1]
HAL_UART_Receive_IT     0x08005945   0x62  Code  Gb  stm32f1xx_hal_uart.o [1]
HAL_UART_RxCpltCallback
                        0x080061ef   0x38  Code  Gb  main.o [1]
HAL_UART_Transmit       0x0800588b   0x90  Code  Gb  stm32f1xx_hal_uart.o [1]
HAL_UART_TxCpltCallback
                        0x08005ab5    0x2  Code  Wk  stm32f1xx_hal_uart.o [1]
HEAP$$Base              0x20000bb8          --   Gb  - Linker created -
HEAP$$Limit             0x20000db8          --   Gb  - Linker created -
HardFault_Handler       0x08007e6b    0x2  Code  Gb  stm32f1xx_it.o [1]
InStream_Read           0x08007d99   0x22  Code  Lc  packbits_init.o [5]
LoadInt                 0x08001cb9   0x6e  Code  Lc  xprintffull.o [3]
MemManage_Handler       0x08007e6d    0x2  Code  Gb  stm32f1xx_it.o [1]
NMI_Handler             0x08007e69    0x2  Code  Gb  stm32f1xx_it.o [1]
NVIC_SetPriority        0x080068f5   0x1a  Code  Lc  stm32f1xx_hal_cortex.o [1]
PendSV_Handler          0x08007e77    0x2  Code  Gb  stm32f1xx_it.o [1]
Region$$Table$$Base     0x08007f18          --   Gb  - Linker created -
Region$$Table$$Limit    0x08007f44          --   Gb  - Linker created -
SVC_Handler             0x08007e73    0x2  Code  Gb  stm32f1xx_it.o [1]
SysTick_Handler         0x08007e79    0xe  Code  Gb  stm32f1xx_it.o [1]
SystemClock_Config      0x080062d9   0x84  Code  Gb  main.o [1]
SystemCoreClock         0x20000284    0x4  Data  Gb  system_stm32f1xx.o [1]
SystemInit              0x0800485d   0x3a  Code  Gb  system_stm32f1xx.o [1]
TIM1_UP_IRQHandler      0x08007e87    0x6  Code  Gb  stm32f1xx_it.o [1]
TIM3_IRQHandler         0x08007e8d    0x6  Code  Gb  stm32f1xx_it.o [1]
TIM_Base_SetConfig      0x0800736d   0x6e  Code  Gb  stm32f1xx_hal_tim.o [1]
TIM_ETR_SetConfig       0x0800744b   0x14  Code  Lc  stm32f1xx_hal_tim.o [1]
TIM_ITRx_SetConfig      0x0800743b   0x10  Code  Lc  stm32f1xx_hal_tim.o [1]
TIM_TI1_ConfigInputStage
                        0x080073f5   0x22  Code  Lc  stm32f1xx_hal_tim.o [1]
TIM_TI2_ConfigInputStage
                        0x08007417   0x24  Code  Lc  stm32f1xx_hal_tim.o [1]
UART4_IRQHandler        0x08007e99    0x6  Code  Gb  stm32f1xx_it.o [1]
UART_Receive_IT         0x08005b53   0xa0  Code  Lc  stm32f1xx_hal_uart.o [1]
UART_SetConfig          0x08005bf3   0xdc  Code  Lc  stm32f1xx_hal_uart.o [1]
UART_WaitOnFlagUntilTimeout
                        0x08005ab9   0x8a  Code  Lc  stm32f1xx_hal_uart.o [1]
USART1_IRQHandler       0x08007e93    0x6  Code  Gb  stm32f1xx_it.o [1]
UsageFault_Handler      0x08007e71    0x2  Code  Gb  stm32f1xx_it.o [1]
_EncodingSb_Mbtowc      0x0800329f   0x30  Code  Gb  xencoding_sb.o [3]
_EncodingSb_Wctomb      0x08003285   0x1a  Code  Gb  xencoding_sb.o [3]
_GenldFull              0x08002543  0x24c  Code  Lc  xprintffull.o [3]
_GetN                   0x080033d5   0x22  Code  Lc  xscanffull.o [3]
_GetfldFull             0x080035f9  0x102  Code  Lc  xscanffull.o [3]
_GetfloatFull           0x08003b9d  0x4da  Code  Lc  xscanffull.o [3]
_GetintFull             0x080039af  0x1e8  Code  Lc  xscanffull.o [3]
_GetstrFull             0x080036fd  0x2ac  Code  Lc  xscanffull.o [3]
_IsdstStr               0x20000214    0x4  Data  Gb  setlocale.o [3]
_LdtobFull              0x08002141  0x3fc  Code  Lc  xprintffull.o [3]
_LitobFull              0x08002039  0x106  Code  Lc  xprintffull.o [3]
_LocaleC_isalpha        0x08004535   0x16  Code  Gb  xlocale_c.o [3]
_LocaleC_isspace        0x0800454b   0x14  Code  Gb  xlocale_c.o [3]
_LocaleC_tolower        0x08004cd1    0xc  Code  Gb  xlocale_c.o [3]
_LocaleEncoding         0x08003273    0xe  Code  Gb  setlocale.o [3]
_LocaleForCat           0x08003261   0x12  Code  Gb  setlocale.o [3]
_LocaleReturnString     0x20000234   0x50  Data  Lc  setlocale.o [3]
_Locale_Profile         0x20000218   0x1c  Data  Gb  setlocale.o [3]
_Locale_aeabi_lconv     0x200001d8   0x38  Data  Gb  localeconv.o [3]
_Locale_lconv           0x20000188   0x50  Data  Gb  localeconv.o [3]
_Mbtowc                 0x080027d7   0x20  Code  Gb  xmbtowc.o [3]
_PrintfFull             0x08001685  0x61e  Code  Gb  xprintffull.o [3]
_PutcharsFull           0x0800278f   0x2e  Code  Lc  xprintffull.o [3]
_PutstrFull             0x08001d27  0x30c  Code  Lc  xprintffull.o [3]
_SProut                 0x080027f7    0xa  Code  Gb  xsprout.o [3]
_SScin                  0x08001627   0x1e  Code  Gb  xsscin.o [3]
_ScanfFull              0x08003411  0x1e2  Code  Gb  xscanffull.o [3]
_Stoflt                 0x080046a5  0x1b8  Code  Gb  xstoflt.o [3]
_Stopfx                 0x08004581  0x124  Code  Gb  xstopfx.o [3]
_Stoxflt                0x08004ab9  0x1e2  Code  Gb  xstoxflt.o [3]
_TzoneStr               0x20000210    0x4  Data  Gb  setlocale.o [3]
_UngetN                 0x080033f7   0x1a  Code  Lc  xscanffull.o [3]
_Wctomb                 0x080028b3   0x1a  Code  Gb  xwctomb.o [3]
__aeabi_cdcmpeq         0x08004cdd         Code  Gb  DblCmpEq.o [4]
__aeabi_cdcmple         0x08002a75         Code  Gb  DblCmpLe.o [4]
__aeabi_cdrcmple        0x08002aa5         Code  Gb  DblCmpGe.o [4]
__aeabi_d2f             0x080044a5         Code  Gb  DblToFlt.o [4]
__aeabi_d2iz            0x08002be1         Code  Gb  DblToI32.o [4]
__aeabi_d2uiz           0x08002c0d         Code  Gb  DblToI32.o [4]
__aeabi_dadd            0x080032e9         Code  Gb  DblAdd.o [4]
__aeabi_ddiv            0x08002f8d         Code  Gb  DblDiv.o [4]
__aeabi_dmul            0x08002de9         Code  Gb  DblMul.o [4]
__aeabi_dsub            0x08002c69         Code  Gb  DblSub.o [4]
__aeabi_errno_addr      0x08004561    0x6  Code  Gb  errno.o [3]
__aeabi_f2uiz           0x080074b1         Code  Gb  FltToU32.o [4]
__aeabi_fadd            0x080076c9         Code  Gb  FltAdd.o [4]
__aeabi_fdiv            0x080075cd         Code  Gb  FltDiv.o [4]
__aeabi_fmul            0x080074f5         Code  Gb  FltMul.o [4]
__aeabi_i2d             0x08002c39         Code  Gb  I32ToDbl.o [4]
__aeabi_ldiv0           0x080032e5         Code  Gb  I64DivZer.o [5]
__aeabi_memclr          0x08005d5d         Code  Gb  ABImemclr.o [5]
__aeabi_memclr4         0x08005cd9         Code  Gb  ABImemclr4.o [5]
__aeabi_ui2d            0x08002c4d         Code  Gb  I32ToDbl.o [4]
__aeabi_ui2f            0x080074d5         Code  Gb  I32ToFlt.o [4]
__aeabi_uldivmod        0x08002945         Code  Gb  I64DivMod.o [5]
__cmain                 0x08007f45         Code  Gb  cmain.o [5]
__data_GetMemChunk      0x08001645   0x2c  Code  Gb  xgetmemchunk.o [3]
__exit                  0x08001671   0x14  Code  Gb  exit.o [6]
__iar_Dnorm             0x08002a33   0x42  Code  Gb  xdnorm.o [4]
__iar_Dscale            0x08002ad5  0x10c  Code  Gb  xdscale.o [4]
__iar_Dtentox           0x0800490b  0x14c  Code  Gb  xdtento.o [4]
__iar_Dunscale          0x08004cfd   0x52  Code  Gb  xdunscal.o [4]
__iar_Errno             0x20000288    0x4  Data  Gb  errno.o [3]
__iar_Locale_lconv_init
                        0x080031e5   0x3a  Code  Gb  localeconv.o [3]
__iar_Mbcurmax          0x080028a9    0xa  Code  Gb  xmbcurmax.o [3]
__iar_Memchr            0x08002851         Code  Gb  memchr.o [5]
__iar_Memset4_word      0x0800681d         Code  Gb  ABImemset48.o [5]
__iar_Memset8_word      0x0800681d         Code  Gb  ABImemset48.o [5]
__iar_Memset_word       0x08006851         Code  Gb  ABImemset.o [5]
__iar_Stold             0x080044a1    0x4  Code  Gb  xstold.o [4]
__iar_Stoldx            0x08004359  0x13a  Code  Gb  xstold.o [4]
__iar_Stoll             0x080041a5    0x4  Code  Gb  xstoll.o [3]
__iar_Stollx            0x08004105   0xa0  Code  Gb  xstoll.o [3]
__iar_Stoull            0x08004305    0x4  Code  Gb  xstoull.o [3]
__iar_Stoullx           0x080041a9  0x156  Code  Gb  xstoull.o [3]
__iar_Strchr            0x08002801         Code  Gb  strchr.o [5]
__iar_Wctob             0x0800409d   0x36  Code  Gb  xwctob.o [3]
__iar_d2uiz             0x08002c19         Code  Gb  DblToI32.o [4]
__iar_dadd              0x080032fd         Code  Gb  DblAdd.o [4]
__iar_data_init3        0x08007ef1   0x28  Code  Gb  data_init.o [5]
__iar_dlfree            0x08001107  0x510  Code  Gb  dlmalloc.o [3]
__iar_dlib_perthread_access
                        0x080033d1    0x2  Code  Gb  xtls.o [3]
__iar_dlmalloc          0x08000e51  0x2aa  Code  Gb  dlmalloc.o [3]
__iar_dsub              0x08002c7d         Code  Gb  DblSub.o [4]
__iar_dsubStart         0x08002c8f         Code  Gb  DblSub.o [4]
__iar_fadd              0x080076d9         Code  Gb  FltAdd.o [4]
__iar_fsub              0x080078fd         Code  Gb  FltSub.o [4]
__iar_fsubStart         0x0800790d         Code  Gb  FltSub.o [4]
__iar_packbits_init3    0x08007dbb   0xae  Code  Gb  packbits_init.o [5]
__iar_program_start     0x08007f85         Code  Gb  cstartup_M.o [5]
__iar_ui2d              0x08002c51         Code  Gb  I32ToDbl.o [4]
__iar_ui2f              0x080074d9         Code  Gb  I32ToFlt.o [4]
__iar_unaligned___aeabi_memcpy
                        0x080028cd         Code  Gb  ABImemcpy_unaligned.o [5]
__iar_unaligned___aeabi_memcpy4
                        0x080028ed         Code  Gb  ABImemcpy_unaligned.o [5]
__iar_unaligned___aeabi_memcpy8
                        0x080028ed         Code  Gb  ABImemcpy_unaligned.o [5]
__iar_unaligned_strcmp  0x08005d05         Code  Gb  strcmp_unaligned.o [5]
__iar_unaligned_strcpy  0x080068b1         Code  Gb  strcpy_unaligned.o [5]
__iar_vla_alloc2        0x08005d47   0x12  Code  Gb  vla_alloc.o [3]
__iar_vla_dealloc2      0x08005d59    0x4  Code  Gb  vla_alloc.o [3]
__iar_zero_init3        0x08007eb1   0x40  Code  Gb  zero_init3.o [5]
__low_level_init        0x08007f5f    0x4  Code  Gb  low_level_init.o [3]
__vector_table          0x08000000         Data  Gb  startup_stm32f103xe.o [1]
_call_main              0x08007f51         Code  Gb  cmain.o [5]
_exit                   0x08007f69         Code  Gb  cexit.o [5]
_gm_                    0x2000028c  0x1d8  Data  Lc  dlmalloc.o [3]
_main                   0x08007f5b         Code  Gb  cmain.o [5]
abort                   0x08001621    0x6  Code  Gb  abort.o [3]
autoModeOffHandler      0x0800500d   0x14  Code  Lc  stm32fxxx_hal_BTDevice.o [1]
autoModeOnHandler       0x08004fef   0x14  Code  Lc  stm32fxxx_hal_BTDevice.o [1]
autoModeStatus          0x20000000    0x1  Data  Lc  stm32fxxx_hal_BTDevice.o [1]
commandArray            0x20000048  0x140  Data  Gb  stm32fxxx_hal_BTDevice.o [1]
commandFunctionArray    0x20000004   0x28  Data  Gb  stm32fxxx_hal_BTDevice.o [1]
deviceHuart             0x2000002c    0x4  Data  Lc  stm32fxxx_hal_BTDevice.o [1]
digits                  0x08004308   0x28  Data  Lc  xstoull.o [3]
displayMenu             0x08004d51   0x36  Code  Lc  stm32fxxx_hal_BTDevice.o [1]
div                     0x08003251    0xe  Code  Gb  div.o [3]
dmul                    0x080048b9   0x52  Code  Lc  xdtento.o [4]
exit                    0x08007f63    0x4  Code  Gb  exit.o [3]
getCPUTemperature       0x0800624d   0x50  Code  Gb  main.o [1]
getDataFromUser         0x08004e47   0x76  Code  Lc  stm32fxxx_hal_BTDevice.o [1]
getSensorValueHandler   0x0800506b   0x18  Code  Lc  stm32fxxx_hal_BTDevice.o [1]
getTimerPeriodHandler   0x08005155   0x22  Code  Lc  stm32fxxx_hal_BTDevice.o [1]
hadc1                   0x20000724   0x30  Data  Gb  main.o [1]
htim1                   0x200006a8   0x3c  Data  Gb  main.o [1]
htim3                   0x200006e4   0x3c  Data  Gb  main.o [1]
huart1                  0x20000668   0x40  Data  Gb  main.o [1]
huart1RxBuffer          0x20000794    0x1  Data  Gb  main.o [1]
huart4                  0x20000754   0x40  Data  Gb  main.o [1]
huart4RxBuffer          0x20000720    0x1  Data  Gb  main.o [1]
init_mparams            0x0800014b   0x32  Code  Lc  dlmalloc.o [3]
init_top                0x0800017d   0x34  Code  Lc  dlmalloc.o [3]
isalpha                 0x080040dd   0x14  Code  Gb  isxxx.o [3]
isspace                 0x080040f1   0x14  Code  Gb  isxxx.o [3]
localeconv              0x0800321f   0x16  Code  Gb  localeconv.o [3]
main                    0x08006019  0x188  Code  Gb  main.o [1]
memchr                  0x08002851         Code  Gb  memchr.o [5]
menuHandler             0x08004fed    0x2  Code  Lc  stm32fxxx_hal_BTDevice.o [1]
mparams                 0x20000798   0x18  Data  Lc  dlmalloc.o [3]
ndigs                   0x08004330   0x28  Data  Lc  xstoull.o [3]
networkJoinHandler      0x080050af   0x2c  Code  Lc  stm32fxxx_hal_BTDevice.o [1]
periodCounter           0x20000030    0x4  Data  Lc  stm32fxxx_hal_BTDevice.o [1]
pows                    0x08004a70   0x48  Data  Lc  xdtento.o [4]
prepend_alloc           0x080001b1  0x36c  Code  Lc  dlmalloc.o [3]
rcvDataLength           0x20000566    0x2  Data  Lc  stm32fxxx_hal_BTDevice.o [1]
resetInputBuffer        0x08006239   0x14  Code  Gb  main.o [1]
resetInputBufferHandler
                        0x20000034    0x4  Data  Gb  stm32fxxx_hal_BTDevice.o [1]
rfSignalCheckHandler    0x08005083   0x2c  Code  Lc  stm32fxxx_hal_BTDevice.o [1]
rxDeviceBuffer          0x20000464  0x100  Data  Lc  stm32fxxx_hal_BTDevice.o [1]
rxDeviceState           0x20000564    0x1  Data  Lc  stm32fxxx_hal_BTDevice.o [1]
rxITBuffer              0x20000568  0x100  Data  Gb  main.o [1]
rxITIndex               0x20000722    0x2  Data  Gb  main.o [1]
savedDataBuffer         0x20000044    0x4  Data  Lc  stm32fxxx_hal_BTDevice.o [1]
segment_holding         0x08000131   0x1a  Code  Lc  dlmalloc.o [3]
sendDataHandler         0x08005021   0x24  Code  Lc  stm32fxxx_hal_BTDevice.o [1]
sendDataToDevice        0x08004ec9   0xbe  Code  Lc  stm32fxxx_hal_BTDevice.o [1]
sendSampleDataHandler   0x080050f1   0x64  Code  Lc  stm32fxxx_hal_BTDevice.o [1]
setTimerPeriod          0x08004f87   0x5a  Code  Lc  stm32fxxx_hal_BTDevice.o [1]
setTimerPeriodHandler   0x08005181    0x2  Code  Lc  stm32fxxx_hal_BTDevice.o [1]
setUserUartInCommandMode
                        0x08004e1b   0x2c  Code  Lc  stm32fxxx_hal_BTDevice.o [1]
setUserUartInTimerSettingsMode
                        0x08004ddd   0x36  Code  Lc  stm32fxxx_hal_BTDevice.o [1]
sprintf                 0x08005d65   0x34  Code  Gb  sprintf.o [3]
sscanf                  0x08005ce1   0x24  Code  Gb  sscanf.o [3]
storeNewValueIntoInputBuffer
                        0x08006227   0x10  Code  Gb  main.o [1]
strcat                  0x08005d99   0x1c  Code  Gb  strcat.o [3]
strchr                  0x08002801         Code  Gb  strchr.o [5]
strdup                  0x08005db5   0x18  Code  Gb  strdup.o [3]
strlen                  0x08002819         Code  Gb  strlen.o [5]
sys_alloc               0x0800051d  0x386  Code  Lc  dlmalloc.o [3]
timerPeriod             0x20000038    0x4  Data  Lc  stm32fxxx_hal_BTDevice.o [1]
tmalloc_large           0x080008b1  0x390  Code  Lc  dlmalloc.o [3]
tmalloc_small           0x08000c41  0x210  Code  Lc  dlmalloc.o [3]
tolower                 0x0800456d   0x14  Code  Gb  tolower.o [3]
userHuart               0x20000040    0x4  Data  Lc  stm32fxxx_hal_BTDevice.o [1]
userInputBuffer         0x2000003c    0x4  Data  Lc  stm32fxxx_hal_BTDevice.o [1]
userUartMode            0x20000001    0x1  Data  Lc  stm32fxxx_hal_BTDevice.o [1]
uwTick                  0x200007b0    0x4  Data  Lc  stm32f1xx_hal.o [1]


[1] = Z:\home\cynako\Workspaces\IAR\BluTechDevice_stm32f103_IARexample\EWARM\BluTechDevice_stm32f103_example\Obj
[2] = command line
[3] = dl7M_tlf.a
[4] = m7M_tl.a
[5] = rt7M_tl.a
[6] = shb_l.a

  31 870 bytes of readonly  code memory
   1 248 bytes of readonly  data memory
   3 512 bytes of readwrite data memory

Errors: none
Warnings: none
