###############################################################################
#
# IAR ELF Linker V7.40.7.9843/W32 for ARM                 24/Aug/2016  19:24:12
# Copyright 2007-2015 IAR Systems AB.
#
#    Output file  =  
#        Z:\home\cynako\git\CynaCons\stm32_BluTechDevice\BluTechDevice_stm32l152_dht22_IARExemple\EWARM\BluTechDevice_stm32l152_dht22\Exe\BluTechDevice_stm32l152_dht22.out
#    Map file     =  
#        Z:\home\cynako\git\CynaCons\stm32_BluTechDevice\BluTechDevice_stm32l152_dht22_IARExemple\EWARM\BluTechDevice_stm32l152_dht22\List\BluTechDevice_stm32l152_dht22.map
#    Command line =  
#        Z:\home\cynako\git\CynaCons\stm32_BluTechDevice\BluTechDevice_stm32l152_dht22_IARExemple\EWARM\BluTechDevice_stm32l152_dht22\Obj\dht22.o
#        Z:\home\cynako\git\CynaCons\stm32_BluTechDevice\BluTechDevice_stm32l152_dht22_IARExemple\EWARM\BluTechDevice_stm32l152_dht22\Obj\main.o
#        Z:\home\cynako\git\CynaCons\stm32_BluTechDevice\BluTechDevice_stm32l152_dht22_IARExemple\EWARM\BluTechDevice_stm32l152_dht22\Obj\startup_stm32l152xc.o
#        Z:\home\cynako\git\CynaCons\stm32_BluTechDevice\BluTechDevice_stm32l152_dht22_IARExemple\EWARM\BluTechDevice_stm32l152_dht22\Obj\stm32fxxx_hal_BTDevice.o
#        Z:\home\cynako\git\CynaCons\stm32_BluTechDevice\BluTechDevice_stm32l152_dht22_IARExemple\EWARM\BluTechDevice_stm32l152_dht22\Obj\stm32l152c_discovery.o
#        Z:\home\cynako\git\CynaCons\stm32_BluTechDevice\BluTechDevice_stm32l152_dht22_IARExemple\EWARM\BluTechDevice_stm32l152_dht22\Obj\stm32l1xx_hal.o
#        Z:\home\cynako\git\CynaCons\stm32_BluTechDevice\BluTechDevice_stm32l152_dht22_IARExemple\EWARM\BluTechDevice_stm32l152_dht22\Obj\stm32l1xx_hal_cortex.o
#        Z:\home\cynako\git\CynaCons\stm32_BluTechDevice\BluTechDevice_stm32l152_dht22_IARExemple\EWARM\BluTechDevice_stm32l152_dht22\Obj\stm32l1xx_hal_dma.o
#        Z:\home\cynako\git\CynaCons\stm32_BluTechDevice\BluTechDevice_stm32l152_dht22_IARExemple\EWARM\BluTechDevice_stm32l152_dht22\Obj\stm32l1xx_hal_flash.o
#        Z:\home\cynako\git\CynaCons\stm32_BluTechDevice\BluTechDevice_stm32l152_dht22_IARExemple\EWARM\BluTechDevice_stm32l152_dht22\Obj\stm32l1xx_hal_flash_ex.o
#        Z:\home\cynako\git\CynaCons\stm32_BluTechDevice\BluTechDevice_stm32l152_dht22_IARExemple\EWARM\BluTechDevice_stm32l152_dht22\Obj\stm32l1xx_hal_flash_ramfunc.o
#        Z:\home\cynako\git\CynaCons\stm32_BluTechDevice\BluTechDevice_stm32l152_dht22_IARExemple\EWARM\BluTechDevice_stm32l152_dht22\Obj\stm32l1xx_hal_gpio.o
#        Z:\home\cynako\git\CynaCons\stm32_BluTechDevice\BluTechDevice_stm32l152_dht22_IARExemple\EWARM\BluTechDevice_stm32l152_dht22\Obj\stm32l1xx_hal_msp.o
#        Z:\home\cynako\git\CynaCons\stm32_BluTechDevice\BluTechDevice_stm32l152_dht22_IARExemple\EWARM\BluTechDevice_stm32l152_dht22\Obj\stm32l1xx_hal_pwr.o
#        Z:\home\cynako\git\CynaCons\stm32_BluTechDevice\BluTechDevice_stm32l152_dht22_IARExemple\EWARM\BluTechDevice_stm32l152_dht22\Obj\stm32l1xx_hal_pwr_ex.o
#        Z:\home\cynako\git\CynaCons\stm32_BluTechDevice\BluTechDevice_stm32l152_dht22_IARExemple\EWARM\BluTechDevice_stm32l152_dht22\Obj\stm32l1xx_hal_rcc.o
#        Z:\home\cynako\git\CynaCons\stm32_BluTechDevice\BluTechDevice_stm32l152_dht22_IARExemple\EWARM\BluTechDevice_stm32l152_dht22\Obj\stm32l1xx_hal_rcc_ex.o
#        Z:\home\cynako\git\CynaCons\stm32_BluTechDevice\BluTechDevice_stm32l152_dht22_IARExemple\EWARM\BluTechDevice_stm32l152_dht22\Obj\stm32l1xx_hal_tim.o
#        Z:\home\cynako\git\CynaCons\stm32_BluTechDevice\BluTechDevice_stm32l152_dht22_IARExemple\EWARM\BluTechDevice_stm32l152_dht22\Obj\stm32l1xx_hal_tim_ex.o
#        Z:\home\cynako\git\CynaCons\stm32_BluTechDevice\BluTechDevice_stm32l152_dht22_IARExemple\EWARM\BluTechDevice_stm32l152_dht22\Obj\stm32l1xx_hal_uart.o
#        Z:\home\cynako\git\CynaCons\stm32_BluTechDevice\BluTechDevice_stm32l152_dht22_IARExemple\EWARM\BluTechDevice_stm32l152_dht22\Obj\stm32l1xx_it.o
#        Z:\home\cynako\git\CynaCons\stm32_BluTechDevice\BluTechDevice_stm32l152_dht22_IARExemple\EWARM\BluTechDevice_stm32l152_dht22\Obj\system_stm32l1xx.o
#        --redirect _Printf=_PrintfFull --redirect _Scanf=_ScanfFull -o
#        Z:\home\cynako\git\CynaCons\stm32_BluTechDevice\BluTechDevice_stm32l152_dht22_IARExemple\EWARM\BluTechDevice_stm32l152_dht22\Exe\BluTechDevice_stm32l152_dht22.out
#        --map
#        Z:\home\cynako\git\CynaCons\stm32_BluTechDevice\BluTechDevice_stm32l152_dht22_IARExemple\EWARM\BluTechDevice_stm32l152_dht22\List\BluTechDevice_stm32l152_dht22.map
#        --config
#        Z:\home\cynako\git\CynaCons\stm32_BluTechDevice\BluTechDevice_stm32l152_dht22_IARExemple\EWARM/stm32l152xc_flash.icf
#        --semihosting --entry __iar_program_start --vfe
#
###############################################################################

*******************************************************************************
*** RUNTIME MODEL ATTRIBUTES
***

CppFlavor                     = *
__Heap_Handler                = DLMalloc
__SystemLibrary               = DLib
__dlib_dynamic_initialization = normal


*******************************************************************************
*** PLACEMENT SUMMARY
***

"A1":  place at 0x08000000 { ro section .intvec };
"P1":  place in [from 0x08000000 to 0x0803ffff] { ro };
"P2":  place in [from 0x20000000 to 0x20007fff] { rw, block CSTACK, block HEAP };

  Section             Kind        Address    Size  Object
  -------             ----        -------    ----  ------
"A1":                                       0x124
  .intvec             ro code  0x08000000   0x124  startup_stm32l152xc.o [1]
                             - 0x08000124   0x124

"P1":                                      0x8669
  .text               ro code  0x08000124  0x14f0  dlmalloc.o [3]
  .text               ro code  0x08001614     0x6  abort.o [3]
  .text               ro code  0x0800161a    0x1e  xsscin.o [3]
  .text               ro code  0x08001638    0x2c  xgetmemchunk.o [3]
  .text               ro code  0x08001664    0x14  exit.o [6]
  .text               ro code  0x08001678  0x1152  xprintffull.o [3]
  .text               ro code  0x080027ca    0x20  xmbtowc.o [3]
  .text               ro code  0x080027ea     0xa  xsprout.o [3]
  .text               ro code  0x080027f4    0x16  strchr.o [5]
  .text               ro code  0x0800280c    0x36  strlen.o [5]
  .text               ro code  0x08002844    0x58  memchr.o [5]
  .text               ro code  0x0800289c     0xa  xmbcurmax.o [3]
  .text               ro code  0x080028a6    0x1a  xwctomb.o [3]
  .text               ro code  0x080028c0    0x76  ABImemcpy_unaligned.o [5]
  .text               ro code  0x08002938    0xee  I64DivMod.o [5]
  .text               ro code  0x08002a26    0x42  xdnorm.o [4]
  .text               ro code  0x08002a68    0x2e  DblCmpLe.o [4]
  .text               ro code  0x08002a98    0x2e  DblCmpGe.o [4]
  .text               ro code  0x08002ac8   0x10c  xdscale.o [4]
  .text               ro code  0x08002bd4    0x58  DblToI32.o [4]
  .text               ro code  0x08002c2c    0x30  I32ToDbl.o [4]
  .text               ro code  0x08002c5c   0x180  DblSub.o [4]
  .text               ro code  0x08002ddc   0x1a2  DblMul.o [4]
  .text               ro code  0x08002f80   0x256  DblDiv.o [4]
  .text               ro code  0x080031d8    0x6c  localeconv.o [3]
  .text               ro code  0x08003244     0xe  div.o [3]
  .text               ro code  0x08003254    0x24  setlocale.o [3]
  .text               ro code  0x08003278    0x60  xencoding_sb.o [3]
  .text               ro code  0x080032d8     0x2  I64DivZer.o [5]
  .text               ro code  0x080032dc    0xe8  DblAdd.o [4]
  .text               ro code  0x080033c4     0x2  xtls.o [3]
  .text               ro code  0x080033c8   0xf70  stm32fxxx_hal_BTDevice.o [1]
  .text               ro code  0x08004338   0x54a  stm32l1xx_hal_uart.o [1]
  .text               ro code  0x08004884     0x6  ABImemclr4.o [5]
  .text               ro code  0x0800488c    0x24  sscanf.o [3]
  .text               ro code  0x080048b0    0x16  vla_alloc.o [3]
  .text               ro code  0x080048c8     0x6  ABImemclr.o [5]
  .text               ro code  0x080048d0    0x34  sprintf.o [3]
  .text               ro code  0x08004904    0x1c  strcat.o [3]
  .text               ro code  0x08004920    0x18  strdup.o [3]
  .text               ro code  0x08004938    0x6c  stm32l1xx_hal.o [1]
  .text               ro code  0x080049a4    0x42  strcmp_unaligned.o [5]
  .text               ro code  0x080049e8   0x16c  stm32l1xx_hal_msp.o [1]
  .text               ro code  0x08004b54   0x490  main.o [1]
  .text               ro code  0x08004fe4   0x5f0  stm32l1xx_hal_rcc.o [1]
  .text               ro code  0x080055d4    0x32  ABImemset48.o [5]
  .text               ro code  0x08005608   0xcc8  xscanffull.o [3]
  .text               ro code  0x080062d0    0x5e  ABImemset.o [5]
  .text               ro code  0x08006330    0x44  strcpy_unaligned.o [5]
  .text               ro code  0x08006374    0xee  stm32l1xx_hal_cortex.o [1]
  .text               ro code  0x08006464   0x1b8  stm32l1xx_hal_gpio.o [1]
  .text               ro code  0x0800661c   0x5ee  stm32l1xx_hal_tim.o [1]
  .text               ro code  0x08006c0a    0x4a  stm32l1xx_hal_tim_ex.o [1]
  .text               ro code  0x08006c54    0xa0  stm32l152c_discovery.o [1]
  .text               ro code  0x08006cf4   0x2a8  dht22.o [1]
  .text               ro code  0x08006f9c    0x24  FltToU32.o [4]
  .text               ro code  0x08006fc0    0x10  stm32l1xx_hal_pwr_ex.o [1]
  .text               ro code  0x08006fd0    0x40  xwctob.o [3]
  .text               ro code  0x08007010    0x28  isxxx.o [3]
  .text               ro code  0x08007038    0xa4  xstoll.o [3]
  .text               ro code  0x080070dc   0x1b0  xstoull.o [3]
  .text               ro code  0x0800728c   0x14c  xstold.o [4]
  .text               ro code  0x080073d8    0x90  DblToFlt.o [4]
  .text               ro code  0x08007468    0x24  FltCmpGe.o [4]
  .text               ro code  0x0800748c    0x24  FltCmpLe.o [4]
  .text               ro code  0x080074b0    0x16  xlocale_c.o [3]
  .text               ro code  0x080074c6    0x14  xlocale_c.o [3]
  .text               ro code  0x080074dc     0xc  errno.o [3]
  .text               ro code  0x080074e8    0x14  tolower.o [3]
  .text               ro code  0x080074fc   0x124  xstopfx.o [3]
  .text               ro code  0x08007620   0x1b8  xstoflt.o [3]
  .text               ro code  0x080077d8   0x200  xdtento.o [4]
  .text               ro code  0x080079d8   0x218  xstoxflt.o [3]
  .text               ro code  0x08007bf0     0xc  xlocale_c.o [3]
  .text               ro code  0x08007bfc    0x20  DblCmpEq.o [4]
  .text               ro code  0x08007c1c    0x52  xdunscal.o [4]
  .rodata             const    0x08007c70   0x6b0  stm32fxxx_hal_BTDevice.o [1]
  .text               ro code  0x08008320    0xd0  packbits_init.o [5]
  .text               ro code  0x080083f0    0x58  system_stm32l1xx.o [1]
  .text               ro code  0x08008448    0x48  stm32l1xx_it.o [1]
  .text               ro code  0x08008490    0x40  zero_init3.o [5]
  .text               ro code  0x080084d0    0x28  data_init.o [5]
  .iar.init_table     const    0x080084f8    0x2c  - Linker created -
  .text               ro code  0x08008524    0x1a  cmain.o [5]
  .text               ro code  0x0800853e     0x4  low_level_init.o [3]
  .text               ro code  0x08008542     0x4  exit.o [3]
  .text               ro code  0x08008548     0xa  cexit.o [5]
  .text               ro code  0x08008554    0x10  startup_stm32l152xc.o [1]
  .text               ro code  0x08008564     0xc  cstartup_M.o [5]
  .rodata             const    0x08008570     0x8  system_stm32l1xx.o [1]
  .text               ro code  0x08008578     0x4  startup_stm32l152xc.o [1]
  .text               ro code  0x0800857c     0x4  startup_stm32l152xc.o [1]
  .text               ro code  0x08008580     0x4  startup_stm32l152xc.o [1]
  .text               ro code  0x08008584     0x4  startup_stm32l152xc.o [1]
  .text               ro code  0x08008588     0x4  startup_stm32l152xc.o [1]
  .text               ro code  0x0800858c     0x4  startup_stm32l152xc.o [1]
  .text               ro code  0x08008590     0x4  startup_stm32l152xc.o [1]
  .text               ro code  0x08008594     0x4  startup_stm32l152xc.o [1]
  .text               ro code  0x08008598     0x4  startup_stm32l152xc.o [1]
  .text               ro code  0x0800859c     0x4  startup_stm32l152xc.o [1]
  .text               ro code  0x080085a0     0x4  startup_stm32l152xc.o [1]
  .text               ro code  0x080085a4     0x4  startup_stm32l152xc.o [1]
  .text               ro code  0x080085a8     0x4  startup_stm32l152xc.o [1]
  .text               ro code  0x080085ac     0x4  startup_stm32l152xc.o [1]
  .text               ro code  0x080085b0     0x4  startup_stm32l152xc.o [1]
  .text               ro code  0x080085b4     0x4  startup_stm32l152xc.o [1]
  .text               ro code  0x080085b8     0x4  startup_stm32l152xc.o [1]
  .text               ro code  0x080085bc     0x4  startup_stm32l152xc.o [1]
  .text               ro code  0x080085c0     0x4  startup_stm32l152xc.o [1]
  .text               ro code  0x080085c4     0x4  startup_stm32l152xc.o [1]
  .text               ro code  0x080085c8     0x4  startup_stm32l152xc.o [1]
  .text               ro code  0x080085cc     0x4  startup_stm32l152xc.o [1]
  .text               ro code  0x080085d0     0x4  startup_stm32l152xc.o [1]
  .text               ro code  0x080085d4     0x4  startup_stm32l152xc.o [1]
  .text               ro code  0x080085d8     0x4  startup_stm32l152xc.o [1]
  .text               ro code  0x080085dc     0x4  startup_stm32l152xc.o [1]
  .text               ro code  0x080085e0     0x4  startup_stm32l152xc.o [1]
  .text               ro code  0x080085e4     0x4  startup_stm32l152xc.o [1]
  .text               ro code  0x080085e8     0x4  startup_stm32l152xc.o [1]
  .text               ro code  0x080085ec     0x4  startup_stm32l152xc.o [1]
  .text               ro code  0x080085f0     0x4  startup_stm32l152xc.o [1]
  .text               ro code  0x080085f4     0x4  startup_stm32l152xc.o [1]
  .text               ro code  0x080085f8     0x4  startup_stm32l152xc.o [1]
  .text               ro code  0x080085fc     0x4  startup_stm32l152xc.o [1]
  .text               ro code  0x08008600     0x4  startup_stm32l152xc.o [1]
  .text               ro code  0x08008604     0x4  startup_stm32l152xc.o [1]
  .text               ro code  0x08008608     0x4  startup_stm32l152xc.o [1]
  .text               ro code  0x0800860c     0x4  startup_stm32l152xc.o [1]
  .text               ro code  0x08008610     0x4  startup_stm32l152xc.o [1]
  .text               ro code  0x08008614     0x4  startup_stm32l152xc.o [1]
  .text               ro code  0x08008618     0x4  startup_stm32l152xc.o [1]
  .text               ro code  0x0800861c     0x4  startup_stm32l152xc.o [1]
  .text               ro code  0x08008620     0x4  startup_stm32l152xc.o [1]
  .text               ro code  0x08008624     0x4  startup_stm32l152xc.o [1]
  .text               ro code  0x08008628     0x4  startup_stm32l152xc.o [1]
  .text               ro code  0x0800862c     0x4  startup_stm32l152xc.o [1]
  .text               ro code  0x08008630     0x4  startup_stm32l152xc.o [1]
  .text               ro code  0x08008634     0x4  startup_stm32l152xc.o [1]
  .text               ro code  0x08008638     0x4  startup_stm32l152xc.o [1]
  .rodata             const    0x0800863c     0x0  zero_init3.o [5]
  .rodata             const    0x0800863c     0x0  packbits_init.o [5]
  Initializer bytes   const    0x0800863c   0x151  <for P2 s0>
                             - 0x0800878d  0x8669

"P2":                                      0x1038
  P2 s0                        0x20000000   0x440  <Init block>
    .data             inited   0x20000000   0x334  stm32fxxx_hal_BTDevice.o [1]
    __DLIB_PERTHREAD  inited   0x20000334    0x88  localeconv.o [3]
    __DLIB_PERTHREAD  inited   0x200003bc    0x74  setlocale.o [3]
    .data             inited   0x20000430     0x8  stm32l152c_discovery.o [1]
    .data             inited   0x20000438     0x4  system_stm32l1xx.o [1]
    __DLIB_PERTHREAD  inited   0x2000043c     0x4  errno.o [3]
  .bss                zero     0x20000440   0x1d8  dlmalloc.o [3]
  .bss                zero     0x20000618   0x108  main.o [1]
  .bss                zero     0x20000720   0x108  stm32fxxx_hal_BTDevice.o [1]
  .bss                zero     0x20000828    0xf0  main.o [1]
  .bss                zero     0x20000918    0x80  stm32fxxx_hal_BTDevice.o [1]
  .bss                zero     0x20000998    0x7c  main.o [1]
  .bss                zero     0x20000a14    0x18  dlmalloc.o [3]
  .bss                zero     0x20000a2c     0x4  stm32l1xx_hal.o [1]
  .bss                zero     0x20000a30     0x4  xgetmemchunk.o [3]
  CSTACK                       0x20000a38   0x400  <Block>
    CSTACK            uninit   0x20000a38   0x400  <Block tail>
  HEAP                         0x20000e38   0x200  <Block>
    HEAP              uninit   0x20000e38   0x200  <Block tail>
                             - 0x20001038  0x1038


*******************************************************************************
*** INIT TABLE
***

          Address     Size
          -------     ----
Zero (__iar_zero_init3)
    1 destination range, total size 0x5f4:
          0x20000440  0x5f4

Copy/packbits (__iar_packbits_init3)
    1 source range, total size 0x151 (30% of destination):
          0x0800863c  0x151
    1 destination range, total size 0x440:
          0x20000000  0x440



*******************************************************************************
*** MODULE SUMMARY
***

    Module                    ro code  ro data  rw data
    ------                    -------  -------  -------
Z:\home\cynako\git\CynaCons\stm32_BluTechDevice\BluTechDevice_stm32l152_dht22_IARExemple\EWARM\BluTechDevice_stm32l152_dht22\Obj: [1]
    dht22.o                       680
    main.o                      1 168               628
    startup_stm32l152xc.o         504
    stm32fxxx_hal_BTDevice.o    3 952    1 965    1 212
    stm32l152c_discovery.o        160        2        8
    stm32l1xx_hal.o               108                 4
    stm32l1xx_hal_cortex.o        238
    stm32l1xx_hal_gpio.o          440
    stm32l1xx_hal_msp.o           364
    stm32l1xx_hal_pwr_ex.o         16
    stm32l1xx_hal_rcc.o         1 520
    stm32l1xx_hal_tim.o         1 518
    stm32l1xx_hal_tim_ex.o         74
    stm32l1xx_hal_uart.o        1 354
    stm32l1xx_it.o                 72
    system_stm32l1xx.o             88        9        4
    ---------------------------------------------------
    Total:                     12 256    1 976    1 856

command line: [2]
    ---------------------------------------------------
    Total:

dl7M_tlf.a: [3]
    abort.o                         6
    div.o                          14
    dlmalloc.o                  5 360               496
    errno.o                        12        2        4
    exit.o                          4
    isxxx.o                        40
    localeconv.o                  108       43      136
    low_level_init.o                4
    setlocale.o                    36       36      116
    sprintf.o                      52
    sscanf.o                       36
    strcat.o                       28
    strdup.o                       24
    tolower.o                      20
    vla_alloc.o                    22
    xencoding_sb.o                 96
    xgetmemchunk.o                 44                 4
    xlocale_c.o                    54
    xmbcurmax.o                    10
    xmbtowc.o                      32
    xprintffull.o               4 434
    xscanffull.o                3 272
    xsprout.o                      10
    xsscin.o                       30
    xstoflt.o                     440
    xstoll.o                      164
    xstopfx.o                     292
    xstoull.o                     432
    xstoxflt.o                    536
    xtls.o                          2
    xwctob.o                       64
    xwctomb.o                      26
    ---------------------------------------------------
    Total:                     15 704       81      756

m7M_tl.a: [4]
    DblAdd.o                      232
    DblCmpEq.o                     32
    DblCmpGe.o                     46
    DblCmpLe.o                     46
    DblDiv.o                      598
    DblMul.o                      418
    DblSub.o                      384
    DblToFlt.o                    144
    DblToI32.o                     88
    FltCmpGe.o                     36
    FltCmpLe.o                     36
    FltToU32.o                     36
    I32ToDbl.o                     48
    xdnorm.o                       66
    xdscale.o                     268
    xdtento.o                     512
    xdunscal.o                     82
    xstold.o                      332
    ---------------------------------------------------
    Total:                      3 404

rt7M_tl.a: [5]
    ABImemclr.o                     6
    ABImemclr4.o                    6
    ABImemcpy_unaligned.o         118
    ABImemset.o                    94
    ABImemset48.o                  50
    I64DivMod.o                   238
    I64DivZer.o                     2
    cexit.o                        10
    cmain.o                        26
    cstartup_M.o                   12
    data_init.o                    40
    memchr.o                       88
    packbits_init.o               208
    strchr.o                       22
    strcmp_unaligned.o             66
    strcpy_unaligned.o             68
    strlen.o                       54
    zero_init3.o                   64
    ---------------------------------------------------
    Total:                      1 172

shb_l.a: [6]
    exit.o                         20
    ---------------------------------------------------
    Total:                         20

    Gaps                           42        2
    Linker created                          44    1 536
-------------------------------------------------------
    Grand Total:               32 598    2 103    4 148


*******************************************************************************
*** ENTRY LIST
***

Entry                      Address   Size  Type      Object
-----                      -------   ----  ----      ------
.iar.init_table$$Base   0x080084f8          --   Gb  - Linker created -
.iar.init_table$$Limit  0x08008524          --   Gb  - Linker created -
?main                   0x08008525         Code  Gb  cmain.o [5]
AHBPrescTable           0x08008438   0x10  Data  Gb  system_stm32l1xx.o [1]
APBPrescTable           0x08008570    0x8  Data  Gb  system_stm32l1xx.o [1]
BSP_LED_Init            0x08006c55   0x4e  Code  Gb  stm32l152c_discovery.o [1]
BSP_LED_Off             0x08006cc1   0x14  Code  Gb  stm32l152c_discovery.o [1]
BSP_LED_On              0x08006cad   0x14  Code  Gb  stm32l152c_discovery.o [1]
BSP_LED_Toggle          0x08006cd5   0x12  Code  Gb  stm32l152c_discovery.o [1]
BTDevice_deviceUartCallback
                        0x08003e9b    0xa  Code  Gb  stm32fxxx_hal_BTDevice.o [1]
BTDevice_displayMenu    0x08003d07    0x4  Code  Gb  stm32fxxx_hal_BTDevice.o [1]
BTDevice_init           0x08003d0b   0x1c  Code  Gb  stm32fxxx_hal_BTDevice.o [1]
BTDevice_initLoop       0x08003ead   0x56  Code  Gb  stm32fxxx_hal_BTDevice.o [1]
BTDevice_mainLoop       0x08003f03   0x4a  Code  Gb  stm32fxxx_hal_BTDevice.o [1]
BTDevice_sendData       0x08003de7   0x3a  Code  Gb  stm32fxxx_hal_BTDevice.o [1]
BTDevice_timerCallback  0x08003ea5    0x8  Code  Gb  stm32fxxx_hal_BTDevice.o [1]
BTDevice_userUartCallback
                        0x08003e75   0x26  Code  Gb  stm32fxxx_hal_BTDevice.o [1]
BusFault_Handler        0x0800844f    0x2  Code  Gb  stm32l1xx_it.o [1]
CSTACK$$Base            0x20000a38          --   Gb  - Linker created -
CSTACK$$Limit           0x20000e38          --   Gb  - Linker created -
DHT22_Init              0x08006d5d   0x3e  Code  Gb  dht22.o [1]
DHT22_InitiateTransfer  0x08006d9b   0x44  Code  Gb  dht22.o [1]
DHT22_InterruptHandler  0x08006ddf  0x13a  Code  Gb  dht22.o [1]
DHT22_ReadData          0x08006f63   0x3a  Code  Gb  dht22.o [1]
DHT22_SetPinIN          0x08006d1b   0x36  Code  Gb  dht22.o [1]
DHT22_SetPinOUT         0x08006cf5   0x26  Code  Gb  dht22.o [1]
DebugMon_Handler        0x08008455    0x2  Code  Gb  stm32l1xx_it.o [1]
GPIO_PIN                0x08006cf0    0x4  Data  Gb  stm32l152c_discovery.o [1]
GPIO_PORT               0x20000430    0x8  Data  Gb  stm32l152c_discovery.o [1]
HAL_Delay               0x08004983   0x18  Code  Wk  stm32l1xx_hal.o [1]
HAL_GPIO_Init           0x08006465  0x186  Code  Gb  stm32l1xx_hal_gpio.o [1]
HAL_GPIO_TogglePin      0x080065f3    0x8  Code  Gb  stm32l1xx_hal_gpio.o [1]
HAL_GPIO_WritePin       0x080065eb    0x8  Code  Gb  stm32l1xx_hal_gpio.o [1]
HAL_GetTick             0x0800497d    0x6  Code  Wk  stm32l1xx_hal.o [1]
HAL_IncTick             0x08004973    0xa  Code  Wk  stm32l1xx_hal.o [1]
HAL_Init                0x08004939   0x16  Code  Gb  stm32l1xx_hal.o [1]
HAL_InitTick            0x0800494f   0x24  Code  Wk  stm32l1xx_hal.o [1]
HAL_MspInit             0x080049e9   0x86  Code  Gb  stm32l1xx_hal_msp.o [1]
HAL_NVIC_DisableIRQ     0x080063ef    0xa  Code  Gb  stm32l1xx_hal_cortex.o [1]
HAL_NVIC_EnableIRQ      0x080063e3    0xc  Code  Gb  stm32l1xx_hal_cortex.o [1]
HAL_NVIC_SetPriority    0x080063a9   0x3a  Code  Gb  stm32l1xx_hal_cortex.o [1]
HAL_NVIC_SetPriorityGrouping
                        0x0800638f   0x1a  Code  Gb  stm32l1xx_hal_cortex.o [1]
HAL_PWREx_GetVoltageRange
                        0x08006fc1    0xa  Code  Gb  stm32l1xx_hal_pwr_ex.o [1]
HAL_RCC_ClockConfig     0x08005343  0x13c  Code  Gb  stm32l1xx_hal_rcc.o [1]
HAL_RCC_GetHCLKFreq     0x080054fb    0x6  Code  Gb  stm32l1xx_hal_rcc.o [1]
HAL_RCC_GetPCLK1Freq    0x08005501   0x10  Code  Gb  stm32l1xx_hal_rcc.o [1]
HAL_RCC_GetPCLK2Freq    0x08005511    0xe  Code  Gb  stm32l1xx_hal_rcc.o [1]
HAL_RCC_GetSysClockFreq
                        0x080054a1   0x5a  Code  Gb  stm32l1xx_hal_rcc.o [1]
HAL_RCC_OscConfig       0x08004fe5  0x328  Code  Gb  stm32l1xx_hal_rcc.o [1]
HAL_SYSTICK_CLKSourceConfig
                        0x08006429   0x14  Code  Gb  stm32l1xx_hal_cortex.o [1]
HAL_SYSTICK_Callback    0x08006461    0x2  Code  Wk  stm32l1xx_hal_cortex.o [1]
HAL_SYSTICK_Config      0x08006401   0x28  Code  Gb  stm32l1xx_hal_cortex.o [1]
HAL_SYSTICK_IRQHandler  0x08006459    0x8  Code  Gb  stm32l1xx_hal_cortex.o [1]
HAL_TIMEx_MasterConfigSynchronization
                        0x08006c0b   0x4a  Code  Gb  stm32l1xx_hal_tim_ex.o [1]
HAL_TIM_Base_Init       0x0800661d   0x1a  Code  Gb  stm32l1xx_hal_tim.o [1]
HAL_TIM_Base_MspInit    0x08004a6f   0x4c  Code  Gb  stm32l1xx_hal_msp.o [1]
HAL_TIM_Base_Start_IT   0x08006637   0x16  Code  Gb  stm32l1xx_hal_tim.o [1]
HAL_TIM_ConfigClockSource
                        0x0800696d   0xa8  Code  Gb  stm32l1xx_hal_tim.o [1]
HAL_TIM_IC_CaptureCallback
                        0x08004e6d    0x6  Code  Gb  main.o [1]
HAL_TIM_IC_ConfigChannel
                        0x0800684d  0x116  Code  Gb  stm32l1xx_hal_tim.o [1]
HAL_TIM_IC_Init         0x08006717   0x1a  Code  Gb  stm32l1xx_hal_tim.o [1]
HAL_TIM_IC_MspInit      0x08006731    0x2  Code  Wk  stm32l1xx_hal_tim.o [1]
HAL_TIM_IC_Start_IT     0x08006733    0x4  Code  Gb  stm32l1xx_hal_tim.o [1]
HAL_TIM_IC_Stop_IT      0x08006737    0x4  Code  Gb  stm32l1xx_hal_tim.o [1]
HAL_TIM_IRQHandler      0x0800673b  0x112  Code  Gb  stm32l1xx_hal_tim.o [1]
HAL_TIM_OC_DelayElapsedCallback
                        0x08006a81    0x2  Code  Wk  stm32l1xx_hal_tim.o [1]
HAL_TIM_PWM_PulseFinishedCallback
                        0x08006a83    0x2  Code  Wk  stm32l1xx_hal_tim.o [1]
HAL_TIM_PeriodElapsedCallback
                        0x08004e73    0xe  Code  Gb  main.o [1]
HAL_TIM_ReadCapturedValue
                        0x08006a3f   0x42  Code  Gb  stm32l1xx_hal_tim.o [1]
HAL_TIM_TriggerCallback
                        0x08006a85    0x2  Code  Wk  stm32l1xx_hal_tim.o [1]
HAL_UART_ErrorCallback  0x080045d7    0x2  Code  Wk  stm32l1xx_hal_uart.o [1]
HAL_UART_IRQHandler     0x080044cd  0x108  Code  Gb  stm32l1xx_hal_uart.o [1]
HAL_UART_Init           0x08004339   0x26  Code  Gb  stm32l1xx_hal_uart.o [1]
HAL_UART_MspInit        0x08004abb   0x6a  Code  Gb  stm32l1xx_hal_msp.o [1]
HAL_UART_Receive_IT     0x08004465   0x62  Code  Gb  stm32l1xx_hal_uart.o [1]
HAL_UART_RxCpltCallback
                        0x08004e81   0x28  Code  Gb  main.o [1]
HAL_UART_Transmit       0x080043ab   0x90  Code  Gb  stm32l1xx_hal_uart.o [1]
HAL_UART_TxCpltCallback
                        0x080045d5    0x2  Code  Wk  stm32l1xx_hal_uart.o [1]
HEAP$$Base              0x20000e38          --   Gb  - Linker created -
HEAP$$Limit             0x20001038          --   Gb  - Linker created -
HardFault_Handler       0x0800844b    0x2  Code  Gb  stm32l1xx_it.o [1]
InStream_Read           0x08008321   0x22  Code  Lc  packbits_init.o [5]
LoadInt                 0x08001cad   0x6e  Code  Lc  xprintffull.o [3]
MemManage_Handler       0x0800844d    0x2  Code  Gb  stm32l1xx_it.o [1]
NMI_Handler             0x08008449    0x2  Code  Gb  stm32l1xx_it.o [1]
NVIC_SetPriority        0x08006375   0x1a  Code  Lc  stm32l1xx_hal_cortex.o [1]
PendSV_Handler          0x08008457    0x2  Code  Gb  stm32l1xx_it.o [1]
RCC_SetFlashLatencyFromMSIRange
                        0x08005525   0x6c  Code  Lc  stm32l1xx_hal_rcc.o [1]
Region$$Table$$Base     0x080084f8          --   Gb  - Linker created -
Region$$Table$$Limit    0x08008524          --   Gb  - Linker created -
SVC_Handler             0x08008453    0x2  Code  Gb  stm32l1xx_it.o [1]
SysTick_Handler         0x08008459    0xe  Code  Gb  stm32l1xx_it.o [1]
SystemClock_Config      0x08004ea9   0x92  Code  Gb  main.o [1]
SystemCoreClock         0x20000438    0x4  Data  Gb  system_stm32l1xx.o [1]
SystemInit              0x080083f1   0x38  Code  Gb  system_stm32l1xx.o [1]
TIM2_IRQHandler         0x08008467    0x6  Code  Gb  stm32l1xx_it.o [1]
TIM4_IRQHandler         0x08008479    0x6  Code  Gb  stm32l1xx_it.o [1]
TIM_Base_SetConfig      0x08006a87   0x60  Code  Lc  stm32l1xx_hal_tim.o [1]
TIM_CCxChannelCmd       0x08006bf3   0x18  Code  Lc  stm32l1xx_hal_tim.o [1]
TIM_ETR_SetConfig       0x08006bdf   0x14  Code  Lc  stm32l1xx_hal_tim.o [1]
TIM_ITRx_SetConfig      0x08006bcf   0x10  Code  Lc  stm32l1xx_hal_tim.o [1]
TIM_TI1_ConfigInputStage
                        0x08006b55   0x22  Code  Lc  stm32l1xx_hal_tim.o [1]
TIM_TI1_SetConfig       0x08006ae7   0x52  Code  Lc  stm32l1xx_hal_tim.o [1]
TIM_TI2_ConfigInputStage
                        0x08006bab   0x24  Code  Lc  stm32l1xx_hal_tim.o [1]
TIM_TI2_SetConfig       0x08006b77   0x34  Code  Lc  stm32l1xx_hal_tim.o [1]
UART_Receive_IT         0x08004673   0xa0  Code  Lc  stm32l1xx_hal_uart.o [1]
UART_SetConfig          0x08004713  0x130  Code  Lc  stm32l1xx_hal_uart.o [1]
UART_WaitOnFlagUntilTimeout
                        0x080045d9   0x8a  Code  Lc  stm32l1xx_hal_uart.o [1]
USART1_IRQHandler       0x0800846d    0x6  Code  Gb  stm32l1xx_it.o [1]
USART2_IRQHandler       0x08008473    0x6  Code  Gb  stm32l1xx_it.o [1]
UsageFault_Handler      0x08008451    0x2  Code  Gb  stm32l1xx_it.o [1]
_EncodingSb_Mbtowc      0x08003293   0x30  Code  Gb  xencoding_sb.o [3]
_EncodingSb_Wctomb      0x08003279   0x1a  Code  Gb  xencoding_sb.o [3]
_GenldFull              0x08002537  0x24c  Code  Lc  xprintffull.o [3]
_GetN                   0x08005609   0x22  Code  Lc  xscanffull.o [3]
_GetfldFull             0x0800582d  0x102  Code  Lc  xscanffull.o [3]
_GetfloatFull           0x08005dd1  0x4da  Code  Lc  xscanffull.o [3]
_GetintFull             0x08005be3  0x1e8  Code  Lc  xscanffull.o [3]
_GetstrFull             0x08005931  0x2ac  Code  Lc  xscanffull.o [3]
_IsdstStr               0x200003c0    0x4  Data  Gb  setlocale.o [3]
_LdtobFull              0x08002135  0x3fc  Code  Lc  xprintffull.o [3]
_LitobFull              0x0800202d  0x106  Code  Lc  xprintffull.o [3]
_LocaleC_isalpha        0x080074b1   0x16  Code  Gb  xlocale_c.o [3]
_LocaleC_isspace        0x080074c7   0x14  Code  Gb  xlocale_c.o [3]
_LocaleC_tolower        0x08007bf1    0xc  Code  Gb  xlocale_c.o [3]
_LocaleEncoding         0x08003267    0xe  Code  Gb  setlocale.o [3]
_LocaleForCat           0x08003255   0x12  Code  Gb  setlocale.o [3]
_LocaleReturnString     0x200003e0   0x50  Data  Lc  setlocale.o [3]
_Locale_Profile         0x200003c4   0x1c  Data  Gb  setlocale.o [3]
_Locale_aeabi_lconv     0x20000384   0x38  Data  Gb  localeconv.o [3]
_Locale_lconv           0x20000334   0x50  Data  Gb  localeconv.o [3]
_Mbtowc                 0x080027cb   0x20  Code  Gb  xmbtowc.o [3]
_PrintfFull             0x08001679  0x61e  Code  Gb  xprintffull.o [3]
_PutcharsFull           0x08002783   0x2e  Code  Lc  xprintffull.o [3]
_PutstrFull             0x08001d1b  0x30c  Code  Lc  xprintffull.o [3]
_SProut                 0x080027eb    0xa  Code  Gb  xsprout.o [3]
_SScin                  0x0800161b   0x1e  Code  Gb  xsscin.o [3]
_ScanfFull              0x08005645  0x1e2  Code  Gb  xscanffull.o [3]
_Stoflt                 0x08007621  0x1b8  Code  Gb  xstoflt.o [3]
_Stopfx                 0x080074fd  0x124  Code  Gb  xstopfx.o [3]
_Stoxflt                0x080079d9  0x1e2  Code  Gb  xstoxflt.o [3]
_TzoneStr               0x200003bc    0x4  Data  Gb  setlocale.o [3]
_UngetN                 0x0800562b   0x1a  Code  Lc  xscanffull.o [3]
_Wctomb                 0x080028a7   0x1a  Code  Gb  xwctomb.o [3]
__aeabi_cdcmpeq         0x08007bfd         Code  Gb  DblCmpEq.o [4]
__aeabi_cdcmple         0x08002a69         Code  Gb  DblCmpLe.o [4]
__aeabi_cdrcmple        0x08002a99         Code  Gb  DblCmpGe.o [4]
__aeabi_cfcmple         0x0800748d         Code  Gb  FltCmpLe.o [4]
__aeabi_cfrcmple        0x08007469         Code  Gb  FltCmpGe.o [4]
__aeabi_d2f             0x080073d9         Code  Gb  DblToFlt.o [4]
__aeabi_d2iz            0x08002bd5         Code  Gb  DblToI32.o [4]
__aeabi_d2uiz           0x08002c01         Code  Gb  DblToI32.o [4]
__aeabi_dadd            0x080032dd         Code  Gb  DblAdd.o [4]
__aeabi_ddiv            0x08002f81         Code  Gb  DblDiv.o [4]
__aeabi_dmul            0x08002ddd         Code  Gb  DblMul.o [4]
__aeabi_dsub            0x08002c5d         Code  Gb  DblSub.o [4]
__aeabi_errno_addr      0x080074dd    0x6  Code  Gb  errno.o [3]
__aeabi_f2uiz           0x08006f9d         Code  Gb  FltToU32.o [4]
__aeabi_i2d             0x08002c2d         Code  Gb  I32ToDbl.o [4]
__aeabi_ldiv0           0x080032d9         Code  Gb  I64DivZer.o [5]
__aeabi_memclr          0x080048c9         Code  Gb  ABImemclr.o [5]
__aeabi_memclr4         0x08004885         Code  Gb  ABImemclr4.o [5]
__aeabi_ui2d            0x08002c41         Code  Gb  I32ToDbl.o [4]
__aeabi_uldivmod        0x08002939         Code  Gb  I64DivMod.o [5]
__cmain                 0x08008525         Code  Gb  cmain.o [5]
__data_GetMemChunk      0x08001639   0x2c  Code  Gb  xgetmemchunk.o [3]
__exit                  0x08001665   0x14  Code  Gb  exit.o [6]
__iar_Dnorm             0x08002a27   0x42  Code  Gb  xdnorm.o [4]
__iar_Dscale            0x08002ac9  0x10c  Code  Gb  xdscale.o [4]
__iar_Dtentox           0x0800782b  0x14c  Code  Gb  xdtento.o [4]
__iar_Dunscale          0x08007c1d   0x52  Code  Gb  xdunscal.o [4]
__iar_Errno             0x2000043c    0x4  Data  Gb  errno.o [3]
__iar_Locale_lconv_init
                        0x080031d9   0x3a  Code  Gb  localeconv.o [3]
__iar_Mbcurmax          0x0800289d    0xa  Code  Gb  xmbcurmax.o [3]
__iar_Memchr            0x08002845         Code  Gb  memchr.o [5]
__iar_Memset4_word      0x080055d5         Code  Gb  ABImemset48.o [5]
__iar_Memset8_word      0x080055d5         Code  Gb  ABImemset48.o [5]
__iar_Memset_word       0x080062d1         Code  Gb  ABImemset.o [5]
__iar_Stold             0x080073d5    0x4  Code  Gb  xstold.o [4]
__iar_Stoldx            0x0800728d  0x13a  Code  Gb  xstold.o [4]
__iar_Stoll             0x080070d9    0x4  Code  Gb  xstoll.o [3]
__iar_Stollx            0x08007039   0xa0  Code  Gb  xstoll.o [3]
__iar_Stoull            0x08007239    0x4  Code  Gb  xstoull.o [3]
__iar_Stoullx           0x080070dd  0x156  Code  Gb  xstoull.o [3]
__iar_Strchr            0x080027f5         Code  Gb  strchr.o [5]
__iar_Wctob             0x08006fd1   0x36  Code  Gb  xwctob.o [3]
__iar_d2uiz             0x08002c0d         Code  Gb  DblToI32.o [4]
__iar_dadd              0x080032f1         Code  Gb  DblAdd.o [4]
__iar_data_init3        0x080084d1   0x28  Code  Gb  data_init.o [5]
__iar_dlfree            0x080010fb  0x510  Code  Gb  dlmalloc.o [3]
__iar_dlib_perthread_access
                        0x080033c5    0x2  Code  Gb  xtls.o [3]
__iar_dlmalloc          0x08000e45  0x2aa  Code  Gb  dlmalloc.o [3]
__iar_dsub              0x08002c71         Code  Gb  DblSub.o [4]
__iar_dsubStart         0x08002c83         Code  Gb  DblSub.o [4]
__iar_packbits_init3    0x08008343   0xae  Code  Gb  packbits_init.o [5]
__iar_program_start     0x08008565         Code  Gb  cstartup_M.o [5]
__iar_ui2d              0x08002c45         Code  Gb  I32ToDbl.o [4]
__iar_unaligned___aeabi_memcpy
                        0x080028c1         Code  Gb  ABImemcpy_unaligned.o [5]
__iar_unaligned___aeabi_memcpy4
                        0x080028e1         Code  Gb  ABImemcpy_unaligned.o [5]
__iar_unaligned___aeabi_memcpy8
                        0x080028e1         Code  Gb  ABImemcpy_unaligned.o [5]
__iar_unaligned_strcmp  0x080049a5         Code  Gb  strcmp_unaligned.o [5]
__iar_unaligned_strcpy  0x08006331         Code  Gb  strcpy_unaligned.o [5]
__iar_vla_alloc2        0x080048b1   0x12  Code  Gb  vla_alloc.o [3]
__iar_vla_dealloc2      0x080048c3    0x4  Code  Gb  vla_alloc.o [3]
__iar_zero_init3        0x08008491   0x40  Code  Gb  zero_init3.o [5]
__low_level_init        0x0800853f    0x4  Code  Gb  low_level_init.o [3]
__vector_table          0x08000000         Data  Gb  startup_stm32l152xc.o [1]
_call_main              0x08008531         Code  Gb  cmain.o [5]
_exit                   0x08008549         Code  Gb  cexit.o [5]
_gm_                    0x20000440  0x1d8  Data  Lc  dlmalloc.o [3]
_main                   0x0800853b         Code  Gb  cmain.o [5]
aPLLDivisionFactorTable
                        0x080055c4    0x4  Data  Gb  stm32l1xx_hal_rcc.o [1]
aPLLMULFactorTable      0x080055c8    0xc  Data  Gb  stm32l1xx_hal_rcc.o [1]
abort                   0x08001615    0x6  Code  Gb  abort.o [3]
autoInitWithDefaultValues
                        0x08003b49   0x7c  Code  Gb  stm32fxxx_hal_BTDevice.o [1]
autoModeOffHandler      0x0800383d   0x1c  Code  Lc  stm32fxxx_hal_BTDevice.o [1]
autoModeOnHandler       0x0800383b    0x2  Code  Lc  stm32fxxx_hal_BTDevice.o [1]
autoModeStatus          0x20000004    0x1  Data  Lc  stm32fxxx_hal_BTDevice.o [1]
commandArray            0x20000074  0x1c0  Data  Gb  stm32fxxx_hal_BTDevice.o [1]
commandFunctionArray    0x20000010   0x38  Data  Gb  stm32fxxx_hal_BTDevice.o [1]
dataSentCallback        0x20000068    0x4  Data  Lc  stm32fxxx_hal_BTDevice.o [1]
deviceCommandReceivedCallback
                        0x08004e01   0x18  Code  Lc  main.o [1]
deviceCommandReceivedFlag
                        0x20000618    0x1  Data  Lc  main.o [1]
deviceCommandReceivedHandler
                        0x20000050    0x4  Data  Gb  stm32fxxx_hal_BTDevice.o [1]
deviceHuart             0x20000048    0x4  Data  Lc  stm32fxxx_hal_BTDevice.o [1]
deviceStatusHandler     0x080038c9   0x62  Code  Lc  stm32fxxx_hal_BTDevice.o [1]
deviceUartCallback      0x08003bd1  0x11c  Code  Gb  stm32fxxx_hal_BTDevice.o [1]
deviceUartCallbackFlag  0x20000009    0x1  Data  Lc  stm32fxxx_hal_BTDevice.o [1]
dht                     0x20000998   0x7c  Data  Gb  main.o [1]
digits                  0x0800723c   0x28  Data  Lc  xstoull.o [3]
displayMenu             0x080033c9   0x36  Code  Lc  stm32fxxx_hal_BTDevice.o [1]
div                     0x08003245    0xe  Code  Gb  div.o [3]
dmul                    0x080077d9   0x52  Code  Lc  xdtento.o [4]
doTheLEDPlay            0x08004e19   0x54  Code  Lc  main.o [1]
exit                    0x08008543    0x4  Code  Gb  exit.o [3]
flushSensorDataFlag     0x20000005    0x1  Data  Lc  stm32fxxx_hal_BTDevice.o [1]
flushSensorDataHandler  0x08003859   0x14  Code  Lc  stm32fxxx_hal_BTDevice.o [1]
getAutoModeStatusHandler
                        0x080038ad   0x1c  Code  Lc  stm32fxxx_hal_BTDevice.o [1]
getDataFromUser         0x080035f5   0x7c  Code  Lc  stm32fxxx_hal_BTDevice.o [1]
getNetworkStatusHandler
                        0x08003aed   0x1c  Code  Lc  stm32fxxx_hal_BTDevice.o [1]
getSensorData           0x08004d8d   0x72  Code  Lc  main.o [1]
getSensorData           0x20000064    0x4  Data  Lc  stm32fxxx_hal_BTDevice.o [1]
getSensorValueHandler   0x080039ef   0x26  Code  Lc  stm32fxxx_hal_BTDevice.o [1]
getTimerPeriodHandler   0x08003b09   0x1c  Code  Lc  stm32fxxx_hal_BTDevice.o [1]
htim2                   0x200008a8   0x38  Data  Gb  main.o [1]
htim4                   0x200008e0   0x38  Data  Gb  main.o [1]
huart1                  0x20000828   0x40  Data  Gb  main.o [1]
huart2                  0x20000868   0x40  Data  Gb  main.o [1]
husart1RxBuffer         0x2000061c    0x1  Data  Gb  main.o [1]
husart2RxBuffer         0x2000061d    0x1  Data  Gb  main.o [1]
init_mparams            0x0800013f   0x32  Code  Lc  dlmalloc.o [3]
init_top                0x08000171   0x34  Code  Lc  dlmalloc.o [3]
isalpha                 0x08007011   0x14  Code  Gb  isxxx.o [3]
isspace                 0x08007025   0x14  Code  Gb  isxxx.o [3]
lastCommandTick         0x20000824    0x4  Data  Lc  stm32fxxx_hal_BTDevice.o [1]
lastInterruptTick       0x2000006c    0x4  Data  Lc  stm32fxxx_hal_BTDevice.o [1]
localDataBuffer         0x20000620  0x100  Data  Lc  main.o [1]
localDataLength         0x2000061a    0x2  Data  Lc  main.o [1]
localDeviceUartRxBuffer
                        0x20000060    0x4  Data  Lc  stm32fxxx_hal_BTDevice.o [1]
localeconv              0x08003213   0x16  Code  Gb  localeconv.o [3]
main                    0x08004b55  0x22c  Code  Gb  main.o [1]
memchr                  0x08002845         Code  Gb  memchr.o [5]
menuHandler             0x08003839    0x2  Code  Lc  stm32fxxx_hal_BTDevice.o [1]
mparams                 0x20000a14   0x18  Data  Lc  dlmalloc.o [3]
ndigs                   0x08007264   0x28  Data  Lc  xstoull.o [3]
networkJoinHandler      0x08003a43   0x2e  Code  Lc  stm32fxxx_hal_BTDevice.o [1]
networkJoinStatus       0x20000006    0x1  Data  Lc  stm32fxxx_hal_BTDevice.o [1]
periodCounter           0x2000004c    0x4  Data  Lc  stm32fxxx_hal_BTDevice.o [1]
pows                    0x08007990   0x48  Data  Lc  xdtento.o [4]
prepend_alloc           0x080001a5  0x36c  Code  Lc  dlmalloc.o [3]
rcvDataLength           0x20000822    0x2  Data  Lc  stm32fxxx_hal_BTDevice.o [1]
readInputBuffer         0x08003d27   0xac  Code  Gb  stm32fxxx_hal_BTDevice.o [1]
resetInputBuffer        0x08003b33   0x16  Code  Lc  stm32fxxx_hal_BTDevice.o [1]
rfSignalCheckCopy       0x20000000    0x4  Data  Lc  stm32fxxx_hal_BTDevice.o [1]
rfSignalCheckHandler    0x08003a15   0x2e  Code  Lc  stm32fxxx_hal_BTDevice.o [1]
rxDeviceBuffer          0x20000720  0x100  Data  Lc  stm32fxxx_hal_BTDevice.o [1]
rxDeviceState           0x20000820    0x1  Data  Lc  stm32fxxx_hal_BTDevice.o [1]
savedDataBuffer         0x2000005c    0x4  Data  Lc  stm32fxxx_hal_BTDevice.o [1]
segment_holding         0x08000125   0x1a  Code  Lc  dlmalloc.o [3]
sendDataHandler         0x080039c9   0x26  Code  Lc  stm32fxxx_hal_BTDevice.o [1]
sendDataToDevice        0x080036b3   0xb8  Code  Lc  stm32fxxx_hal_BTDevice.o [1]
sendSampleDataHandler   0x08003a87   0x66  Code  Lc  stm32fxxx_hal_BTDevice.o [1]
sensorDataMaxLength     0x2000000c    0x2  Data  Lc  stm32fxxx_hal_BTDevice.o [1]
setTimerPeriod          0x08003791   0x62  Code  Lc  stm32fxxx_hal_BTDevice.o [1]
setTimerPeriodHandler   0x08003b31    0x2  Code  Lc  stm32fxxx_hal_BTDevice.o [1]
setUserUartInCommandMode
                        0x0800358d   0x28  Code  Lc  stm32fxxx_hal_BTDevice.o [1]
setUserUartInTimerSettingsMode
                        0x0800346d   0x36  Code  Lc  stm32fxxx_hal_BTDevice.o [1]
sprintf                 0x080048d1   0x34  Code  Gb  sprintf.o [3]
sscanf                  0x0800488d   0x24  Code  Gb  sscanf.o [3]
startAutoMode           0x080037f3   0x3a  Code  Lc  stm32fxxx_hal_BTDevice.o [1]
strcat                  0x08004905   0x1c  Code  Gb  strcat.o [3]
strchr                  0x080027f5         Code  Gb  strchr.o [5]
strdup                  0x08004921   0x18  Code  Gb  strdup.o [3]
strlen                  0x0800280d         Code  Gb  strlen.o [5]
sys_alloc               0x08000511  0x386  Code  Lc  dlmalloc.o [3]
timerCallbackFlag       0x2000000a    0x1  Data  Lc  stm32fxxx_hal_BTDevice.o [1]
timerPeriod             0x20000054    0x4  Data  Lc  stm32fxxx_hal_BTDevice.o [1]
timerReadyToSend        0x08003e49   0x2c  Code  Gb  stm32fxxx_hal_BTDevice.o [1]
tmalloc_large           0x080008a5  0x390  Code  Lc  dlmalloc.o [3]
tmalloc_small           0x08000c35  0x210  Code  Lc  dlmalloc.o [3]
tolower                 0x080074e9   0x14  Code  Gb  tolower.o [3]
userHuart               0x20000058    0x4  Data  Lc  stm32fxxx_hal_BTDevice.o [1]
userInputBuffer         0x20000918   0x80  Data  Lc  stm32fxxx_hal_BTDevice.o [1]
userInputBufferIndex    0x2000000e    0x2  Data  Lc  stm32fxxx_hal_BTDevice.o [1]
userUartCallbackFlag    0x20000008    0x1  Data  Lc  stm32fxxx_hal_BTDevice.o [1]
userUartMode            0x20000007    0x1  Data  Lc  stm32fxxx_hal_BTDevice.o [1]
uwTick                  0x20000a2c    0x4  Data  Lc  stm32l1xx_hal.o [1]


[1] = Z:\home\cynako\git\CynaCons\stm32_BluTechDevice\BluTechDevice_stm32l152_dht22_IARExemple\EWARM\BluTechDevice_stm32l152_dht22\Obj
[2] = command line
[3] = dl7M_tlf.a
[4] = m7M_tl.a
[5] = rt7M_tl.a
[6] = shb_l.a

  32 598 bytes of readonly  code memory
   2 103 bytes of readonly  data memory
   4 148 bytes of readwrite data memory

Errors: none
Warnings: none
