###############################################################################
#
# IAR ELF Linker V7.40.7.9843/W32 for ARM                 09/Sep/2016  23:44:01
# Copyright 2007-2015 IAR Systems AB.
#
#    Output file  =  
#        Z:\home\cynako\git\CynaCons\stm32_BluTechDevice\Projects\BluTechDevice_stm32l152_lightSensor\EWARM\BluTechDevice_stm32l152_lightSensor\Exe\BluTechDevice_stm32l152_lightSensor.out
#    Map file     =  
#        Z:\home\cynako\git\CynaCons\stm32_BluTechDevice\Projects\BluTechDevice_stm32l152_lightSensor\EWARM\BluTechDevice_stm32l152_lightSensor\List\BluTechDevice_stm32l152_lightSensor.map
#    Command line =  
#        Z:\home\cynako\git\CynaCons\stm32_BluTechDevice\Projects\BluTechDevice_stm32l152_lightSensor\EWARM\BluTechDevice_stm32l152_lightSensor\Obj\buzzer.o
#        Z:\home\cynako\git\CynaCons\stm32_BluTechDevice\Projects\BluTechDevice_stm32l152_lightSensor\EWARM\BluTechDevice_stm32l152_lightSensor\Obj\main.o
#        Z:\home\cynako\git\CynaCons\stm32_BluTechDevice\Projects\BluTechDevice_stm32l152_lightSensor\EWARM\BluTechDevice_stm32l152_lightSensor\Obj\startup_stm32l152xc.o
#        Z:\home\cynako\git\CynaCons\stm32_BluTechDevice\Projects\BluTechDevice_stm32l152_lightSensor\EWARM\BluTechDevice_stm32l152_lightSensor\Obj\stm32fxxx_hal_BTDevice.o
#        Z:\home\cynako\git\CynaCons\stm32_BluTechDevice\Projects\BluTechDevice_stm32l152_lightSensor\EWARM\BluTechDevice_stm32l152_lightSensor\Obj\stm32l152c_discovery.o
#        Z:\home\cynako\git\CynaCons\stm32_BluTechDevice\Projects\BluTechDevice_stm32l152_lightSensor\EWARM\BluTechDevice_stm32l152_lightSensor\Obj\stm32l1xx_hal.o
#        Z:\home\cynako\git\CynaCons\stm32_BluTechDevice\Projects\BluTechDevice_stm32l152_lightSensor\EWARM\BluTechDevice_stm32l152_lightSensor\Obj\stm32l1xx_hal_adc.o
#        Z:\home\cynako\git\CynaCons\stm32_BluTechDevice\Projects\BluTechDevice_stm32l152_lightSensor\EWARM\BluTechDevice_stm32l152_lightSensor\Obj\stm32l1xx_hal_adc_ex.o
#        Z:\home\cynako\git\CynaCons\stm32_BluTechDevice\Projects\BluTechDevice_stm32l152_lightSensor\EWARM\BluTechDevice_stm32l152_lightSensor\Obj\stm32l1xx_hal_cortex.o
#        Z:\home\cynako\git\CynaCons\stm32_BluTechDevice\Projects\BluTechDevice_stm32l152_lightSensor\EWARM\BluTechDevice_stm32l152_lightSensor\Obj\stm32l1xx_hal_dma.o
#        Z:\home\cynako\git\CynaCons\stm32_BluTechDevice\Projects\BluTechDevice_stm32l152_lightSensor\EWARM\BluTechDevice_stm32l152_lightSensor\Obj\stm32l1xx_hal_flash.o
#        Z:\home\cynako\git\CynaCons\stm32_BluTechDevice\Projects\BluTechDevice_stm32l152_lightSensor\EWARM\BluTechDevice_stm32l152_lightSensor\Obj\stm32l1xx_hal_flash_ex.o
#        Z:\home\cynako\git\CynaCons\stm32_BluTechDevice\Projects\BluTechDevice_stm32l152_lightSensor\EWARM\BluTechDevice_stm32l152_lightSensor\Obj\stm32l1xx_hal_flash_ramfunc.o
#        Z:\home\cynako\git\CynaCons\stm32_BluTechDevice\Projects\BluTechDevice_stm32l152_lightSensor\EWARM\BluTechDevice_stm32l152_lightSensor\Obj\stm32l1xx_hal_gpio.o
#        Z:\home\cynako\git\CynaCons\stm32_BluTechDevice\Projects\BluTechDevice_stm32l152_lightSensor\EWARM\BluTechDevice_stm32l152_lightSensor\Obj\stm32l1xx_hal_msp.o
#        Z:\home\cynako\git\CynaCons\stm32_BluTechDevice\Projects\BluTechDevice_stm32l152_lightSensor\EWARM\BluTechDevice_stm32l152_lightSensor\Obj\stm32l1xx_hal_pwr.o
#        Z:\home\cynako\git\CynaCons\stm32_BluTechDevice\Projects\BluTechDevice_stm32l152_lightSensor\EWARM\BluTechDevice_stm32l152_lightSensor\Obj\stm32l1xx_hal_pwr_ex.o
#        Z:\home\cynako\git\CynaCons\stm32_BluTechDevice\Projects\BluTechDevice_stm32l152_lightSensor\EWARM\BluTechDevice_stm32l152_lightSensor\Obj\stm32l1xx_hal_rcc.o
#        Z:\home\cynako\git\CynaCons\stm32_BluTechDevice\Projects\BluTechDevice_stm32l152_lightSensor\EWARM\BluTechDevice_stm32l152_lightSensor\Obj\stm32l1xx_hal_rcc_ex.o
#        Z:\home\cynako\git\CynaCons\stm32_BluTechDevice\Projects\BluTechDevice_stm32l152_lightSensor\EWARM\BluTechDevice_stm32l152_lightSensor\Obj\stm32l1xx_hal_tim.o
#        Z:\home\cynako\git\CynaCons\stm32_BluTechDevice\Projects\BluTechDevice_stm32l152_lightSensor\EWARM\BluTechDevice_stm32l152_lightSensor\Obj\stm32l1xx_hal_tim_ex.o
#        Z:\home\cynako\git\CynaCons\stm32_BluTechDevice\Projects\BluTechDevice_stm32l152_lightSensor\EWARM\BluTechDevice_stm32l152_lightSensor\Obj\stm32l1xx_hal_uart.o
#        Z:\home\cynako\git\CynaCons\stm32_BluTechDevice\Projects\BluTechDevice_stm32l152_lightSensor\EWARM\BluTechDevice_stm32l152_lightSensor\Obj\stm32l1xx_it.o
#        Z:\home\cynako\git\CynaCons\stm32_BluTechDevice\Projects\BluTechDevice_stm32l152_lightSensor\EWARM\BluTechDevice_stm32l152_lightSensor\Obj\system_stm32l1xx.o
#        --redirect _Printf=_PrintfFull --redirect _Scanf=_ScanfFull -o
#        Z:\home\cynako\git\CynaCons\stm32_BluTechDevice\Projects\BluTechDevice_stm32l152_lightSensor\EWARM\BluTechDevice_stm32l152_lightSensor\Exe\BluTechDevice_stm32l152_lightSensor.out
#        --map
#        Z:\home\cynako\git\CynaCons\stm32_BluTechDevice\Projects\BluTechDevice_stm32l152_lightSensor\EWARM\BluTechDevice_stm32l152_lightSensor\List\BluTechDevice_stm32l152_lightSensor.map
#        --config
#        Z:\home\cynako\git\CynaCons\stm32_BluTechDevice\Projects\BluTechDevice_stm32l152_lightSensor\EWARM/stm32l152xc_flash.icf
#        --semihosting --entry __iar_program_start --vfe
#
###############################################################################

*******************************************************************************
*** RUNTIME MODEL ATTRIBUTES
***

CppFlavor                     = *
__Heap_Handler                = DLMalloc
__SystemLibrary               = DLib
__dlib_dynamic_initialization = normal


*******************************************************************************
*** PLACEMENT SUMMARY
***

"A1":  place at 0x08000000 { ro section .intvec };
"P1":  place in [from 0x08000000 to 0x0803ffff] { ro };
"P2":  place in [from 0x20000000 to 0x20007fff] { rw, block CSTACK, block HEAP };

  Section             Kind        Address    Size  Object
  -------             ----        -------    ----  ------
"A1":                                       0x124
  .intvec             ro code  0x08000000   0x124  startup_stm32l152xc.o [1]
                             - 0x08000124   0x124

"P1":                                      0x90cf
  .text               ro code  0x08000124  0x14f0  dlmalloc.o [3]
  .text               ro code  0x08001614     0x6  abort.o [3]
  .text               ro code  0x0800161a    0x1e  xsscin.o [3]
  .text               ro code  0x08001638    0x2c  xgetmemchunk.o [3]
  .text               ro code  0x08001664    0x14  exit.o [6]
  .text               ro code  0x08001678  0x140c  stm32fxxx_hal_BTDevice.o [1]
  .text               ro code  0x08002a84     0xa  isdigit.o [3]
  .text               ro code  0x08002a8e     0xa  xsprout.o [3]
  .text               ro code  0x08002a98   0x198  xstoul.o [3]
  .text               ro code  0x08002c30    0x76  ABImemcpy_unaligned.o [5]
  .text               ro code  0x08002ca8    0x36  strlen.o [5]
  .text               ro code  0x08002ce0   0x54a  stm32l1xx_hal_uart.o [1]
  .text               ro code  0x0800322c     0x6  ABImemclr4.o [5]
  .text               ro code  0x08003234    0x6c  strncpy_unaligned.o [5]
  .text               ro code  0x080032a0    0x16  vla_alloc.o [3]
  .text               ro code  0x080032b8     0x6  ABImemclr.o [5]
  .text               ro code  0x080032c0    0x34  sprintf.o [3]
  .text               ro code  0x080032f4    0x1c  strcat.o [3]
  .text               ro code  0x08003310    0x18  strdup.o [3]
  .text               ro code  0x08003328    0x24  sscanf.o [3]
  .text               ro code  0x0800334c    0x6c  stm32l1xx_hal.o [1]
  .text               ro code  0x080033b8    0x42  strcmp_unaligned.o [5]
  .text               ro code  0x080033fa    0x28  isxxx.o [3]
  .text               ro code  0x08003422    0x14  tolower.o [3]
  .text               ro code  0x08003438    0x58  memchr.o [5]
  .text               ro code  0x08003490     0xc  errno.o [3]
  .text               ro code  0x0800349c   0x1e4  stm32l1xx_hal_msp.o [1]
  .text               ro code  0x08003680   0x504  main.o [1]
  .text               ro code  0x08003b84   0x5f0  stm32l1xx_hal_rcc.o [1]
  .text               ro code  0x08004174    0x32  ABImemset48.o [5]
  .text               ro code  0x080041a8    0x5e  ABImemset.o [5]
  .text               ro code  0x08004208  0x1152  xprintffull.o [3]
  .text               ro code  0x0800535c    0x44  strcpy_unaligned.o [5]
  .text               ro code  0x080053a0   0xcc8  xscanffull.o [3]
  .text               ro code  0x08006068    0xe2  stm32l1xx_hal_cortex.o [1]
  .text               ro code  0x0800614c    0x24  setlocale.o [3]
  .text               ro code  0x08006170    0x16  xlocale_c.o [3]
  .text               ro code  0x08006186    0x14  xlocale_c.o [3]
  .text               ro code  0x0800619a     0xc  xlocale_c.o [3]
  .text               ro code  0x080061a6     0x2  xtls.o [3]
  .text               ro code  0x080061a8   0x1b8  stm32l1xx_hal_gpio.o [1]
  .text               ro code  0x08006360   0x49c  stm32l1xx_hal_adc.o [1]
  .text               ro code  0x080067fc   0x56e  stm32l1xx_hal_tim.o [1]
  .text               ro code  0x08006d6a    0x4a  stm32l1xx_hal_tim_ex.o [1]
  .text               ro code  0x08006db4    0xa0  stm32l152c_discovery.o [1]
  .text               ro code  0x08006e54   0x144  buzzer.o [1]
  .text               ro code  0x08006f98    0x10  stm32l1xx_hal_pwr_ex.o [1]
  .text               ro code  0x08006fa8    0x20  xmbtowc.o [3]
  .text               ro code  0x08006fc8    0x16  strchr.o [5]
  .text               ro code  0x08006fde     0xa  xmbcurmax.o [3]
  .text               ro code  0x08006fe8    0x1a  xwctomb.o [3]
  .text               ro code  0x08007004    0xee  I64DivMod.o [5]
  .text               ro code  0x080070f2    0x42  xdnorm.o [4]
  .text               ro code  0x08007134    0x2e  DblCmpLe.o [4]
  .text               ro code  0x08007164    0x2e  DblCmpGe.o [4]
  .text               ro code  0x08007194   0x10c  xdscale.o [4]
  .text               ro code  0x080072a0    0x58  DblToI32.o [4]
  .text               ro code  0x080072f8    0x30  I32ToDbl.o [4]
  .text               ro code  0x08007328   0x180  DblSub.o [4]
  .text               ro code  0x080074a8   0x1a2  DblMul.o [4]
  .text               ro code  0x0800764c   0x256  DblDiv.o [4]
  .text               ro code  0x080078a4    0x6c  localeconv.o [3]
  .text               ro code  0x08007910     0xe  div.o [3]
  .text               ro code  0x08007920    0x40  xwctob.o [3]
  .text               ro code  0x08007960    0xa4  xstoll.o [3]
  .text               ro code  0x08007a04   0x1b0  xstoull.o [3]
  .text               ro code  0x08007bb4   0x14c  xstold.o [4]
  .text               ro code  0x08007d00    0x90  DblToFlt.o [4]
  .text               ro code  0x08007d90    0xfc  FltDiv.o [4]
  .text               ro code  0x08007e8c    0x24  FltToU32.o [4]
  .text               ro code  0x08007eb0    0x60  xencoding_sb.o [3]
  .text               ro code  0x08007f10     0x2  I64DivZer.o [5]
  .text               ro code  0x08007f14    0xe8  DblAdd.o [4]
  .text               ro code  0x08007ffc   0x124  xstopfx.o [3]
  .text               ro code  0x08008120   0x1b8  xstoflt.o [3]
  .text               ro code  0x080082d8   0x200  xdtento.o [4]
  .text               ro code  0x080084d8   0x218  xstoxflt.o [3]
  .text               ro code  0x080086f0    0x20  DblCmpEq.o [4]
  .text               ro code  0x08008710    0x52  xdunscal.o [4]
  .rodata             const    0x08008764   0x620  stm32fxxx_hal_BTDevice.o [1]
  .text               ro code  0x08008d84    0xd0  packbits_init.o [5]
  .text               ro code  0x08008e54    0x58  system_stm32l1xx.o [1]
  .text               ro code  0x08008eac    0x48  stm32l1xx_it.o [1]
  .text               ro code  0x08008ef4    0x40  zero_init3.o [5]
  .text               ro code  0x08008f34    0x28  data_init.o [5]
  .iar.init_table     const    0x08008f5c    0x2c  - Linker created -
  .text               ro code  0x08008f88    0x1a  cmain.o [5]
  .text               ro code  0x08008fa2     0x4  low_level_init.o [3]
  .text               ro code  0x08008fa6     0x4  exit.o [3]
  .text               ro code  0x08008fac     0xa  cexit.o [5]
  .text               ro code  0x08008fb8    0x10  startup_stm32l152xc.o [1]
  .text               ro code  0x08008fc8     0xc  cstartup_M.o [5]
  .rodata             const    0x08008fd4     0x8  system_stm32l1xx.o [1]
  .text               ro code  0x08008fdc     0x4  startup_stm32l152xc.o [1]
  .text               ro code  0x08008fe0     0x4  startup_stm32l152xc.o [1]
  .text               ro code  0x08008fe4     0x4  startup_stm32l152xc.o [1]
  .text               ro code  0x08008fe8     0x4  startup_stm32l152xc.o [1]
  .text               ro code  0x08008fec     0x4  startup_stm32l152xc.o [1]
  .text               ro code  0x08008ff0     0x4  startup_stm32l152xc.o [1]
  .text               ro code  0x08008ff4     0x4  startup_stm32l152xc.o [1]
  .text               ro code  0x08008ff8     0x4  startup_stm32l152xc.o [1]
  .text               ro code  0x08008ffc     0x4  startup_stm32l152xc.o [1]
  .text               ro code  0x08009000     0x4  startup_stm32l152xc.o [1]
  .text               ro code  0x08009004     0x4  startup_stm32l152xc.o [1]
  .text               ro code  0x08009008     0x4  startup_stm32l152xc.o [1]
  .text               ro code  0x0800900c     0x4  startup_stm32l152xc.o [1]
  .text               ro code  0x08009010     0x4  startup_stm32l152xc.o [1]
  .text               ro code  0x08009014     0x4  startup_stm32l152xc.o [1]
  .text               ro code  0x08009018     0x4  startup_stm32l152xc.o [1]
  .text               ro code  0x0800901c     0x4  startup_stm32l152xc.o [1]
  .text               ro code  0x08009020     0x4  startup_stm32l152xc.o [1]
  .text               ro code  0x08009024     0x4  startup_stm32l152xc.o [1]
  .text               ro code  0x08009028     0x4  startup_stm32l152xc.o [1]
  .text               ro code  0x0800902c     0x4  startup_stm32l152xc.o [1]
  .text               ro code  0x08009030     0x4  startup_stm32l152xc.o [1]
  .text               ro code  0x08009034     0x4  startup_stm32l152xc.o [1]
  .text               ro code  0x08009038     0x4  startup_stm32l152xc.o [1]
  .text               ro code  0x0800903c     0x4  startup_stm32l152xc.o [1]
  .text               ro code  0x08009040     0x4  startup_stm32l152xc.o [1]
  .text               ro code  0x08009044     0x4  startup_stm32l152xc.o [1]
  .text               ro code  0x08009048     0x4  startup_stm32l152xc.o [1]
  .text               ro code  0x0800904c     0x4  startup_stm32l152xc.o [1]
  .text               ro code  0x08009050     0x4  startup_stm32l152xc.o [1]
  .text               ro code  0x08009054     0x4  startup_stm32l152xc.o [1]
  .text               ro code  0x08009058     0x4  startup_stm32l152xc.o [1]
  .text               ro code  0x0800905c     0x4  startup_stm32l152xc.o [1]
  .text               ro code  0x08009060     0x4  startup_stm32l152xc.o [1]
  .text               ro code  0x08009064     0x4  startup_stm32l152xc.o [1]
  .text               ro code  0x08009068     0x4  startup_stm32l152xc.o [1]
  .text               ro code  0x0800906c     0x4  startup_stm32l152xc.o [1]
  .text               ro code  0x08009070     0x4  startup_stm32l152xc.o [1]
  .text               ro code  0x08009074     0x4  startup_stm32l152xc.o [1]
  .text               ro code  0x08009078     0x4  startup_stm32l152xc.o [1]
  .text               ro code  0x0800907c     0x4  startup_stm32l152xc.o [1]
  .text               ro code  0x08009080     0x4  startup_stm32l152xc.o [1]
  .text               ro code  0x08009084     0x4  startup_stm32l152xc.o [1]
  .text               ro code  0x08009088     0x4  startup_stm32l152xc.o [1]
  .text               ro code  0x0800908c     0x4  startup_stm32l152xc.o [1]
  .text               ro code  0x08009090     0x4  startup_stm32l152xc.o [1]
  .text               ro code  0x08009094     0x4  startup_stm32l152xc.o [1]
  .text               ro code  0x08009098     0x4  startup_stm32l152xc.o [1]
  .text               ro code  0x0800909c     0x4  startup_stm32l152xc.o [1]
  .rodata             const    0x080090a0     0x0  zero_init3.o [5]
  .rodata             const    0x080090a0     0x0  packbits_init.o [5]
  Initializer bytes   const    0x080090a0   0x153  <for P2 s0>
                             - 0x080091f3  0x90cf

"P2":                                      0x1020
  P2 s0                        0x20000000   0x444  <Init block>
    .data             inited   0x20000000   0x338  stm32fxxx_hal_BTDevice.o [1]
    __DLIB_PERTHREAD  inited   0x20000338    0x88  localeconv.o [3]
    __DLIB_PERTHREAD  inited   0x200003c0    0x74  setlocale.o [3]
    .data             inited   0x20000434     0x8  stm32l152c_discovery.o [1]
    .data             inited   0x2000043c     0x4  system_stm32l1xx.o [1]
    __DLIB_PERTHREAD  inited   0x20000440     0x4  errno.o [3]
  .bss                zero     0x20000444   0x1d8  dlmalloc.o [3]
  .bss                zero     0x2000061c   0x15c  main.o [1]
  .bss                zero     0x20000778   0x108  stm32fxxx_hal_BTDevice.o [1]
  .bss                zero     0x20000880    0xf0  main.o [1]
  .bss                zero     0x20000970    0x80  stm32fxxx_hal_BTDevice.o [1]
  .bss                zero     0x200009f0    0x18  dlmalloc.o [3]
  .bss                zero     0x20000a08    0x10  stm32fxxx_hal_BTDevice.o [1]
  .bss                zero     0x20000a18     0x4  stm32l1xx_hal.o [1]
  .bss                zero     0x20000a1c     0x4  xgetmemchunk.o [3]
  CSTACK                       0x20000a20   0x400  <Block>
    CSTACK            uninit   0x20000a20   0x400  <Block tail>
  HEAP                         0x20000e20   0x200  <Block>
    HEAP              uninit   0x20000e20   0x200  <Block tail>
                             - 0x20001020  0x1020


*******************************************************************************
*** INIT TABLE
***

          Address     Size
          -------     ----
Zero (__iar_zero_init3)
    1 destination range, total size 0x5dc:
          0x20000444  0x5dc

Copy/packbits (__iar_packbits_init3)
    1 source range, total size 0x153 (31% of destination):
          0x080090a0  0x153
    1 destination range, total size 0x444:
          0x20000000  0x444



*******************************************************************************
*** MODULE SUMMARY
***

    Module                    ro code  ro data  rw data
    ------                    -------  -------  -------
Z:\home\cynako\git\CynaCons\stm32_BluTechDevice\Projects\BluTechDevice_stm32l152_lightSensor\EWARM\BluTechDevice_stm32l152_lightSensor\Obj: [1]
    buzzer.o                      324
    main.o                      1 284               588
    startup_stm32l152xc.o         504
    stm32fxxx_hal_BTDevice.o    5 132    1 823    1 232
    stm32l152c_discovery.o        160        2        8
    stm32l1xx_hal.o               108                 4
    stm32l1xx_hal_adc.o         1 180
    stm32l1xx_hal_cortex.o        226
    stm32l1xx_hal_gpio.o          440
    stm32l1xx_hal_msp.o           484
    stm32l1xx_hal_pwr_ex.o         16
    stm32l1xx_hal_rcc.o         1 520
    stm32l1xx_hal_tim.o         1 390
    stm32l1xx_hal_tim_ex.o         74
    stm32l1xx_hal_uart.o        1 354
    stm32l1xx_it.o                 72
    system_stm32l1xx.o             88        9        4
    ---------------------------------------------------
    Total:                     14 356    1 834    1 836

command line: [2]
    ---------------------------------------------------
    Total:

dl7M_tlf.a: [3]
    abort.o                         6
    div.o                          14
    dlmalloc.o                  5 360               496
    errno.o                        12        2        4
    exit.o                          4
    isdigit.o                      10
    isxxx.o                        40
    localeconv.o                  108       43      136
    low_level_init.o                4
    setlocale.o                    36       36      116
    sprintf.o                      52
    sscanf.o                       36
    strcat.o                       28
    strdup.o                       24
    tolower.o                      20
    vla_alloc.o                    22
    xencoding_sb.o                 96
    xgetmemchunk.o                 44                 4
    xlocale_c.o                    54
    xmbcurmax.o                    10
    xmbtowc.o                      32
    xprintffull.o               4 434
    xscanffull.o                3 272
    xsprout.o                      10
    xsscin.o                       30
    xstoflt.o                     440
    xstoll.o                      164
    xstopfx.o                     292
    xstoul.o                      408
    xstoull.o                     432
    xstoxflt.o                    536
    xtls.o                          2
    xwctob.o                       64
    xwctomb.o                      26
    ---------------------------------------------------
    Total:                     16 122       81      756

m7M_tl.a: [4]
    DblAdd.o                      232
    DblCmpEq.o                     32
    DblCmpGe.o                     46
    DblCmpLe.o                     46
    DblDiv.o                      598
    DblMul.o                      418
    DblSub.o                      384
    DblToFlt.o                    144
    DblToI32.o                     88
    FltDiv.o                      252
    FltToU32.o                     36
    I32ToDbl.o                     48
    xdnorm.o                       66
    xdscale.o                     268
    xdtento.o                     512
    xdunscal.o                     82
    xstold.o                      332
    ---------------------------------------------------
    Total:                      3 584

rt7M_tl.a: [5]
    ABImemclr.o                     6
    ABImemclr4.o                    6
    ABImemcpy_unaligned.o         118
    ABImemset.o                    94
    ABImemset48.o                  50
    I64DivMod.o                   238
    I64DivZer.o                     2
    cexit.o                        10
    cmain.o                        26
    cstartup_M.o                   12
    data_init.o                    40
    memchr.o                       88
    packbits_init.o               208
    strchr.o                       22
    strcmp_unaligned.o             66
    strcpy_unaligned.o             68
    strlen.o                       54
    strncpy_unaligned.o           108
    zero_init3.o                   64
    ---------------------------------------------------
    Total:                      1 280

shb_l.a: [6]
    exit.o                         20
    ---------------------------------------------------
    Total:                         20

    Gaps                           40        2
    Linker created                          44    1 536
-------------------------------------------------------
    Grand Total:               35 402    1 961    4 128


*******************************************************************************
*** ENTRY LIST
***

Entry                      Address   Size  Type      Object
-----                      -------   ----  ----      ------
.iar.init_table$$Base   0x08008f5c          --   Gb  - Linker created -
.iar.init_table$$Limit  0x08008f88          --   Gb  - Linker created -
?main                   0x08008f89         Code  Gb  cmain.o [5]
ADC_ConversionStop_Disable
                        0x080067b9   0x44  Code  Gb  stm32l1xx_hal_adc.o [1]
ADC_Enable              0x08006729   0x6c  Code  Gb  stm32l1xx_hal_adc.o [1]
AHBPrescTable           0x08008e9c   0x10  Data  Gb  system_stm32l1xx.o [1]
APBPrescTable           0x08008fd4    0x8  Data  Gb  system_stm32l1xx.o [1]
BSP_LED_Init            0x08006db5   0x4e  Code  Gb  stm32l152c_discovery.o [1]
BSP_LED_Off             0x08006e21   0x14  Code  Gb  stm32l152c_discovery.o [1]
BSP_LED_On              0x08006e0d   0x14  Code  Gb  stm32l152c_discovery.o [1]
BSP_LED_Toggle          0x08006e35   0x12  Code  Gb  stm32l152c_discovery.o [1]
BTDevice_deviceUartCallback
                        0x08002453    0xa  Code  Gb  stm32fxxx_hal_BTDevice.o [1]
BTDevice_displayMenu    0x08002287    0x4  Code  Gb  stm32fxxx_hal_BTDevice.o [1]
BTDevice_init           0x0800228b   0x42  Code  Gb  stm32fxxx_hal_BTDevice.o [1]
BTDevice_initLoop       0x08002465   0x60  Code  Gb  stm32fxxx_hal_BTDevice.o [1]
BTDevice_mainLoop       0x080024c9   0x7c  Code  Gb  stm32fxxx_hal_BTDevice.o [1]
BTDevice_sendData       0x08002387   0x3e  Code  Gb  stm32fxxx_hal_BTDevice.o [1]
BTDevice_timerCallback  0x0800245d    0x8  Code  Gb  stm32fxxx_hal_BTDevice.o [1]
BTDevice_userUartCallback
                        0x0800242d   0x26  Code  Gb  stm32fxxx_hal_BTDevice.o [1]
BusFault_Handler        0x08008eb3    0x2  Code  Gb  stm32l1xx_it.o [1]
Buzzer_playImperialMarch
                        0x08006e7d   0xbe  Code  Gb  buzzer.o [1]
CSTACK$$Base            0x20000a20          --   Gb  - Linker created -
CSTACK$$Limit           0x20000e20          --   Gb  - Linker created -
DebugMon_Handler        0x08008eb9    0x2  Code  Gb  stm32l1xx_it.o [1]
GPIO_PIN                0x08006e50    0x4  Data  Gb  stm32l152c_discovery.o [1]
GPIO_PORT               0x20000434    0x8  Data  Gb  stm32l152c_discovery.o [1]
HAL_ADC_ConfigChannel   0x08006609  0x104  Code  Gb  stm32l1xx_hal_adc.o [1]
HAL_ADC_GetValue        0x08006603    0x6  Code  Gb  stm32l1xx_hal_adc.o [1]
HAL_ADC_Init            0x08006361  0x134  Code  Gb  stm32l1xx_hal_adc.o [1]
HAL_ADC_MspInit         0x08003523   0x3a  Code  Gb  stm32l1xx_hal_msp.o [1]
HAL_ADC_PollForConversion
                        0x080064ef   0x9e  Code  Gb  stm32l1xx_hal_adc.o [1]
HAL_ADC_Start           0x080064a1   0x2a  Code  Gb  stm32l1xx_hal_adc.o [1]
HAL_ADC_Stop            0x080064cb   0x24  Code  Gb  stm32l1xx_hal_adc.o [1]
HAL_Delay               0x08003397   0x18  Code  Wk  stm32l1xx_hal.o [1]
HAL_GPIO_Init           0x080061a9  0x186  Code  Gb  stm32l1xx_hal_gpio.o [1]
HAL_GPIO_TogglePin      0x08006337    0x8  Code  Gb  stm32l1xx_hal_gpio.o [1]
HAL_GPIO_WritePin       0x0800632f    0x8  Code  Gb  stm32l1xx_hal_gpio.o [1]
HAL_GetTick             0x08003391    0x6  Code  Wk  stm32l1xx_hal.o [1]
HAL_IncTick             0x08003387    0xa  Code  Wk  stm32l1xx_hal.o [1]
HAL_Init                0x0800334d   0x16  Code  Gb  stm32l1xx_hal.o [1]
HAL_InitTick            0x08003363   0x24  Code  Wk  stm32l1xx_hal.o [1]
HAL_MspInit             0x0800349d   0x86  Code  Gb  stm32l1xx_hal_msp.o [1]
HAL_NVIC_EnableIRQ      0x080060d7    0xc  Code  Gb  stm32l1xx_hal_cortex.o [1]
HAL_NVIC_SetPriority    0x0800609d   0x3a  Code  Gb  stm32l1xx_hal_cortex.o [1]
HAL_NVIC_SetPriorityGrouping
                        0x08006083   0x1a  Code  Gb  stm32l1xx_hal_cortex.o [1]
HAL_PWREx_GetVoltageRange
                        0x08006f99    0xa  Code  Gb  stm32l1xx_hal_pwr_ex.o [1]
HAL_RCC_ClockConfig     0x08003ee3  0x13c  Code  Gb  stm32l1xx_hal_rcc.o [1]
HAL_RCC_GetHCLKFreq     0x0800409b    0x6  Code  Gb  stm32l1xx_hal_rcc.o [1]
HAL_RCC_GetPCLK1Freq    0x080040a1   0x10  Code  Gb  stm32l1xx_hal_rcc.o [1]
HAL_RCC_GetPCLK2Freq    0x080040b1    0xe  Code  Gb  stm32l1xx_hal_rcc.o [1]
HAL_RCC_GetSysClockFreq
                        0x08004041   0x5a  Code  Gb  stm32l1xx_hal_rcc.o [1]
HAL_RCC_OscConfig       0x08003b85  0x328  Code  Gb  stm32l1xx_hal_rcc.o [1]
HAL_SYSTICK_CLKSourceConfig
                        0x08006113   0x14  Code  Gb  stm32l1xx_hal_cortex.o [1]
HAL_SYSTICK_Callback    0x08006149    0x2  Code  Wk  stm32l1xx_hal_cortex.o [1]
HAL_SYSTICK_Config      0x080060eb   0x28  Code  Gb  stm32l1xx_hal_cortex.o [1]
HAL_SYSTICK_IRQHandler  0x08006141    0x8  Code  Gb  stm32l1xx_hal_cortex.o [1]
HAL_TIMEx_MasterConfigSynchronization
                        0x08006d6b   0x4a  Code  Gb  stm32l1xx_hal_tim_ex.o [1]
HAL_TIM_Base_Init       0x080067fd   0x1a  Code  Gb  stm32l1xx_hal_tim.o [1]
HAL_TIM_Base_MspInit    0x0800355d   0x4c  Code  Gb  stm32l1xx_hal_msp.o [1]
HAL_TIM_Base_Start_IT   0x08006817   0x16  Code  Gb  stm32l1xx_hal_tim.o [1]
HAL_TIM_ConfigClockSource
                        0x08006add   0xa8  Code  Gb  stm32l1xx_hal_tim.o [1]
HAL_TIM_IC_CaptureCallback
                        0x08006baf    0x2  Code  Wk  stm32l1xx_hal_tim.o [1]
HAL_TIM_IRQHandler      0x080068f9  0x112  Code  Gb  stm32l1xx_hal_tim.o [1]
HAL_TIM_MspPostInit     0x080035a9   0x2e  Code  Gb  stm32l1xx_hal_msp.o [1]
HAL_TIM_OC_DelayElapsedCallback
                        0x08003971    0x2  Code  Gb  main.o [1]
HAL_TIM_PWM_ConfigChannel
                        0x08006a0b   0xb8  Code  Gb  stm32l1xx_hal_tim.o [1]
HAL_TIM_PWM_Init        0x08006841   0x1a  Code  Gb  stm32l1xx_hal_tim.o [1]
HAL_TIM_PWM_MspInit     0x08006863    0x2  Code  Wk  stm32l1xx_hal_tim.o [1]
HAL_TIM_PWM_PulseFinishedCallback
                        0x0800396f    0x2  Code  Gb  main.o [1]
HAL_TIM_PWM_Start       0x08006865    0x8  Code  Gb  stm32l1xx_hal_tim.o [1]
HAL_TIM_PWM_Stop        0x0800686d    0x8  Code  Gb  stm32l1xx_hal_tim.o [1]
HAL_TIM_PeriodElapsedCallback
                        0x08003a29    0xe  Code  Gb  main.o [1]
HAL_TIM_TriggerCallback
                        0x08006bb1    0x2  Code  Wk  stm32l1xx_hal_tim.o [1]
HAL_UART_ErrorCallback  0x08002f7f    0x2  Code  Wk  stm32l1xx_hal_uart.o [1]
HAL_UART_IRQHandler     0x08002e75  0x108  Code  Gb  stm32l1xx_hal_uart.o [1]
HAL_UART_Init           0x08002ce1   0x26  Code  Gb  stm32l1xx_hal_uart.o [1]
HAL_UART_MspInit        0x080035d7   0x64  Code  Gb  stm32l1xx_hal_msp.o [1]
HAL_UART_Receive_IT     0x08002e0d   0x62  Code  Gb  stm32l1xx_hal_uart.o [1]
HAL_UART_RxCpltCallback
                        0x08003a37   0x28  Code  Gb  main.o [1]
HAL_UART_Transmit       0x08002d53   0x90  Code  Gb  stm32l1xx_hal_uart.o [1]
HAL_UART_TxCpltCallback
                        0x08002f7d    0x2  Code  Wk  stm32l1xx_hal_uart.o [1]
HEAP$$Base              0x20000e20          --   Gb  - Linker created -
HEAP$$Limit             0x20001020          --   Gb  - Linker created -
HardFault_Handler       0x08008eaf    0x2  Code  Gb  stm32l1xx_it.o [1]
InStream_Read           0x08008d85   0x22  Code  Lc  packbits_init.o [5]
LoadInt                 0x0800483d   0x6e  Code  Lc  xprintffull.o [3]
MemManage_Handler       0x08008eb1    0x2  Code  Gb  stm32l1xx_it.o [1]
NMI_Handler             0x08008ead    0x2  Code  Gb  stm32l1xx_it.o [1]
NVIC_SetPriority        0x08006069   0x1a  Code  Lc  stm32l1xx_hal_cortex.o [1]
PendSV_Handler          0x08008ebb    0x2  Code  Gb  stm32l1xx_it.o [1]
RCC_SetFlashLatencyFromMSIRange
                        0x080040c5   0x6c  Code  Lc  stm32l1xx_hal_rcc.o [1]
Region$$Table$$Base     0x08008f5c          --   Gb  - Linker created -
Region$$Table$$Limit    0x08008f88          --   Gb  - Linker created -
SVC_Handler             0x08008eb7    0x2  Code  Gb  stm32l1xx_it.o [1]
SysTick_Handler         0x08008ebd    0xe  Code  Gb  stm32l1xx_it.o [1]
SystemClock_Config      0x08003a5f   0x92  Code  Gb  main.o [1]
SystemCoreClock         0x2000043c    0x4  Data  Gb  system_stm32l1xx.o [1]
SystemInit              0x08008e55   0x38  Code  Gb  system_stm32l1xx.o [1]
TIM2_IRQHandler         0x08008ecb    0x6  Code  Gb  stm32l1xx_it.o [1]
TIM4_IRQHandler         0x08008edd    0x6  Code  Gb  stm32l1xx_it.o [1]
TIM_Base_SetConfig      0x08006bb3   0x60  Code  Lc  stm32l1xx_hal_tim.o [1]
TIM_CCxChannelCmd       0x08006d53   0x18  Code  Lc  stm32l1xx_hal_tim.o [1]
TIM_ETR_SetConfig       0x08006d3f   0x14  Code  Lc  stm32l1xx_hal_tim.o [1]
TIM_ITRx_SetConfig      0x08006d2f   0x10  Code  Lc  stm32l1xx_hal_tim.o [1]
TIM_OC1_SetConfig       0x08006c13   0x20  Code  Lc  stm32l1xx_hal_tim.o [1]
TIM_OC2_SetConfig       0x08006c33   0x22  Code  Lc  stm32l1xx_hal_tim.o [1]
TIM_OC3_SetConfig       0x08006c61   0x22  Code  Lc  stm32l1xx_hal_tim.o [1]
TIM_OC4_SetConfig       0x08006c8f   0x22  Code  Lc  stm32l1xx_hal_tim.o [1]
TIM_TI1_ConfigInputStage
                        0x08006ce9   0x22  Code  Lc  stm32l1xx_hal_tim.o [1]
TIM_TI2_ConfigInputStage
                        0x08006d0b   0x24  Code  Lc  stm32l1xx_hal_tim.o [1]
ThrowError              0x08002551  0x104  Code  Lc  stm32fxxx_hal_BTDevice.o [1]
UART_Receive_IT         0x0800301b   0xa0  Code  Lc  stm32l1xx_hal_uart.o [1]
UART_SetConfig          0x080030bb  0x130  Code  Lc  stm32l1xx_hal_uart.o [1]
UART_WaitOnFlagUntilTimeout
                        0x08002f81   0x8a  Code  Lc  stm32l1xx_hal_uart.o [1]
USART1_IRQHandler       0x08008ed1    0x6  Code  Gb  stm32l1xx_it.o [1]
USART2_IRQHandler       0x08008ed7    0x6  Code  Gb  stm32l1xx_it.o [1]
UsageFault_Handler      0x08008eb5    0x2  Code  Gb  stm32l1xx_it.o [1]
_EncodingSb_Mbtowc      0x08007ecb   0x30  Code  Gb  xencoding_sb.o [3]
_EncodingSb_Wctomb      0x08007eb1   0x1a  Code  Gb  xencoding_sb.o [3]
_GenldFull              0x080050c7  0x24c  Code  Lc  xprintffull.o [3]
_GetN                   0x080053a1   0x22  Code  Lc  xscanffull.o [3]
_GetfldFull             0x080055c5  0x102  Code  Lc  xscanffull.o [3]
_GetfloatFull           0x08005b69  0x4da  Code  Lc  xscanffull.o [3]
_GetintFull             0x0800597b  0x1e8  Code  Lc  xscanffull.o [3]
_GetstrFull             0x080056c9  0x2ac  Code  Lc  xscanffull.o [3]
_IsdstStr               0x200003c4    0x4  Data  Gb  setlocale.o [3]
_LdtobFull              0x08004cc5  0x3fc  Code  Lc  xprintffull.o [3]
_LitobFull              0x08004bbd  0x106  Code  Lc  xprintffull.o [3]
_LocaleC_isalpha        0x08006171   0x16  Code  Gb  xlocale_c.o [3]
_LocaleC_isspace        0x08006187   0x14  Code  Gb  xlocale_c.o [3]
_LocaleC_tolower        0x0800619b    0xc  Code  Gb  xlocale_c.o [3]
_LocaleEncoding         0x0800615f    0xe  Code  Gb  setlocale.o [3]
_LocaleForCat           0x0800614d   0x12  Code  Gb  setlocale.o [3]
_LocaleReturnString     0x200003e4   0x50  Data  Lc  setlocale.o [3]
_Locale_Profile         0x200003c8   0x1c  Data  Gb  setlocale.o [3]
_Locale_aeabi_lconv     0x20000388   0x38  Data  Gb  localeconv.o [3]
_Locale_lconv           0x20000338   0x50  Data  Gb  localeconv.o [3]
_Mbtowc                 0x08006fa9   0x20  Code  Gb  xmbtowc.o [3]
_PrintfFull             0x08004209  0x61e  Code  Gb  xprintffull.o [3]
_PutcharsFull           0x08005313   0x2e  Code  Lc  xprintffull.o [3]
_PutstrFull             0x080048ab  0x30c  Code  Lc  xprintffull.o [3]
_SProut                 0x08002a8f    0xa  Code  Gb  xsprout.o [3]
_SScin                  0x0800161b   0x1e  Code  Gb  xsscin.o [3]
_ScanfFull              0x080053dd  0x1e2  Code  Gb  xscanffull.o [3]
_Stoflt                 0x08008121  0x1b8  Code  Gb  xstoflt.o [3]
_Stopfx                 0x08007ffd  0x124  Code  Gb  xstopfx.o [3]
_Stoxflt                0x080084d9  0x1e2  Code  Gb  xstoxflt.o [3]
_TzoneStr               0x200003c0    0x4  Data  Gb  setlocale.o [3]
_UngetN                 0x080053c3   0x1a  Code  Lc  xscanffull.o [3]
_Wctomb                 0x08006fe9   0x1a  Code  Gb  xwctomb.o [3]
__aeabi_cdcmpeq         0x080086f1         Code  Gb  DblCmpEq.o [4]
__aeabi_cdcmple         0x08007135         Code  Gb  DblCmpLe.o [4]
__aeabi_cdrcmple        0x08007165         Code  Gb  DblCmpGe.o [4]
__aeabi_d2f             0x08007d01         Code  Gb  DblToFlt.o [4]
__aeabi_d2iz            0x080072a1         Code  Gb  DblToI32.o [4]
__aeabi_d2uiz           0x080072cd         Code  Gb  DblToI32.o [4]
__aeabi_dadd            0x08007f15         Code  Gb  DblAdd.o [4]
__aeabi_ddiv            0x0800764d         Code  Gb  DblDiv.o [4]
__aeabi_dmul            0x080074a9         Code  Gb  DblMul.o [4]
__aeabi_dsub            0x08007329         Code  Gb  DblSub.o [4]
__aeabi_errno_addr      0x08003491    0x6  Code  Gb  errno.o [3]
__aeabi_f2uiz           0x08007e8d         Code  Gb  FltToU32.o [4]
__aeabi_fdiv            0x08007d91         Code  Gb  FltDiv.o [4]
__aeabi_i2d             0x080072f9         Code  Gb  I32ToDbl.o [4]
__aeabi_ldiv0           0x08007f11         Code  Gb  I64DivZer.o [5]
__aeabi_memclr          0x080032b9         Code  Gb  ABImemclr.o [5]
__aeabi_memclr4         0x0800322d         Code  Gb  ABImemclr4.o [5]
__aeabi_ui2d            0x0800730d         Code  Gb  I32ToDbl.o [4]
__aeabi_uldivmod        0x08007005         Code  Gb  I64DivMod.o [5]
__cmain                 0x08008f89         Code  Gb  cmain.o [5]
__data_GetMemChunk      0x08001639   0x2c  Code  Gb  xgetmemchunk.o [3]
__exit                  0x08001665   0x14  Code  Gb  exit.o [6]
__iar_Dnorm             0x080070f3   0x42  Code  Gb  xdnorm.o [4]
__iar_Dscale            0x08007195  0x10c  Code  Gb  xdscale.o [4]
__iar_Dtentox           0x0800832b  0x14c  Code  Gb  xdtento.o [4]
__iar_Dunscale          0x08008711   0x52  Code  Gb  xdunscal.o [4]
__iar_Errno             0x20000440    0x4  Data  Gb  errno.o [3]
__iar_Locale_lconv_init
                        0x080078a5   0x3a  Code  Gb  localeconv.o [3]
__iar_Mbcurmax          0x08006fdf    0xa  Code  Gb  xmbcurmax.o [3]
__iar_Memchr            0x08003439         Code  Gb  memchr.o [5]
__iar_Memset4_word      0x08004175         Code  Gb  ABImemset48.o [5]
__iar_Memset8_word      0x08004175         Code  Gb  ABImemset48.o [5]
__iar_Memset_word       0x080041a9         Code  Gb  ABImemset.o [5]
__iar_Stold             0x08007cfd    0x4  Code  Gb  xstold.o [4]
__iar_Stoldx            0x08007bb5  0x13a  Code  Gb  xstold.o [4]
__iar_Stoll             0x08007a01    0x4  Code  Gb  xstoll.o [3]
__iar_Stollx            0x08007961   0xa0  Code  Gb  xstoll.o [3]
__iar_Stoul             0x08002bdd    0x4  Code  Gb  xstoul.o [3]
__iar_Stoull            0x08007b61    0x4  Code  Gb  xstoull.o [3]
__iar_Stoullx           0x08007a05  0x156  Code  Gb  xstoull.o [3]
__iar_Stoulx            0x08002a99  0x13e  Code  Gb  xstoul.o [3]
__iar_Strchr            0x08006fc9         Code  Gb  strchr.o [5]
__iar_Wctob             0x08007921   0x36  Code  Gb  xwctob.o [3]
__iar_d2uiz             0x080072d9         Code  Gb  DblToI32.o [4]
__iar_dadd              0x08007f29         Code  Gb  DblAdd.o [4]
__iar_data_init3        0x08008f35   0x28  Code  Gb  data_init.o [5]
__iar_dlfree            0x080010fb  0x510  Code  Gb  dlmalloc.o [3]
__iar_dlib_perthread_access
                        0x080061a7    0x2  Code  Gb  xtls.o [3]
__iar_dlmalloc          0x08000e45  0x2aa  Code  Gb  dlmalloc.o [3]
__iar_dsub              0x0800733d         Code  Gb  DblSub.o [4]
__iar_dsubStart         0x0800734f         Code  Gb  DblSub.o [4]
__iar_packbits_init3    0x08008da7   0xae  Code  Gb  packbits_init.o [5]
__iar_program_start     0x08008fc9         Code  Gb  cstartup_M.o [5]
__iar_ui2d              0x08007311         Code  Gb  I32ToDbl.o [4]
__iar_unaligned___aeabi_memcpy
                        0x08002c31         Code  Gb  ABImemcpy_unaligned.o [5]
__iar_unaligned___aeabi_memcpy4
                        0x08002c51         Code  Gb  ABImemcpy_unaligned.o [5]
__iar_unaligned___aeabi_memcpy8
                        0x08002c51         Code  Gb  ABImemcpy_unaligned.o [5]
__iar_unaligned_strcmp  0x080033b9         Code  Gb  strcmp_unaligned.o [5]
__iar_unaligned_strcpy  0x0800535d         Code  Gb  strcpy_unaligned.o [5]
__iar_unaligned_strncpy
                        0x08003235         Code  Gb  strncpy_unaligned.o [5]
__iar_vla_alloc2        0x080032a1   0x12  Code  Gb  vla_alloc.o [3]
__iar_vla_dealloc2      0x080032b3    0x4  Code  Gb  vla_alloc.o [3]
__iar_zero_init3        0x08008ef5   0x40  Code  Gb  zero_init3.o [5]
__low_level_init        0x08008fa3    0x4  Code  Gb  low_level_init.o [3]
__vector_table          0x08000000         Data  Gb  startup_stm32l152xc.o [1]
_call_main              0x08008f95         Code  Gb  cmain.o [5]
_exit                   0x08008fad         Code  Gb  cexit.o [5]
_gm_                    0x20000444  0x1d8  Data  Lc  dlmalloc.o [3]
_main                   0x08008f9f         Code  Gb  cmain.o [5]
aPLLDivisionFactorTable
                        0x08004164    0x4  Data  Gb  stm32l1xx_hal_rcc.o [1]
aPLLMULFactorTable      0x08004168    0xc  Data  Gb  stm32l1xx_hal_rcc.o [1]
abort                   0x08001615    0x6  Code  Gb  abort.o [3]
autoInitWithDefaultValues
                        0x080020a3   0x86  Code  Gb  stm32fxxx_hal_BTDevice.o [1]
autoModeOffHandler      0x08001c01   0x1c  Code  Lc  stm32fxxx_hal_BTDevice.o [1]
autoModeOnHandler       0x08001bff    0x2  Code  Lc  stm32fxxx_hal_BTDevice.o [1]
autoModeStatus          0x20000004    0x1  Data  Lc  stm32fxxx_hal_BTDevice.o [1]
checkSensorData         0x08001679   0x78  Code  Lc  stm32fxxx_hal_BTDevice.o [1]
commandArray            0x20000078  0x1c0  Data  Gb  stm32fxxx_hal_BTDevice.o [1]
commandFunctionArray    0x20000010   0x38  Data  Gb  stm32fxxx_hal_BTDevice.o [1]
deviceCommandReceivedCallback
                        0x080039bd   0x18  Code  Lc  main.o [1]
deviceCommandReceivedFlag
                        0x2000061e    0x1  Data  Lc  main.o [1]
deviceCommandReceivedHandler
                        0x20000050    0x4  Data  Gb  stm32fxxx_hal_BTDevice.o [1]
deviceHuart             0x20000048    0x4  Data  Lc  stm32fxxx_hal_BTDevice.o [1]
deviceStatusHandler     0x08001cd5   0x62  Code  Lc  stm32fxxx_hal_BTDevice.o [1]
deviceUartCallback      0x0800213d  0x130  Code  Gb  stm32fxxx_hal_BTDevice.o [1]
deviceUartCallbackFlag  0x20000009    0x1  Data  Lc  stm32fxxx_hal_BTDevice.o [1]
digits                  0x08002be0   0x28  Data  Lc  xstoul.o [3]
digits                  0x08007b64   0x28  Data  Lc  xstoull.o [3]
displayMenu             0x080016f1   0x36  Code  Lc  stm32fxxx_hal_BTDevice.o [1]
div                     0x08007911    0xe  Code  Gb  div.o [3]
dmul                    0x080082d9   0x52  Code  Lc  xdtento.o [4]
doTheLEDPlay            0x080039d5   0x54  Code  Lc  main.o [1]
exit                    0x08008fa7    0x4  Code  Gb  exit.o [3]
flushSensorDataFlag     0x20000005    0x1  Data  Lc  stm32fxxx_hal_BTDevice.o [1]
flushSensorDataHandler  0x08001c65   0x14  Code  Lc  stm32fxxx_hal_BTDevice.o [1]
forwardErrorToServer    0x0800266f   0x28  Code  Lc  stm32fxxx_hal_BTDevice.o [1]
getAutoModeStatusHandler
                        0x08001cb9   0x1c  Code  Lc  stm32fxxx_hal_BTDevice.o [1]
getDataFromUser         0x0800191d   0xbc  Code  Lc  stm32fxxx_hal_BTDevice.o [1]
getLastValueHandler     0x08001ebd   0x26  Code  Lc  stm32fxxx_hal_BTDevice.o [1]
getNetworkStatusHandler
                        0x08002043   0x1c  Code  Lc  stm32fxxx_hal_BTDevice.o [1]
getSensorData           0x08003975   0x48  Code  Lc  main.o [1]
getSensorData           0x20000064    0x4  Data  Lc  stm32fxxx_hal_BTDevice.o [1]
getTimerPeriodHandler   0x0800205f   0x1e  Code  Lc  stm32fxxx_hal_BTDevice.o [1]
hadc                    0x20000624   0x54  Data  Gb  main.o [1]
htim2                   0x20000900   0x38  Data  Gb  main.o [1]
htim4                   0x20000938   0x38  Data  Gb  main.o [1]
huart1                  0x20000880   0x40  Data  Gb  main.o [1]
huart2                  0x200008c0   0x40  Data  Gb  main.o [1]
husart1RxBuffer         0x2000061c    0x1  Data  Gb  main.o [1]
husart2RxBuffer         0x2000061d    0x1  Data  Gb  main.o [1]
init_mparams            0x0800013f   0x32  Code  Lc  dlmalloc.o [3]
init_top                0x08000171   0x34  Code  Lc  dlmalloc.o [3]
isalpha                 0x080033fb   0x14  Code  Gb  isxxx.o [3]
isdigit                 0x08002a85    0xa  Code  Gb  isdigit.o [3]
isspace                 0x0800340f   0x14  Code  Gb  isxxx.o [3]
lastCommandTick         0x2000087c    0x4  Data  Lc  stm32fxxx_hal_BTDevice.o [1]
lastInterruptTick       0x2000006c    0x4  Data  Lc  stm32fxxx_hal_BTDevice.o [1]
localDataBuffer         0x20000678  0x100  Data  Lc  main.o [1]
localDataLength         0x20000620    0x2  Data  Lc  main.o [1]
localDeviceUartRxBuffer
                        0x20000060    0x4  Data  Lc  stm32fxxx_hal_BTDevice.o [1]
localeconv              0x080078df   0x16  Code  Gb  localeconv.o [3]
main                    0x08003681  0x2da  Code  Gb  main.o [1]
memchr                  0x08003439         Code  Gb  memchr.o [5]
menuHandler             0x08001bfd    0x2  Code  Lc  stm32fxxx_hal_BTDevice.o [1]
mparams                 0x200009f0   0x18  Data  Lc  dlmalloc.o [3]
ndigs                   0x08002c08   0x28  Data  Lc  xstoul.o [3]
ndigs                   0x08007b8c   0x28  Data  Lc  xstoull.o [3]
networkJoinHandler      0x08001f79   0x2e  Code  Lc  stm32fxxx_hal_BTDevice.o [1]
networkJoinStatus       0x20000006    0x1  Data  Lc  stm32fxxx_hal_BTDevice.o [1]
periodCounter           0x2000004c    0x4  Data  Lc  stm32fxxx_hal_BTDevice.o [1]
pows                    0x08008490   0x48  Data  Lc  xdtento.o [4]
prepend_alloc           0x080001a5  0x36c  Code  Lc  dlmalloc.o [3]
rcvDataLength           0x2000087a    0x2  Data  Lc  stm32fxxx_hal_BTDevice.o [1]
readInputBuffer         0x080022cd   0xae  Code  Gb  stm32fxxx_hal_BTDevice.o [1]
resetInputBuffer        0x0800208d   0x16  Code  Lc  stm32fxxx_hal_BTDevice.o [1]
rfSignalCheckCopy       0x20000000    0x4  Data  Lc  stm32fxxx_hal_BTDevice.o [1]
rfSignalCheckHandler    0x08001f25   0x2e  Code  Lc  stm32fxxx_hal_BTDevice.o [1]
rxDeviceBuffer          0x20000778  0x100  Data  Lc  stm32fxxx_hal_BTDevice.o [1]
rxDeviceState           0x20000878    0x1  Data  Lc  stm32fxxx_hal_BTDevice.o [1]
savedDataBuffer         0x2000005c    0x4  Data  Lc  stm32fxxx_hal_BTDevice.o [1]
segment_holding         0x08000125   0x1a  Code  Lc  dlmalloc.o [3]
sendDataHandler         0x08001e3d   0x26  Code  Lc  stm32fxxx_hal_BTDevice.o [1]
sendDataToDevice        0x08001a0d   0xb8  Code  Lc  stm32fxxx_hal_BTDevice.o [1]
sendSampleDataHandler   0x08001fdd   0x66  Code  Lc  stm32fxxx_hal_BTDevice.o [1]
setTimerPeriod          0x08001ae9   0x66  Code  Lc  stm32fxxx_hal_BTDevice.o [1]
setTimerPeriodHandler   0x08002089    0x4  Code  Lc  stm32fxxx_hal_BTDevice.o [1]
setUserUartInCommandMode
                        0x080018b5   0x28  Code  Lc  stm32fxxx_hal_BTDevice.o [1]
setUserUartInTimerSettingsMode
                        0x08001795   0x36  Code  Lc  stm32fxxx_hal_BTDevice.o [1]
signalEventFunction     0x20000068    0x4  Data  Lc  stm32fxxx_hal_BTDevice.o [1]
sprintf                 0x080032c1   0x34  Code  Gb  sprintf.o [3]
sscanf                  0x08003329   0x24  Code  Gb  sscanf.o [3]
startAutoMode           0x08001b83   0x3a  Code  Lc  stm32fxxx_hal_BTDevice.o [1]
strcat                  0x080032f5   0x1c  Code  Gb  strcat.o [3]
strchr                  0x08006fc9         Code  Gb  strchr.o [5]
strdup                  0x08003311   0x18  Code  Gb  strdup.o [3]
strlen                  0x08002ca9         Code  Gb  strlen.o [5]
sys_alloc               0x08000511  0x386  Code  Lc  dlmalloc.o [3]
timerCallbackFlag       0x2000000a    0x1  Data  Lc  stm32fxxx_hal_BTDevice.o [1]
timerPeriod             0x20000054    0x4  Data  Lc  stm32fxxx_hal_BTDevice.o [1]
timerReadyToSend        0x08002401   0x2c  Code  Gb  stm32fxxx_hal_BTDevice.o [1]
tmalloc_large           0x080008a5  0x390  Code  Lc  dlmalloc.o [3]
tmalloc_small           0x08000c35  0x210  Code  Lc  dlmalloc.o [3]
tolower                 0x08003423   0x14  Code  Gb  tolower.o [3]
tone                    0x08006e55   0x28  Code  Lc  buzzer.o [1]
userHuart               0x20000058    0x4  Data  Lc  stm32fxxx_hal_BTDevice.o [1]
userInputBuffer         0x20000970   0x80  Data  Lc  stm32fxxx_hal_BTDevice.o [1]
userInputBufferIndex    0x2000000c    0x2  Data  Lc  stm32fxxx_hal_BTDevice.o [1]
userUartCallbackFlag    0x20000008    0x1  Data  Lc  stm32fxxx_hal_BTDevice.o [1]
userUartMode            0x20000007    0x1  Data  Lc  stm32fxxx_hal_BTDevice.o [1]
uwTick                  0x20000a18    0x4  Data  Lc  stm32l1xx_hal.o [1]


[1] = Z:\home\cynako\git\CynaCons\stm32_BluTechDevice\Projects\BluTechDevice_stm32l152_lightSensor\EWARM\BluTechDevice_stm32l152_lightSensor\Obj
[2] = command line
[3] = dl7M_tlf.a
[4] = m7M_tl.a
[5] = rt7M_tl.a
[6] = shb_l.a

  35 402 bytes of readonly  code memory
   1 961 bytes of readonly  data memory
   4 128 bytes of readwrite data memory

Errors: none
Warnings: none
