###############################################################################
#
# IAR ELF Linker V7.40.7.9843/W32 for ARM                 22/Aug/2016  12:38:14
# Copyright 2007-2015 IAR Systems AB.
#
#    Output file  =  
#        Z:\home\cynako\Workspaces\openstm32\BluTechDevice_stm32l152\EWARM\BluTechDevice_stm32l152\Exe\BluTechDevice_stm32l152.out
#    Map file     =  
#        Z:\home\cynako\Workspaces\openstm32\BluTechDevice_stm32l152\EWARM\BluTechDevice_stm32l152\List\BluTechDevice_stm32l152.map
#    Command line =  
#        Z:\home\cynako\Workspaces\openstm32\BluTechDevice_stm32l152\EWARM\BluTechDevice_stm32l152\Obj\buzzer.o
#        Z:\home\cynako\Workspaces\openstm32\BluTechDevice_stm32l152\EWARM\BluTechDevice_stm32l152\Obj\main.o
#        Z:\home\cynako\Workspaces\openstm32\BluTechDevice_stm32l152\EWARM\BluTechDevice_stm32l152\Obj\startup_stm32l152xc.o
#        Z:\home\cynako\Workspaces\openstm32\BluTechDevice_stm32l152\EWARM\BluTechDevice_stm32l152\Obj\stm32fxxx_hal_BTDevice.o
#        Z:\home\cynako\Workspaces\openstm32\BluTechDevice_stm32l152\EWARM\BluTechDevice_stm32l152\Obj\stm32l152c_discovery.o
#        Z:\home\cynako\Workspaces\openstm32\BluTechDevice_stm32l152\EWARM\BluTechDevice_stm32l152\Obj\stm32l1xx_hal.o
#        Z:\home\cynako\Workspaces\openstm32\BluTechDevice_stm32l152\EWARM\BluTechDevice_stm32l152\Obj\stm32l1xx_hal_adc.o
#        Z:\home\cynako\Workspaces\openstm32\BluTechDevice_stm32l152\EWARM\BluTechDevice_stm32l152\Obj\stm32l1xx_hal_adc_ex.o
#        Z:\home\cynako\Workspaces\openstm32\BluTechDevice_stm32l152\EWARM\BluTechDevice_stm32l152\Obj\stm32l1xx_hal_cortex.o
#        Z:\home\cynako\Workspaces\openstm32\BluTechDevice_stm32l152\EWARM\BluTechDevice_stm32l152\Obj\stm32l1xx_hal_dma.o
#        Z:\home\cynako\Workspaces\openstm32\BluTechDevice_stm32l152\EWARM\BluTechDevice_stm32l152\Obj\stm32l1xx_hal_flash.o
#        Z:\home\cynako\Workspaces\openstm32\BluTechDevice_stm32l152\EWARM\BluTechDevice_stm32l152\Obj\stm32l1xx_hal_flash_ex.o
#        Z:\home\cynako\Workspaces\openstm32\BluTechDevice_stm32l152\EWARM\BluTechDevice_stm32l152\Obj\stm32l1xx_hal_flash_ramfunc.o
#        Z:\home\cynako\Workspaces\openstm32\BluTechDevice_stm32l152\EWARM\BluTechDevice_stm32l152\Obj\stm32l1xx_hal_gpio.o
#        Z:\home\cynako\Workspaces\openstm32\BluTechDevice_stm32l152\EWARM\BluTechDevice_stm32l152\Obj\stm32l1xx_hal_msp.o
#        Z:\home\cynako\Workspaces\openstm32\BluTechDevice_stm32l152\EWARM\BluTechDevice_stm32l152\Obj\stm32l1xx_hal_pwr.o
#        Z:\home\cynako\Workspaces\openstm32\BluTechDevice_stm32l152\EWARM\BluTechDevice_stm32l152\Obj\stm32l1xx_hal_pwr_ex.o
#        Z:\home\cynako\Workspaces\openstm32\BluTechDevice_stm32l152\EWARM\BluTechDevice_stm32l152\Obj\stm32l1xx_hal_rcc.o
#        Z:\home\cynako\Workspaces\openstm32\BluTechDevice_stm32l152\EWARM\BluTechDevice_stm32l152\Obj\stm32l1xx_hal_rcc_ex.o
#        Z:\home\cynako\Workspaces\openstm32\BluTechDevice_stm32l152\EWARM\BluTechDevice_stm32l152\Obj\stm32l1xx_hal_tim.o
#        Z:\home\cynako\Workspaces\openstm32\BluTechDevice_stm32l152\EWARM\BluTechDevice_stm32l152\Obj\stm32l1xx_hal_tim_ex.o
#        Z:\home\cynako\Workspaces\openstm32\BluTechDevice_stm32l152\EWARM\BluTechDevice_stm32l152\Obj\stm32l1xx_hal_uart.o
#        Z:\home\cynako\Workspaces\openstm32\BluTechDevice_stm32l152\EWARM\BluTechDevice_stm32l152\Obj\stm32l1xx_it.o
#        Z:\home\cynako\Workspaces\openstm32\BluTechDevice_stm32l152\EWARM\BluTechDevice_stm32l152\Obj\system_stm32l1xx.o
#        --redirect _Printf=_PrintfFull --redirect _Scanf=_ScanfFull -o
#        Z:\home\cynako\Workspaces\openstm32\BluTechDevice_stm32l152\EWARM\BluTechDevice_stm32l152\Exe\BluTechDevice_stm32l152.out
#        --map
#        Z:\home\cynako\Workspaces\openstm32\BluTechDevice_stm32l152\EWARM\BluTechDevice_stm32l152\List\BluTechDevice_stm32l152.map
#        --config
#        Z:\home\cynako\Workspaces\openstm32\BluTechDevice_stm32l152\EWARM/stm32l152xc_flash.icf
#        --semihosting --entry __iar_program_start --vfe
#
###############################################################################

*******************************************************************************
*** RUNTIME MODEL ATTRIBUTES
***

CppFlavor                     = *
__Heap_Handler                = DLMalloc
__SystemLibrary               = DLib
__dlib_dynamic_initialization = normal


*******************************************************************************
*** PLACEMENT SUMMARY
***

"A1":  place at 0x08000000 { ro section .intvec };
"P1":  place in [from 0x08000000 to 0x0803ffff] { ro };
"P2":  place in [from 0x20000000 to 0x20007fff] { rw, block CSTACK, block HEAP };

  Section             Kind        Address    Size  Object
  -------             ----        -------    ----  ------
"A1":                                       0x124
  .intvec             ro code  0x08000000   0x124  startup_stm32l152xc.o [1]
                             - 0x08000124   0x124

"P1":                                      0x8a6f
  .text               ro code  0x08000124  0x14f0  dlmalloc.o [3]
  .text               ro code  0x08001614     0x6  abort.o [3]
  .text               ro code  0x0800161a    0x1e  xsscin.o [3]
  .text               ro code  0x08001638    0x2c  xgetmemchunk.o [3]
  .text               ro code  0x08001664    0x14  exit.o [6]
  .text               ro code  0x08001678  0x1152  xprintffull.o [3]
  .text               ro code  0x080027ca    0x20  xmbtowc.o [3]
  .text               ro code  0x080027ea     0xa  xsprout.o [3]
  .text               ro code  0x080027f4    0x16  strchr.o [5]
  .text               ro code  0x0800280c    0x36  strlen.o [5]
  .text               ro code  0x08002844    0x58  memchr.o [5]
  .text               ro code  0x0800289c     0xa  xmbcurmax.o [3]
  .text               ro code  0x080028a6    0x1a  xwctomb.o [3]
  .text               ro code  0x080028c0    0x76  ABImemcpy_unaligned.o [5]
  .text               ro code  0x08002938    0xee  I64DivMod.o [5]
  .text               ro code  0x08002a26    0x42  xdnorm.o [4]
  .text               ro code  0x08002a68    0x2e  DblCmpLe.o [4]
  .text               ro code  0x08002a98    0x2e  DblCmpGe.o [4]
  .text               ro code  0x08002ac8   0x10c  xdscale.o [4]
  .text               ro code  0x08002bd4    0x58  DblToI32.o [4]
  .text               ro code  0x08002c2c    0x30  I32ToDbl.o [4]
  .text               ro code  0x08002c5c   0x180  DblSub.o [4]
  .text               ro code  0x08002ddc   0x1a2  DblMul.o [4]
  .text               ro code  0x08002f80   0x256  DblDiv.o [4]
  .text               ro code  0x080031d8    0x6c  localeconv.o [3]
  .text               ro code  0x08003244     0xe  div.o [3]
  .text               ro code  0x08003254    0x24  setlocale.o [3]
  .text               ro code  0x08003278    0x60  xencoding_sb.o [3]
  .text               ro code  0x080032d8     0x2  I64DivZer.o [5]
  .text               ro code  0x080032dc    0xe8  DblAdd.o [4]
  .text               ro code  0x080033c4     0x2  xtls.o [3]
  .text               ro code  0x080033c8  0x1010  stm32fxxx_hal_BTDevice.o [1]
  .text               ro code  0x080043d8   0x54a  stm32l1xx_hal_uart.o [1]
  .text               ro code  0x08004924     0x6  ABImemclr4.o [5]
  .text               ro code  0x0800492c    0x24  sscanf.o [3]
  .text               ro code  0x08004950    0x16  vla_alloc.o [3]
  .text               ro code  0x08004968     0x6  ABImemclr.o [5]
  .text               ro code  0x08004970    0x34  sprintf.o [3]
  .text               ro code  0x080049a4    0x1c  strcat.o [3]
  .text               ro code  0x080049c0    0x18  strdup.o [3]
  .text               ro code  0x080049d8    0x6c  stm32l1xx_hal.o [1]
  .text               ro code  0x08004a44    0x42  strcmp_unaligned.o [5]
  .text               ro code  0x08004a88   0x1e4  stm32l1xx_hal_msp.o [1]
  .text               ro code  0x08004c6c   0x530  main.o [1]
  .text               ro code  0x0800519c   0x5f0  stm32l1xx_hal_rcc.o [1]
  .text               ro code  0x0800578c    0x32  ABImemset48.o [5]
  .text               ro code  0x080057c0   0xcc8  xscanffull.o [3]
  .text               ro code  0x08006488    0x5e  ABImemset.o [5]
  .text               ro code  0x080064e8    0x44  strcpy_unaligned.o [5]
  .text               ro code  0x0800652c    0xe2  stm32l1xx_hal_cortex.o [1]
  .text               ro code  0x08006610   0x1b8  stm32l1xx_hal_gpio.o [1]
  .text               ro code  0x080067c8   0x49c  stm32l1xx_hal_adc.o [1]
  .text               ro code  0x08006c64   0x56e  stm32l1xx_hal_tim.o [1]
  .text               ro code  0x080071d2    0x4a  stm32l1xx_hal_tim_ex.o [1]
  .text               ro code  0x0800721c    0xa0  stm32l152c_discovery.o [1]
  .text               ro code  0x080072bc   0x144  buzzer.o [1]
  .text               ro code  0x08007400    0x10  stm32l1xx_hal_pwr_ex.o [1]
  .text               ro code  0x08007410    0x40  xwctob.o [3]
  .text               ro code  0x08007450    0x28  isxxx.o [3]
  .text               ro code  0x08007478    0xa4  xstoll.o [3]
  .text               ro code  0x0800751c   0x1b0  xstoull.o [3]
  .text               ro code  0x080076cc   0x14c  xstold.o [4]
  .text               ro code  0x08007818    0x90  DblToFlt.o [4]
  .text               ro code  0x080078a8    0xfc  FltDiv.o [4]
  .text               ro code  0x080079a4    0x24  FltToU32.o [4]
  .text               ro code  0x080079c8    0x16  xlocale_c.o [3]
  .text               ro code  0x080079de    0x14  xlocale_c.o [3]
  .text               ro code  0x080079f4     0xc  errno.o [3]
  .text               ro code  0x08007a00    0x14  tolower.o [3]
  .text               ro code  0x08007a14   0x124  xstopfx.o [3]
  .text               ro code  0x08007b38   0x1b8  xstoflt.o [3]
  .text               ro code  0x08007cf0   0x200  xdtento.o [4]
  .text               ro code  0x08007ef0   0x218  xstoxflt.o [3]
  .text               ro code  0x08008108     0xc  xlocale_c.o [3]
  .text               ro code  0x08008114    0x20  DblCmpEq.o [4]
  .text               ro code  0x08008134    0x52  xdunscal.o [4]
  .rodata             const    0x08008188   0x5a0  stm32fxxx_hal_BTDevice.o [1]
  .text               ro code  0x08008728    0xd0  packbits_init.o [5]
  .text               ro code  0x080087f8    0x58  system_stm32l1xx.o [1]
  .text               ro code  0x08008850    0x48  stm32l1xx_it.o [1]
  .text               ro code  0x08008898    0x40  zero_init3.o [5]
  .text               ro code  0x080088d8    0x28  data_init.o [5]
  .iar.init_table     const    0x08008900    0x2c  - Linker created -
  .text               ro code  0x0800892c    0x1a  cmain.o [5]
  .text               ro code  0x08008946     0x4  low_level_init.o [3]
  .text               ro code  0x0800894a     0x4  exit.o [3]
  .text               ro code  0x08008950     0xa  cexit.o [5]
  .text               ro code  0x0800895c    0x10  startup_stm32l152xc.o [1]
  .text               ro code  0x0800896c     0xc  cstartup_M.o [5]
  .rodata             const    0x08008978     0x8  system_stm32l1xx.o [1]
  .text               ro code  0x08008980     0x4  startup_stm32l152xc.o [1]
  .text               ro code  0x08008984     0x4  startup_stm32l152xc.o [1]
  .text               ro code  0x08008988     0x4  startup_stm32l152xc.o [1]
  .text               ro code  0x0800898c     0x4  startup_stm32l152xc.o [1]
  .text               ro code  0x08008990     0x4  startup_stm32l152xc.o [1]
  .text               ro code  0x08008994     0x4  startup_stm32l152xc.o [1]
  .text               ro code  0x08008998     0x4  startup_stm32l152xc.o [1]
  .text               ro code  0x0800899c     0x4  startup_stm32l152xc.o [1]
  .text               ro code  0x080089a0     0x4  startup_stm32l152xc.o [1]
  .text               ro code  0x080089a4     0x4  startup_stm32l152xc.o [1]
  .text               ro code  0x080089a8     0x4  startup_stm32l152xc.o [1]
  .text               ro code  0x080089ac     0x4  startup_stm32l152xc.o [1]
  .text               ro code  0x080089b0     0x4  startup_stm32l152xc.o [1]
  .text               ro code  0x080089b4     0x4  startup_stm32l152xc.o [1]
  .text               ro code  0x080089b8     0x4  startup_stm32l152xc.o [1]
  .text               ro code  0x080089bc     0x4  startup_stm32l152xc.o [1]
  .text               ro code  0x080089c0     0x4  startup_stm32l152xc.o [1]
  .text               ro code  0x080089c4     0x4  startup_stm32l152xc.o [1]
  .text               ro code  0x080089c8     0x4  startup_stm32l152xc.o [1]
  .text               ro code  0x080089cc     0x4  startup_stm32l152xc.o [1]
  .text               ro code  0x080089d0     0x4  startup_stm32l152xc.o [1]
  .text               ro code  0x080089d4     0x4  startup_stm32l152xc.o [1]
  .text               ro code  0x080089d8     0x4  startup_stm32l152xc.o [1]
  .text               ro code  0x080089dc     0x4  startup_stm32l152xc.o [1]
  .text               ro code  0x080089e0     0x4  startup_stm32l152xc.o [1]
  .text               ro code  0x080089e4     0x4  startup_stm32l152xc.o [1]
  .text               ro code  0x080089e8     0x4  startup_stm32l152xc.o [1]
  .text               ro code  0x080089ec     0x4  startup_stm32l152xc.o [1]
  .text               ro code  0x080089f0     0x4  startup_stm32l152xc.o [1]
  .text               ro code  0x080089f4     0x4  startup_stm32l152xc.o [1]
  .text               ro code  0x080089f8     0x4  startup_stm32l152xc.o [1]
  .text               ro code  0x080089fc     0x4  startup_stm32l152xc.o [1]
  .text               ro code  0x08008a00     0x4  startup_stm32l152xc.o [1]
  .text               ro code  0x08008a04     0x4  startup_stm32l152xc.o [1]
  .text               ro code  0x08008a08     0x4  startup_stm32l152xc.o [1]
  .text               ro code  0x08008a0c     0x4  startup_stm32l152xc.o [1]
  .text               ro code  0x08008a10     0x4  startup_stm32l152xc.o [1]
  .text               ro code  0x08008a14     0x4  startup_stm32l152xc.o [1]
  .text               ro code  0x08008a18     0x4  startup_stm32l152xc.o [1]
  .text               ro code  0x08008a1c     0x4  startup_stm32l152xc.o [1]
  .text               ro code  0x08008a20     0x4  startup_stm32l152xc.o [1]
  .text               ro code  0x08008a24     0x4  startup_stm32l152xc.o [1]
  .text               ro code  0x08008a28     0x4  startup_stm32l152xc.o [1]
  .text               ro code  0x08008a2c     0x4  startup_stm32l152xc.o [1]
  .text               ro code  0x08008a30     0x4  startup_stm32l152xc.o [1]
  .text               ro code  0x08008a34     0x4  startup_stm32l152xc.o [1]
  .text               ro code  0x08008a38     0x4  startup_stm32l152xc.o [1]
  .text               ro code  0x08008a3c     0x4  startup_stm32l152xc.o [1]
  .text               ro code  0x08008a40     0x4  startup_stm32l152xc.o [1]
  .rodata             const    0x08008a44     0x0  zero_init3.o [5]
  .rodata             const    0x08008a44     0x0  packbits_init.o [5]
  Initializer bytes   const    0x08008a44   0x14f  <for P2 s0>
                             - 0x08008b93  0x8a6f

"P2":                                       0xf98
  P2 s0                        0x20000000   0x3c8  <Init block>
    .data             inited   0x20000000   0x2bc  stm32fxxx_hal_BTDevice.o [1]
    __DLIB_PERTHREAD  inited   0x200002bc    0x88  localeconv.o [3]
    __DLIB_PERTHREAD  inited   0x20000344    0x74  setlocale.o [3]
    .data             inited   0x200003b8     0x8  stm32l152c_discovery.o [1]
    .data             inited   0x200003c0     0x4  system_stm32l1xx.o [1]
    __DLIB_PERTHREAD  inited   0x200003c4     0x4  errno.o [3]
  .bss                zero     0x200003c8   0x1d8  dlmalloc.o [3]
  .bss                zero     0x200005a0   0x188  main.o [1]
  .bss                zero     0x20000728   0x108  stm32fxxx_hal_BTDevice.o [1]
  .bss                zero     0x20000830    0xf0  main.o [1]
  .bss                zero     0x20000920    0x54  main.o [1]
  .bss                zero     0x20000974    0x18  dlmalloc.o [3]
  .bss                zero     0x2000098c     0x4  stm32l1xx_hal.o [1]
  .bss                zero     0x20000990     0x4  xgetmemchunk.o [3]
  .bss                zero     0x20000994     0x2  main.o [1]
  CSTACK                       0x20000998   0x400  <Block>
    CSTACK            uninit   0x20000998   0x400  <Block tail>
  HEAP                         0x20000d98   0x200  <Block>
    HEAP              uninit   0x20000d98   0x200  <Block tail>
                             - 0x20000f98   0xf98


*******************************************************************************
*** INIT TABLE
***

          Address     Size
          -------     ----
Zero (__iar_zero_init3)
    1 destination range, total size 0x5ce:
          0x200003c8  0x5ce

Copy/packbits (__iar_packbits_init3)
    1 source range, total size 0x14f (34% of destination):
          0x08008a44  0x14f
    1 destination range, total size 0x3c8:
          0x20000000  0x3c8



*******************************************************************************
*** MODULE SUMMARY
***

    Module                    ro code  ro data  rw data
    ------                    -------  -------  -------
Z:\home\cynako\Workspaces\openstm32\BluTechDevice_stm32l152\EWARM\BluTechDevice_stm32l152\Obj: [1]
    buzzer.o                      324
    main.o                      1 328               718
    startup_stm32l152xc.o         504
    stm32fxxx_hal_BTDevice.o    4 112    1 682      964
    stm32l152c_discovery.o        160        3        8
    stm32l1xx_hal.o               108                 4
    stm32l1xx_hal_adc.o         1 180
    stm32l1xx_hal_cortex.o        226
    stm32l1xx_hal_gpio.o          440
    stm32l1xx_hal_msp.o           484
    stm32l1xx_hal_pwr_ex.o         16
    stm32l1xx_hal_rcc.o         1 520
    stm32l1xx_hal_tim.o         1 390
    stm32l1xx_hal_tim_ex.o         74
    stm32l1xx_hal_uart.o        1 354
    stm32l1xx_it.o                 72
    system_stm32l1xx.o             88        9        4
    ---------------------------------------------------
    Total:                     13 380    1 694    1 698

command line: [2]
    ---------------------------------------------------
    Total:

dl7M_tlf.a: [3]
    abort.o                         6
    div.o                          14
    dlmalloc.o                  5 360               496
    errno.o                        12        2        4
    exit.o                          4
    isxxx.o                        40
    localeconv.o                  108       47      136
    low_level_init.o                4
    setlocale.o                    36       40      116
    sprintf.o                      52
    sscanf.o                       36
    strcat.o                       28
    strdup.o                       24
    tolower.o                      20
    vla_alloc.o                    22
    xencoding_sb.o                 96
    xgetmemchunk.o                 44                 4
    xlocale_c.o                    54
    xmbcurmax.o                    10
    xmbtowc.o                      32
    xprintffull.o               4 434
    xscanffull.o                3 272
    xsprout.o                      10
    xsscin.o                       30
    xstoflt.o                     440
    xstoll.o                      164
    xstopfx.o                     292
    xstoull.o                     432
    xstoxflt.o                    536
    xtls.o                          2
    xwctob.o                       64
    xwctomb.o                      26
    ---------------------------------------------------
    Total:                     15 704       89      756

m7M_tl.a: [4]
    DblAdd.o                      232
    DblCmpEq.o                     32
    DblCmpGe.o                     46
    DblCmpLe.o                     46
    DblDiv.o                      598
    DblMul.o                      418
    DblSub.o                      384
    DblToFlt.o                    144
    DblToI32.o                     88
    FltDiv.o                      252
    FltToU32.o                     36
    I32ToDbl.o                     48
    xdnorm.o                       66
    xdscale.o                     268
    xdtento.o                     512
    xdunscal.o                     82
    xstold.o                      332
    ---------------------------------------------------
    Total:                      3 584

rt7M_tl.a: [5]
    ABImemclr.o                     6
    ABImemclr4.o                    6
    ABImemcpy_unaligned.o         118
    ABImemset.o                    94
    ABImemset48.o                  50
    I64DivMod.o                   238
    I64DivZer.o                     2
    cexit.o                        10
    cmain.o                        26
    cstartup_M.o                   12
    data_init.o                    40
    memchr.o                       88
    packbits_init.o               208
    strchr.o                       22
    strcmp_unaligned.o             66
    strcpy_unaligned.o             68
    strlen.o                       54
    zero_init3.o                   64
    ---------------------------------------------------
    Total:                      1 172

shb_l.a: [6]
    exit.o                         20
    ---------------------------------------------------
    Total:                         20

    Gaps                           42        2
    Linker created                          44    1 536
-------------------------------------------------------
    Grand Total:               33 902    1 829    3 990


*******************************************************************************
*** ENTRY LIST
***

Entry                      Address   Size  Type      Object
-----                      -------   ----  ----      ------
.iar.init_table$$Base   0x08008900          --   Gb  - Linker created -
.iar.init_table$$Limit  0x0800892c          --   Gb  - Linker created -
?main                   0x0800892d         Code  Gb  cmain.o [5]
ADC_ConversionStop_Disable
                        0x08006c21   0x44  Code  Gb  stm32l1xx_hal_adc.o [1]
ADC_Enable              0x08006b91   0x6c  Code  Gb  stm32l1xx_hal_adc.o [1]
AHBPrescTable           0x08008840   0x10  Data  Gb  system_stm32l1xx.o [1]
APBPrescTable           0x08008978    0x8  Data  Gb  system_stm32l1xx.o [1]
BSP_LED_Init            0x0800721d   0x4e  Code  Gb  stm32l152c_discovery.o [1]
BSP_LED_Off             0x08007289   0x14  Code  Gb  stm32l152c_discovery.o [1]
BSP_LED_On              0x08007275   0x14  Code  Gb  stm32l152c_discovery.o [1]
BSP_LED_Toggle          0x0800729d   0x12  Code  Gb  stm32l152c_discovery.o [1]
BTDevice_autoInitWithDefaultValues
                        0x08003a41   0x76  Code  Gb  stm32fxxx_hal_BTDevice.o [1]
BTDevice_deviceUartCallback
                        0x08003d3b    0xa  Code  Gb  stm32fxxx_hal_BTDevice.o [1]
BTDevice_displayMenu    0x08003bf9    0x4  Code  Gb  stm32fxxx_hal_BTDevice.o [1]
BTDevice_init           0x08003bfd   0x24  Code  Gb  stm32fxxx_hal_BTDevice.o [1]
BTDevice_initLoop       0x08003d4d   0x42  Code  Gb  stm32fxxx_hal_BTDevice.o [1]
BTDevice_mainLoop       0x08003d8f   0x4c  Code  Gb  stm32fxxx_hal_BTDevice.o [1]
BTDevice_sendData       0x08003cc1   0x34  Code  Gb  stm32fxxx_hal_BTDevice.o [1]
BTDevice_timerCallback  0x08003d45    0x8  Code  Gb  stm32fxxx_hal_BTDevice.o [1]
BTDevice_userUartCallback
                        0x08003d21   0x1a  Code  Gb  stm32fxxx_hal_BTDevice.o [1]
BusFault_Handler        0x08008857    0x2  Code  Gb  stm32l1xx_it.o [1]
Buzzer_playImperialMarch
                        0x080072e5   0xbe  Code  Gb  buzzer.o [1]
CSTACK$$Base            0x20000998          --   Gb  - Linker created -
CSTACK$$Limit           0x20000d98          --   Gb  - Linker created -
DebugMon_Handler        0x0800885d    0x2  Code  Gb  stm32l1xx_it.o [1]
GPIO_PIN                0x080072b8    0x4  Data  Gb  stm32l152c_discovery.o [1]
GPIO_PORT               0x200003b8    0x8  Data  Gb  stm32l152c_discovery.o [1]
HAL_ADC_ConfigChannel   0x08006a71  0x104  Code  Gb  stm32l1xx_hal_adc.o [1]
HAL_ADC_GetValue        0x08006a6b    0x6  Code  Gb  stm32l1xx_hal_adc.o [1]
HAL_ADC_Init            0x080067c9  0x134  Code  Gb  stm32l1xx_hal_adc.o [1]
HAL_ADC_MspInit         0x08004b0f   0x3a  Code  Gb  stm32l1xx_hal_msp.o [1]
HAL_ADC_PollForConversion
                        0x08006957   0x9e  Code  Gb  stm32l1xx_hal_adc.o [1]
HAL_ADC_Start           0x08006909   0x2a  Code  Gb  stm32l1xx_hal_adc.o [1]
HAL_ADC_Stop            0x08006933   0x24  Code  Gb  stm32l1xx_hal_adc.o [1]
HAL_Delay               0x08004a23   0x18  Code  Wk  stm32l1xx_hal.o [1]
HAL_GPIO_Init           0x08006611  0x186  Code  Gb  stm32l1xx_hal_gpio.o [1]
HAL_GPIO_TogglePin      0x0800679f    0x8  Code  Gb  stm32l1xx_hal_gpio.o [1]
HAL_GPIO_WritePin       0x08006797    0x8  Code  Gb  stm32l1xx_hal_gpio.o [1]
HAL_GetTick             0x08004a1d    0x6  Code  Wk  stm32l1xx_hal.o [1]
HAL_IncTick             0x08004a13    0xa  Code  Wk  stm32l1xx_hal.o [1]
HAL_Init                0x080049d9   0x16  Code  Gb  stm32l1xx_hal.o [1]
HAL_InitTick            0x080049ef   0x24  Code  Wk  stm32l1xx_hal.o [1]
HAL_MspInit             0x08004a89   0x86  Code  Gb  stm32l1xx_hal_msp.o [1]
HAL_NVIC_EnableIRQ      0x0800659b    0xc  Code  Gb  stm32l1xx_hal_cortex.o [1]
HAL_NVIC_SetPriority    0x08006561   0x3a  Code  Gb  stm32l1xx_hal_cortex.o [1]
HAL_NVIC_SetPriorityGrouping
                        0x08006547   0x1a  Code  Gb  stm32l1xx_hal_cortex.o [1]
HAL_PWREx_GetVoltageRange
                        0x08007401    0xa  Code  Gb  stm32l1xx_hal_pwr_ex.o [1]
HAL_RCC_ClockConfig     0x080054fb  0x13c  Code  Gb  stm32l1xx_hal_rcc.o [1]
HAL_RCC_GetHCLKFreq     0x080056b3    0x6  Code  Gb  stm32l1xx_hal_rcc.o [1]
HAL_RCC_GetPCLK1Freq    0x080056b9   0x10  Code  Gb  stm32l1xx_hal_rcc.o [1]
HAL_RCC_GetPCLK2Freq    0x080056c9    0xe  Code  Gb  stm32l1xx_hal_rcc.o [1]
HAL_RCC_GetSysClockFreq
                        0x08005659   0x5a  Code  Gb  stm32l1xx_hal_rcc.o [1]
HAL_RCC_OscConfig       0x0800519d  0x328  Code  Gb  stm32l1xx_hal_rcc.o [1]
HAL_SYSTICK_CLKSourceConfig
                        0x080065d7   0x14  Code  Gb  stm32l1xx_hal_cortex.o [1]
HAL_SYSTICK_Callback    0x0800660d    0x2  Code  Wk  stm32l1xx_hal_cortex.o [1]
HAL_SYSTICK_Config      0x080065af   0x28  Code  Gb  stm32l1xx_hal_cortex.o [1]
HAL_SYSTICK_IRQHandler  0x08006605    0x8  Code  Gb  stm32l1xx_hal_cortex.o [1]
HAL_TIMEx_MasterConfigSynchronization
                        0x080071d3   0x4a  Code  Gb  stm32l1xx_hal_tim_ex.o [1]
HAL_TIM_Base_Init       0x08006c65   0x1a  Code  Gb  stm32l1xx_hal_tim.o [1]
HAL_TIM_Base_MspInit    0x08004b49   0x4c  Code  Gb  stm32l1xx_hal_msp.o [1]
HAL_TIM_Base_Start_IT   0x08006c7f   0x16  Code  Gb  stm32l1xx_hal_tim.o [1]
HAL_TIM_ConfigClockSource
                        0x08006f45   0xa8  Code  Gb  stm32l1xx_hal_tim.o [1]
HAL_TIM_IC_CaptureCallback
                        0x08007017    0x2  Code  Wk  stm32l1xx_hal_tim.o [1]
HAL_TIM_IRQHandler      0x08006d61  0x112  Code  Gb  stm32l1xx_hal_tim.o [1]
HAL_TIM_MspPostInit     0x08004b95   0x2e  Code  Gb  stm32l1xx_hal_msp.o [1]
HAL_TIM_OC_DelayElapsedCallback
                        0x08004f6b    0x2  Code  Gb  main.o [1]
HAL_TIM_PWM_ConfigChannel
                        0x08006e73   0xb8  Code  Gb  stm32l1xx_hal_tim.o [1]
HAL_TIM_PWM_Init        0x08006ca9   0x1a  Code  Gb  stm32l1xx_hal_tim.o [1]
HAL_TIM_PWM_MspInit     0x08006ccb    0x2  Code  Wk  stm32l1xx_hal_tim.o [1]
HAL_TIM_PWM_PulseFinishedCallback
                        0x08004f69    0x2  Code  Gb  main.o [1]
HAL_TIM_PWM_Start       0x08006ccd    0x8  Code  Gb  stm32l1xx_hal_tim.o [1]
HAL_TIM_PWM_Stop        0x08006cd5    0x8  Code  Gb  stm32l1xx_hal_tim.o [1]
HAL_TIM_PeriodElapsedCallback
                        0x0800502f    0xe  Code  Gb  main.o [1]
HAL_TIM_TriggerCallback
                        0x08007019    0x2  Code  Wk  stm32l1xx_hal_tim.o [1]
HAL_UART_ErrorCallback  0x08004677    0x2  Code  Wk  stm32l1xx_hal_uart.o [1]
HAL_UART_IRQHandler     0x0800456d  0x108  Code  Gb  stm32l1xx_hal_uart.o [1]
HAL_UART_Init           0x080043d9   0x26  Code  Gb  stm32l1xx_hal_uart.o [1]
HAL_UART_MspInit        0x08004bc3   0x64  Code  Gb  stm32l1xx_hal_msp.o [1]
HAL_UART_Receive_IT     0x08004505   0x62  Code  Gb  stm32l1xx_hal_uart.o [1]
HAL_UART_RxCpltCallback
                        0x0800503d   0x36  Code  Gb  main.o [1]
HAL_UART_Transmit       0x0800444b   0x90  Code  Gb  stm32l1xx_hal_uart.o [1]
HAL_UART_TxCpltCallback
                        0x08004675    0x2  Code  Wk  stm32l1xx_hal_uart.o [1]
HEAP$$Base              0x20000d98          --   Gb  - Linker created -
HEAP$$Limit             0x20000f98          --   Gb  - Linker created -
HardFault_Handler       0x08008853    0x2  Code  Gb  stm32l1xx_it.o [1]
InStream_Read           0x08008729   0x22  Code  Lc  packbits_init.o [5]
LoadInt                 0x08001cad   0x6e  Code  Lc  xprintffull.o [3]
MemManage_Handler       0x08008855    0x2  Code  Gb  stm32l1xx_it.o [1]
NMI_Handler             0x08008851    0x2  Code  Gb  stm32l1xx_it.o [1]
NVIC_SetPriority        0x0800652d   0x1a  Code  Lc  stm32l1xx_hal_cortex.o [1]
PendSV_Handler          0x0800885f    0x2  Code  Gb  stm32l1xx_it.o [1]
RCC_SetFlashLatencyFromMSIRange
                        0x080056dd   0x6c  Code  Lc  stm32l1xx_hal_rcc.o [1]
Region$$Table$$Base     0x08008900          --   Gb  - Linker created -
Region$$Table$$Limit    0x0800892c          --   Gb  - Linker created -
SVC_Handler             0x0800885b    0x2  Code  Gb  stm32l1xx_it.o [1]
SysTick_Handler         0x08008861    0xe  Code  Gb  stm32l1xx_it.o [1]
SystemClock_Config      0x08005073   0x92  Code  Gb  main.o [1]
SystemCoreClock         0x200003c0    0x4  Data  Gb  system_stm32l1xx.o [1]
SystemInit              0x080087f9   0x38  Code  Gb  system_stm32l1xx.o [1]
TIM2_IRQHandler         0x0800886f    0x6  Code  Gb  stm32l1xx_it.o [1]
TIM4_IRQHandler         0x08008881    0x6  Code  Gb  stm32l1xx_it.o [1]
TIM_Base_SetConfig      0x0800701b   0x60  Code  Lc  stm32l1xx_hal_tim.o [1]
TIM_CCxChannelCmd       0x080071bb   0x18  Code  Lc  stm32l1xx_hal_tim.o [1]
TIM_ETR_SetConfig       0x080071a7   0x14  Code  Lc  stm32l1xx_hal_tim.o [1]
TIM_ITRx_SetConfig      0x08007197   0x10  Code  Lc  stm32l1xx_hal_tim.o [1]
TIM_OC1_SetConfig       0x0800707b   0x20  Code  Lc  stm32l1xx_hal_tim.o [1]
TIM_OC2_SetConfig       0x0800709b   0x22  Code  Lc  stm32l1xx_hal_tim.o [1]
TIM_OC3_SetConfig       0x080070c9   0x22  Code  Lc  stm32l1xx_hal_tim.o [1]
TIM_OC4_SetConfig       0x080070f7   0x22  Code  Lc  stm32l1xx_hal_tim.o [1]
TIM_TI1_ConfigInputStage
                        0x08007151   0x22  Code  Lc  stm32l1xx_hal_tim.o [1]
TIM_TI2_ConfigInputStage
                        0x08007173   0x24  Code  Lc  stm32l1xx_hal_tim.o [1]
UART_Receive_IT         0x08004713   0xa0  Code  Lc  stm32l1xx_hal_uart.o [1]
UART_SetConfig          0x080047b3  0x130  Code  Lc  stm32l1xx_hal_uart.o [1]
UART_WaitOnFlagUntilTimeout
                        0x08004679   0x8a  Code  Lc  stm32l1xx_hal_uart.o [1]
USART1_IRQHandler       0x08008875    0x6  Code  Gb  stm32l1xx_it.o [1]
USART2_IRQHandler       0x0800887b    0x6  Code  Gb  stm32l1xx_it.o [1]
UsageFault_Handler      0x08008859    0x2  Code  Gb  stm32l1xx_it.o [1]
_EncodingSb_Mbtowc      0x08003293   0x30  Code  Gb  xencoding_sb.o [3]
_EncodingSb_Wctomb      0x08003279   0x1a  Code  Gb  xencoding_sb.o [3]
_GenldFull              0x08002537  0x24c  Code  Lc  xprintffull.o [3]
_GetN                   0x080057c1   0x22  Code  Lc  xscanffull.o [3]
_GetfldFull             0x080059e5  0x102  Code  Lc  xscanffull.o [3]
_GetfloatFull           0x08005f89  0x4da  Code  Lc  xscanffull.o [3]
_GetintFull             0x08005d9b  0x1e8  Code  Lc  xscanffull.o [3]
_GetstrFull             0x08005ae9  0x2ac  Code  Lc  xscanffull.o [3]
_IsdstStr               0x20000348    0x4  Data  Gb  setlocale.o [3]
_LdtobFull              0x08002135  0x3fc  Code  Lc  xprintffull.o [3]
_LitobFull              0x0800202d  0x106  Code  Lc  xprintffull.o [3]
_LocaleC_isalpha        0x080079c9   0x16  Code  Gb  xlocale_c.o [3]
_LocaleC_isspace        0x080079df   0x14  Code  Gb  xlocale_c.o [3]
_LocaleC_tolower        0x08008109    0xc  Code  Gb  xlocale_c.o [3]
_LocaleEncoding         0x08003267    0xe  Code  Gb  setlocale.o [3]
_LocaleForCat           0x08003255   0x12  Code  Gb  setlocale.o [3]
_LocaleReturnString     0x20000368   0x50  Data  Lc  setlocale.o [3]
_Locale_Profile         0x2000034c   0x1c  Data  Gb  setlocale.o [3]
_Locale_aeabi_lconv     0x2000030c   0x38  Data  Gb  localeconv.o [3]
_Locale_lconv           0x200002bc   0x50  Data  Gb  localeconv.o [3]
_Mbtowc                 0x080027cb   0x20  Code  Gb  xmbtowc.o [3]
_PrintfFull             0x08001679  0x61e  Code  Gb  xprintffull.o [3]
_PutcharsFull           0x08002783   0x2e  Code  Lc  xprintffull.o [3]
_PutstrFull             0x08001d1b  0x30c  Code  Lc  xprintffull.o [3]
_SProut                 0x080027eb    0xa  Code  Gb  xsprout.o [3]
_SScin                  0x0800161b   0x1e  Code  Gb  xsscin.o [3]
_ScanfFull              0x080057fd  0x1e2  Code  Gb  xscanffull.o [3]
_Stoflt                 0x08007b39  0x1b8  Code  Gb  xstoflt.o [3]
_Stopfx                 0x08007a15  0x124  Code  Gb  xstopfx.o [3]
_Stoxflt                0x08007ef1  0x1e2  Code  Gb  xstoxflt.o [3]
_TzoneStr               0x20000344    0x4  Data  Gb  setlocale.o [3]
_UngetN                 0x080057e3   0x1a  Code  Lc  xscanffull.o [3]
_Wctomb                 0x080028a7   0x1a  Code  Gb  xwctomb.o [3]
__aeabi_cdcmpeq         0x08008115         Code  Gb  DblCmpEq.o [4]
__aeabi_cdcmple         0x08002a69         Code  Gb  DblCmpLe.o [4]
__aeabi_cdrcmple        0x08002a99         Code  Gb  DblCmpGe.o [4]
__aeabi_d2f             0x08007819         Code  Gb  DblToFlt.o [4]
__aeabi_d2iz            0x08002bd5         Code  Gb  DblToI32.o [4]
__aeabi_d2uiz           0x08002c01         Code  Gb  DblToI32.o [4]
__aeabi_dadd            0x080032dd         Code  Gb  DblAdd.o [4]
__aeabi_ddiv            0x08002f81         Code  Gb  DblDiv.o [4]
__aeabi_dmul            0x08002ddd         Code  Gb  DblMul.o [4]
__aeabi_dsub            0x08002c5d         Code  Gb  DblSub.o [4]
__aeabi_errno_addr      0x080079f5    0x6  Code  Gb  errno.o [3]
__aeabi_f2uiz           0x080079a5         Code  Gb  FltToU32.o [4]
__aeabi_fdiv            0x080078a9         Code  Gb  FltDiv.o [4]
__aeabi_i2d             0x08002c2d         Code  Gb  I32ToDbl.o [4]
__aeabi_ldiv0           0x080032d9         Code  Gb  I64DivZer.o [5]
__aeabi_memclr          0x08004969         Code  Gb  ABImemclr.o [5]
__aeabi_memclr4         0x08004925         Code  Gb  ABImemclr4.o [5]
__aeabi_ui2d            0x08002c41         Code  Gb  I32ToDbl.o [4]
__aeabi_uldivmod        0x08002939         Code  Gb  I64DivMod.o [5]
__cmain                 0x0800892d         Code  Gb  cmain.o [5]
__data_GetMemChunk      0x08001639   0x2c  Code  Gb  xgetmemchunk.o [3]
__exit                  0x08001665   0x14  Code  Gb  exit.o [6]
__iar_Dnorm             0x08002a27   0x42  Code  Gb  xdnorm.o [4]
__iar_Dscale            0x08002ac9  0x10c  Code  Gb  xdscale.o [4]
__iar_Dtentox           0x08007d43  0x14c  Code  Gb  xdtento.o [4]
__iar_Dunscale          0x08008135   0x52  Code  Gb  xdunscal.o [4]
__iar_Errno             0x200003c4    0x4  Data  Gb  errno.o [3]
__iar_Locale_lconv_init
                        0x080031d9   0x3a  Code  Gb  localeconv.o [3]
__iar_Mbcurmax          0x0800289d    0xa  Code  Gb  xmbcurmax.o [3]
__iar_Memchr            0x08002845         Code  Gb  memchr.o [5]
__iar_Memset4_word      0x0800578d         Code  Gb  ABImemset48.o [5]
__iar_Memset8_word      0x0800578d         Code  Gb  ABImemset48.o [5]
__iar_Memset_word       0x08006489         Code  Gb  ABImemset.o [5]
__iar_Stold             0x08007815    0x4  Code  Gb  xstold.o [4]
__iar_Stoldx            0x080076cd  0x13a  Code  Gb  xstold.o [4]
__iar_Stoll             0x08007519    0x4  Code  Gb  xstoll.o [3]
__iar_Stollx            0x08007479   0xa0  Code  Gb  xstoll.o [3]
__iar_Stoull            0x08007679    0x4  Code  Gb  xstoull.o [3]
__iar_Stoullx           0x0800751d  0x156  Code  Gb  xstoull.o [3]
__iar_Strchr            0x080027f5         Code  Gb  strchr.o [5]
__iar_Wctob             0x08007411   0x36  Code  Gb  xwctob.o [3]
__iar_d2uiz             0x08002c0d         Code  Gb  DblToI32.o [4]
__iar_dadd              0x080032f1         Code  Gb  DblAdd.o [4]
__iar_data_init3        0x080088d9   0x28  Code  Gb  data_init.o [5]
__iar_dlfree            0x080010fb  0x510  Code  Gb  dlmalloc.o [3]
__iar_dlib_perthread_access
                        0x080033c5    0x2  Code  Gb  xtls.o [3]
__iar_dlmalloc          0x08000e45  0x2aa  Code  Gb  dlmalloc.o [3]
__iar_dsub              0x08002c71         Code  Gb  DblSub.o [4]
__iar_dsubStart         0x08002c83         Code  Gb  DblSub.o [4]
__iar_packbits_init3    0x0800874b   0xae  Code  Gb  packbits_init.o [5]
__iar_program_start     0x0800896d         Code  Gb  cstartup_M.o [5]
__iar_ui2d              0x08002c45         Code  Gb  I32ToDbl.o [4]
__iar_unaligned___aeabi_memcpy
                        0x080028c1         Code  Gb  ABImemcpy_unaligned.o [5]
__iar_unaligned___aeabi_memcpy4
                        0x080028e1         Code  Gb  ABImemcpy_unaligned.o [5]
__iar_unaligned___aeabi_memcpy8
                        0x080028e1         Code  Gb  ABImemcpy_unaligned.o [5]
__iar_unaligned_strcmp  0x08004a45         Code  Gb  strcmp_unaligned.o [5]
__iar_unaligned_strcpy  0x080064e9         Code  Gb  strcpy_unaligned.o [5]
__iar_vla_alloc2        0x08004951   0x12  Code  Gb  vla_alloc.o [3]
__iar_vla_dealloc2      0x08004963    0x4  Code  Gb  vla_alloc.o [3]
__iar_zero_init3        0x08008899   0x40  Code  Gb  zero_init3.o [5]
__low_level_init        0x08008947    0x4  Code  Gb  low_level_init.o [3]
__vector_table          0x08000000         Data  Gb  startup_stm32l152xc.o [1]
_call_main              0x08008939         Code  Gb  cmain.o [5]
_exit                   0x08008951         Code  Gb  cexit.o [5]
_gm_                    0x200003c8  0x1d8  Data  Lc  dlmalloc.o [3]
_main                   0x08008943         Code  Gb  cmain.o [5]
aPLLDivisionFactorTable
                        0x0800577c    0x4  Data  Gb  stm32l1xx_hal_rcc.o [1]
aPLLMULFactorTable      0x08005780    0xc  Data  Gb  stm32l1xx_hal_rcc.o [1]
abort                   0x08001615    0x6  Code  Gb  abort.o [3]
autoModeOffHandler      0x08003811   0x1c  Code  Lc  stm32fxxx_hal_BTDevice.o [1]
autoModeOnHandler       0x0800380f    0x2  Code  Lc  stm32fxxx_hal_BTDevice.o [1]
autoModeStatus          0x20000004    0x1  Data  Lc  stm32fxxx_hal_BTDevice.o [1]
commandArray            0x2000007c  0x1c0  Data  Gb  stm32fxxx_hal_BTDevice.o [1]
commandFunctionArray    0x20000010   0x38  Data  Gb  stm32fxxx_hal_BTDevice.o [1]
dataSentCallback        0x20000070    0x4  Data  Lc  stm32fxxx_hal_BTDevice.o [1]
deviceCommandReceivedCallback
                        0x08004fad   0x1a  Code  Lc  main.o [1]
deviceCommandReceivedFlag
                        0x200005a2    0x1  Data  Lc  main.o [1]
deviceCommandReceivedHandler
                        0x20000054    0x4  Data  Gb  stm32fxxx_hal_BTDevice.o [1]
deviceHuart             0x20000048    0x4  Data  Lc  stm32fxxx_hal_BTDevice.o [1]
deviceStatusHandler     0x0800387b   0x4e  Code  Lc  stm32fxxx_hal_BTDevice.o [1]
deviceUartCallback      0x08003ac5  0x11a  Code  Gb  stm32fxxx_hal_BTDevice.o [1]
deviceUartCallbackFlag  0x20000009    0x1  Data  Lc  stm32fxxx_hal_BTDevice.o [1]
digits                  0x0800767c   0x28  Data  Lc  xstoull.o [3]
displayMenu             0x080033c9   0x34  Code  Lc  stm32fxxx_hal_BTDevice.o [1]
div                     0x08003245    0xe  Code  Gb  div.o [3]
dmul                    0x08007cf1   0x52  Code  Lc  xdtento.o [4]
doTheLEDPlay            0x08004fc9   0x54  Code  Lc  main.o [1]
exit                    0x0800894b    0x4  Code  Gb  exit.o [3]
flushSensorDataFlag     0x20000005    0x1  Data  Lc  stm32fxxx_hal_BTDevice.o [1]
flushSensorDataHandler  0x0800382d   0x14  Code  Lc  stm32fxxx_hal_BTDevice.o [1]
getAutoModeStatusHandler
                        0x08003857   0x1c  Code  Lc  stm32fxxx_hal_BTDevice.o [1]
getDataFromUser         0x080035f1   0x80  Code  Lc  stm32fxxx_hal_BTDevice.o [1]
getNetworkStatusHandler
                        0x08003a07   0x1c  Code  Lc  stm32fxxx_hal_BTDevice.o [1]
getSensorData           0x08004f6d   0x40  Code  Lc  main.o [1]
getSensorData           0x2000006c    0x4  Data  Lc  stm32fxxx_hal_BTDevice.o [1]
getSensorValueHandler   0x080038fb   0x24  Code  Lc  stm32fxxx_hal_BTDevice.o [1]
getTimerPeriodHandler   0x08003a23   0x1c  Code  Lc  stm32fxxx_hal_BTDevice.o [1]
hadc                    0x20000920   0x54  Data  Gb  main.o [1]
htim2                   0x200008b0   0x38  Data  Gb  main.o [1]
htim4                   0x200008e8   0x38  Data  Gb  main.o [1]
huart1                  0x20000830   0x40  Data  Gb  main.o [1]
huart2                  0x20000870   0x40  Data  Gb  main.o [1]
husart1RxBuffer         0x200005a1    0x1  Data  Gb  main.o [1]
husart2RxBuffer         0x20000624    0x1  Data  Gb  main.o [1]
init_mparams            0x0800013f   0x32  Code  Lc  dlmalloc.o [3]
init_top                0x08000171   0x34  Code  Lc  dlmalloc.o [3]
isalpha                 0x08007451   0x14  Code  Gb  isxxx.o [3]
isspace                 0x08007465   0x14  Code  Gb  isxxx.o [3]
lastCommandTick         0x2000082c    0x4  Data  Lc  stm32fxxx_hal_BTDevice.o [1]
lastInterruptTick       0x20000074    0x4  Data  Lc  stm32fxxx_hal_BTDevice.o [1]
localDataBuffer         0x20000628  0x100  Data  Lc  main.o [1]
localDataLength         0x20000994    0x2  Data  Lc  main.o [1]
localDeviceUartRxBuffer
                        0x20000068    0x4  Data  Lc  stm32fxxx_hal_BTDevice.o [1]
localeconv              0x08003213   0x16  Code  Gb  localeconv.o [3]
main                    0x08004c6d  0x2e8  Code  Gb  main.o [1]
memchr                  0x08002845         Code  Gb  memchr.o [5]
menuHandler             0x0800380d    0x2  Code  Lc  stm32fxxx_hal_BTDevice.o [1]
mparams                 0x20000974   0x18  Data  Lc  dlmalloc.o [3]
ndigs                   0x080076a4   0x28  Data  Lc  xstoull.o [3]
networkJoinHandler      0x0800395d   0x2e  Code  Lc  stm32fxxx_hal_BTDevice.o [1]
networkJoinStatus       0x20000006    0x1  Data  Lc  stm32fxxx_hal_BTDevice.o [1]
periodCounter           0x2000004c    0x4  Data  Lc  stm32fxxx_hal_BTDevice.o [1]
pows                    0x08007ea8   0x48  Data  Lc  xdtento.o [4]
prepend_alloc           0x080001a5  0x36c  Code  Lc  dlmalloc.o [3]
rcvDataLength           0x2000082a    0x2  Data  Lc  stm32fxxx_hal_BTDevice.o [1]
readInputBuffer         0x08003c21   0x98  Code  Gb  stm32fxxx_hal_BTDevice.o [1]
resetInputBuffer        0x0800501d   0x12  Code  Lc  main.o [1]
resetInputBufferHandler
                        0x20000050    0x4  Data  Gb  stm32fxxx_hal_BTDevice.o [1]
rfSignalCheckCopy       0x20000000    0x4  Data  Lc  stm32fxxx_hal_BTDevice.o [1]
rfSignalCheckHandler    0x08003929   0x2e  Code  Lc  stm32fxxx_hal_BTDevice.o [1]
rxDeviceBuffer          0x20000728  0x100  Data  Lc  stm32fxxx_hal_BTDevice.o [1]
rxDeviceState           0x20000828    0x1  Data  Lc  stm32fxxx_hal_BTDevice.o [1]
rxITBuffer              0x200005a4   0x80  Data  Gb  main.o [1]
rxITIndex               0x200005a0    0x1  Data  Gb  main.o [1]
savedDataBuffer         0x20000064    0x4  Data  Lc  stm32fxxx_hal_BTDevice.o [1]
segment_holding         0x08000125   0x1a  Code  Lc  dlmalloc.o [3]
sendDataHandler         0x080038d5   0x26  Code  Lc  stm32fxxx_hal_BTDevice.o [1]
sendDataToDevice        0x080036a9   0xba  Code  Lc  stm32fxxx_hal_BTDevice.o [1]
sendSampleDataHandler   0x080039a1   0x66  Code  Lc  stm32fxxx_hal_BTDevice.o [1]
sensorDataMaxLength     0x2000000c    0x2  Data  Lc  stm32fxxx_hal_BTDevice.o [1]
setTimerPeriod          0x08003763   0x64  Code  Lc  stm32fxxx_hal_BTDevice.o [1]
setTimerPeriodHandler   0x08003a3f    0x2  Code  Lc  stm32fxxx_hal_BTDevice.o [1]
setUserUartInCommandMode
                        0x08003589   0x28  Code  Lc  stm32fxxx_hal_BTDevice.o [1]
setUserUartInTimerSettingsMode
                        0x08003469   0x36  Code  Lc  stm32fxxx_hal_BTDevice.o [1]
sprintf                 0x08004971   0x34  Code  Gb  sprintf.o [3]
sscanf                  0x0800492d   0x24  Code  Gb  sscanf.o [3]
startAutoMode           0x080037c7   0x3a  Code  Lc  stm32fxxx_hal_BTDevice.o [1]
strcat                  0x080049a5   0x1c  Code  Gb  strcat.o [3]
strchr                  0x080027f5         Code  Gb  strchr.o [5]
strdup                  0x080049c1   0x18  Code  Gb  strdup.o [3]
strlen                  0x0800280d         Code  Gb  strlen.o [5]
sys_alloc               0x08000511  0x386  Code  Lc  dlmalloc.o [3]
timerCallbackFlag       0x2000000a    0x1  Data  Lc  stm32fxxx_hal_BTDevice.o [1]
timerPeriod             0x20000058    0x4  Data  Lc  stm32fxxx_hal_BTDevice.o [1]
timerReadyToSend        0x08003cf5   0x2c  Code  Gb  stm32fxxx_hal_BTDevice.o [1]
tmalloc_large           0x080008a5  0x390  Code  Lc  dlmalloc.o [3]
tmalloc_small           0x08000c35  0x210  Code  Lc  dlmalloc.o [3]
tolower                 0x08007a01   0x14  Code  Gb  tolower.o [3]
tone                    0x080072bd   0x28  Code  Lc  buzzer.o [1]
userHuart               0x20000060    0x4  Data  Lc  stm32fxxx_hal_BTDevice.o [1]
userInputBuffer         0x2000005c    0x4  Data  Lc  stm32fxxx_hal_BTDevice.o [1]
userUartCallbackFlag    0x20000008    0x1  Data  Lc  stm32fxxx_hal_BTDevice.o [1]
userUartMode            0x20000007    0x1  Data  Lc  stm32fxxx_hal_BTDevice.o [1]
uwTick                  0x2000098c    0x4  Data  Lc  stm32l1xx_hal.o [1]


[1] = Z:\home\cynako\Workspaces\openstm32\BluTechDevice_stm32l152\EWARM\BluTechDevice_stm32l152\Obj
[2] = command line
[3] = dl7M_tlf.a
[4] = m7M_tl.a
[5] = rt7M_tl.a
[6] = shb_l.a

  33 902 bytes of readonly  code memory
   1 829 bytes of readonly  data memory
   3 990 bytes of readwrite data memory

Errors: none
Warnings: none
