20:10:07 **** Incremental Build of configuration Debug for project BluTechDevice_stm32f407_reedSwitch ****
make all 
Building file: /home/cynako/git/CynaCons/stm32_BluTechDevice/Projects/BluTechDevice_stm32f407_reedSwitch/Drivers/CMSIS/Device/ST/STM32F4xx/Source/Templates/gcc/startup_stm32f407xx.s
Invoking: MCU GCC Assembler
/home/cynako/git/CynaCons/stm32_BluTechDevice/Projects/BluTechDevice_stm32f407_reedSwitch/SW4STM32/BluTechDevice_stm32f407_reedSwitch/Debug
arm-none-eabi-as -mcpu=cortex-m4 -mthumb -mfloat-abi=hard -mfpu=fpv4-sp-d16 -g -o "Application/SW4STM32/startup_stm32f407xx.o" "/home/cynako/git/CynaCons/stm32_BluTechDevice/Projects/BluTechDevice_stm32f407_reedSwitch/Drivers/CMSIS/Device/ST/STM32F4xx/Source/Templates/gcc/startup_stm32f407xx.s"
Finished building: /home/cynako/git/CynaCons/stm32_BluTechDevice/Projects/BluTechDevice_stm32f407_reedSwitch/Drivers/CMSIS/Device/ST/STM32F4xx/Source/Templates/gcc/startup_stm32f407xx.s
 
Building target: BluTechDevice_stm32f407_reedSwitch.elf
Invoking: MCU GCC Linker
arm-none-eabi-gcc -mcpu=cortex-m4 -mthumb -mfloat-abi=hard -mfpu=fpv4-sp-d16 -specs=nosys.specs -specs=nano.specs -T"../STM32F407VGTx_FLASH.ld" -Wl,-Map=output.map -Wl,--gc-sections -lm -o "BluTechDevice_stm32f407_reedSwitch.elf" @"objects.list"  
Finished building target: BluTechDevice_stm32f407_reedSwitch.elf
 
make --no-print-directory post-build
Generating binary and Printing size information:
arm-none-eabi-objcopy -O binary "BluTechDevice_stm32f407_reedSwitch.elf" "BluTechDevice_stm32f407_reedSwitch.bin"
arm-none-eabi-size "BluTechDevice_stm32f407_reedSwitch.elf"
   text	   data	    bss	    dec	    hex	filename
  21108	    656	   2600	  24364	   5f2c	BluTechDevice_stm32f407_reedSwitch.elf
 

20:10:07 Build Finished (took 470ms)

